Archive member included to satisfy reference by file (symbol)

c:/program files (x86)/atmel/studio/7.0/toolchain/arm/arm-gnu-toolchain/bin/../lib/gcc/arm-none-eabi/6.2.1/../../../../arm-none-eabi/lib/thumb/v7e-m\libc.a(lib_a-exit.o)
                              c:/program files (x86)/atmel/studio/7.0/toolchain/arm/arm-gnu-toolchain/bin/../lib/gcc/arm-none-eabi/6.2.1/../../../../arm-none-eabi/lib/thumb/v7e-m/crt0.o (exit)
c:/program files (x86)/atmel/studio/7.0/toolchain/arm/arm-gnu-toolchain/bin/../lib/gcc/arm-none-eabi/6.2.1/../../../../arm-none-eabi/lib/thumb/v7e-m\libc.a(lib_a-impure.o)
                              c:/program files (x86)/atmel/studio/7.0/toolchain/arm/arm-gnu-toolchain/bin/../lib/gcc/arm-none-eabi/6.2.1/../../../../arm-none-eabi/lib/thumb/v7e-m\libc.a(lib_a-exit.o) (_global_impure_ptr)
c:/program files (x86)/atmel/studio/7.0/toolchain/arm/arm-gnu-toolchain/bin/../lib/gcc/arm-none-eabi/6.2.1/../../../../arm-none-eabi/lib/thumb/v7e-m\libc.a(lib_a-init.o)
                              c:/program files (x86)/atmel/studio/7.0/toolchain/arm/arm-gnu-toolchain/bin/../lib/gcc/arm-none-eabi/6.2.1/../../../../arm-none-eabi/lib/thumb/v7e-m/crt0.o (__libc_init_array)
c:/program files (x86)/atmel/studio/7.0/toolchain/arm/arm-gnu-toolchain/bin/../lib/gcc/arm-none-eabi/6.2.1/../../../../arm-none-eabi/lib/thumb/v7e-m\libc.a(lib_a-iprintf.o)
                              src/main.o (iprintf)
c:/program files (x86)/atmel/studio/7.0/toolchain/arm/arm-gnu-toolchain/bin/../lib/gcc/arm-none-eabi/6.2.1/../../../../arm-none-eabi/lib/thumb/v7e-m\libc.a(lib_a-memset.o)
                              c:/program files (x86)/atmel/studio/7.0/toolchain/arm/arm-gnu-toolchain/bin/../lib/gcc/arm-none-eabi/6.2.1/../../../../arm-none-eabi/lib/thumb/v7e-m/crt0.o (memset)
c:/program files (x86)/atmel/studio/7.0/toolchain/arm/arm-gnu-toolchain/bin/../lib/gcc/arm-none-eabi/6.2.1/../../../../arm-none-eabi/lib/thumb/v7e-m\libc.a(lib_a-puts.o)
                              src/main.o (puts)
c:/program files (x86)/atmel/studio/7.0/toolchain/arm/arm-gnu-toolchain/bin/../lib/gcc/arm-none-eabi/6.2.1/../../../../arm-none-eabi/lib/thumb/v7e-m\libc.a(lib_a-setbuf.o)
                              src/main.o (setbuf)
c:/program files (x86)/atmel/studio/7.0/toolchain/arm/arm-gnu-toolchain/bin/../lib/gcc/arm-none-eabi/6.2.1/../../../../arm-none-eabi/lib/thumb/v7e-m\libc.a(lib_a-setvbuf.o)
                              c:/program files (x86)/atmel/studio/7.0/toolchain/arm/arm-gnu-toolchain/bin/../lib/gcc/arm-none-eabi/6.2.1/../../../../arm-none-eabi/lib/thumb/v7e-m\libc.a(lib_a-setbuf.o) (setvbuf)
c:/program files (x86)/atmel/studio/7.0/toolchain/arm/arm-gnu-toolchain/bin/../lib/gcc/arm-none-eabi/6.2.1/../../../../arm-none-eabi/lib/thumb/v7e-m\libc.a(lib_a-strlen.o)
                              c:/program files (x86)/atmel/studio/7.0/toolchain/arm/arm-gnu-toolchain/bin/../lib/gcc/arm-none-eabi/6.2.1/../../../../arm-none-eabi/lib/thumb/v7e-m\libc.a(lib_a-puts.o) (strlen)
c:/program files (x86)/atmel/studio/7.0/toolchain/arm/arm-gnu-toolchain/bin/../lib/gcc/arm-none-eabi/6.2.1/../../../../arm-none-eabi/lib/thumb/v7e-m\libc.a(lib_a-vfiprintf.o)
                              c:/program files (x86)/atmel/studio/7.0/toolchain/arm/arm-gnu-toolchain/bin/../lib/gcc/arm-none-eabi/6.2.1/../../../../arm-none-eabi/lib/thumb/v7e-m\libc.a(lib_a-iprintf.o) (_vfiprintf_r)
c:/program files (x86)/atmel/studio/7.0/toolchain/arm/arm-gnu-toolchain/bin/../lib/gcc/arm-none-eabi/6.2.1/../../../../arm-none-eabi/lib/thumb/v7e-m\libc.a(lib_a-wsetup.o)
                              c:/program files (x86)/atmel/studio/7.0/toolchain/arm/arm-gnu-toolchain/bin/../lib/gcc/arm-none-eabi/6.2.1/../../../../arm-none-eabi/lib/thumb/v7e-m\libc.a(lib_a-vfiprintf.o) (__swsetup_r)
c:/program files (x86)/atmel/studio/7.0/toolchain/arm/arm-gnu-toolchain/bin/../lib/gcc/arm-none-eabi/6.2.1/../../../../arm-none-eabi/lib/thumb/v7e-m\libc.a(lib_a-__call_atexit.o)
                              c:/program files (x86)/atmel/studio/7.0/toolchain/arm/arm-gnu-toolchain/bin/../lib/gcc/arm-none-eabi/6.2.1/../../../../arm-none-eabi/lib/thumb/v7e-m\libc.a(lib_a-exit.o) (__call_exitprocs)
c:/program files (x86)/atmel/studio/7.0/toolchain/arm/arm-gnu-toolchain/bin/../lib/gcc/arm-none-eabi/6.2.1/../../../../arm-none-eabi/lib/thumb/v7e-m\libc.a(lib_a-atexit.o)
                              c:/program files (x86)/atmel/studio/7.0/toolchain/arm/arm-gnu-toolchain/bin/../lib/gcc/arm-none-eabi/6.2.1/../../../../arm-none-eabi/lib/thumb/v7e-m\libc.a(lib_a-__call_atexit.o) (atexit)
c:/program files (x86)/atmel/studio/7.0/toolchain/arm/arm-gnu-toolchain/bin/../lib/gcc/arm-none-eabi/6.2.1/../../../../arm-none-eabi/lib/thumb/v7e-m\libc.a(lib_a-fflush.o)
                              c:/program files (x86)/atmel/studio/7.0/toolchain/arm/arm-gnu-toolchain/bin/../lib/gcc/arm-none-eabi/6.2.1/../../../../arm-none-eabi/lib/thumb/v7e-m\libc.a(lib_a-setvbuf.o) (_fflush_r)
[...]
Memory Configuration

Name             Origin             Length             Attributes
rom              0x00400000         0x00200000         xr
ram              0x20400000         0x00060000         xrw
*default*        0x00000000         0xffffffff

Linker script and memory map

LOAD c:/program files (x86)/atmel/studio/7.0/toolchain/arm/arm-gnu-toolchain/bin/../lib/gcc/arm-none-eabi/6.2.1/thumb/v7e-m/crti.o
LOAD c:/program files (x86)/atmel/studio/7.0/toolchain/arm/arm-gnu-toolchain/bin/../lib/gcc/arm-none-eabi/6.2.1/thumb/v7e-m/crtbegin.o
LOAD c:/program files (x86)/atmel/studio/7.0/toolchain/arm/arm-gnu-toolchain/bin/../lib/gcc/arm-none-eabi/6.2.1/../../../../arm-none-eabi/lib/thumb/v7e-m/crt0.o
LOAD src/ASF/common/services/clock/same70/sysclk.o
LOAD src/ASF/common/services/serial/usart_serial.o
LOAD src/ASF/common/utils/interrupt/interrupt_sam_nvic.o
LOAD src/ASF/common/utils/stdio/read.o
LOAD src/ASF/common/utils/stdio/write.o
LOAD src/ASF/sam/boards/same70_xplained/init.o
LOAD src/ASF/sam/drivers/matrix/matrix.o
LOAD src/ASF/sam/drivers/mpu/mpu.o
LOAD src/ASF/sam/drivers/pio/pio.o
LOAD src/ASF/sam/drivers/pio/pio_handler.o
LOAD src/ASF/sam/drivers/pmc/pmc.o
LOAD src/ASF/sam/drivers/pmc/sleep.o
LOAD src/ASF/sam/drivers/tc/tc.o
LOAD src/ASF/sam/drivers/uart/uart.o
LOAD src/ASF/sam/drivers/usart/usart.o
LOAD src/ASF/sam/utils/cmsis/same70/source/templates/gcc/startup_same70.o
LOAD src/ASF/sam/utils/cmsis/same70/source/templates/system_same70.o
LOAD src/ASF/sam/utils/syscalls/gcc/syscalls.o
LOAD src/main.o
START GROUP
LOAD ../src/ASF/thirdparty/CMSIS/Lib/GCC\libarm_cortexM7lfsp_math_softfp.a
LOAD c:/program files (x86)/atmel/studio/7.0/toolchain/arm/arm-gnu-toolchain/bin/../lib/gcc/arm-none-eabi/6.2.1/../../../../arm-none-eabi/lib/thumb/v7e-m\libm.a
END GROUP
START GROUP
LOAD c:/program files (x86)/atmel/studio/7.0/toolchain/arm/arm-gnu-toolchain/bin/../lib/gcc/arm-none-eabi/6.2.1/thumb/v7e-m\libgcc.a
LOAD c:/program files (x86)/atmel/studio/7.0/toolchain/arm/arm-gnu-toolchain/bin/../lib/gcc/arm-none-eabi/6.2.1/../../../../arm-none-eabi/lib/thumb/v7e-m\libc.a
END GROUP
LOAD c:/program files (x86)/atmel/studio/7.0/toolchain/arm/arm-gnu-toolchain/bin/../lib/gcc/arm-none-eabi/6.2.1/thumb/v7e-m/crtend.o
LOAD c:/program files (x86)/atmel/studio/7.0/toolchain/arm/arm-gnu-toolchain/bin/../lib/gcc/arm-none-eabi/6.2.1/thumb/v7e-m/crtn.o
                0x00002000                STACK_SIZE = DEFINED (STACK_SIZE)?STACK_SIZE:0x2000
                0x2045fffc                __ram_end__ = ((ORIGIN (ram) + LENGTH (ram)) - 0x4)
                0x00000200                HEAP_SIZE = DEFINED (HEAP_SIZE)?HEAP_SIZE:0x200

.text           0x00400000     0x4010
                0x00400000                . = ALIGN (0x4)
                0x00400000                _sfixed = .
 *(.vectors .vectors.*)
 .vectors       0x00400000      0x140 src/ASF/sam/utils/cmsis/same70/source/templates/gcc/startup_same70.o
                0x00400000                exception_table
 *(.text .text.* .gnu.linkonce.t.*)
 .text          0x00400140       0x6c c:/program files (x86)/atmel/studio/7.0/toolchain/arm/arm-gnu-toolchain/bin/../lib/gcc/arm-none-eabi/6.2.1/thumb/v7e-m/crtbegin.o
 .text.sysclk_init
                0x004001ac       0x70 src/ASF/common/services/clock/same70/sysclk.o
                0x004001ac                sysclk_init
 .text._read    0x0040021c       0x3c src/ASF/common/utils/stdio/read.o
                0x0040021c                _read
 .text._write   0x00400258       0x50 src/ASF/common/utils/stdio/write.o
                0x00400258                _write
 .text.board_init
                0x004002a8      0x198 src/ASF/sam/boards/same70_xplained/init.o
                0x004002a8                board_init
 .text.pio_set_debounce_filter
                0x00400440       0x1a src/ASF/sam/drivers/pio/pio.o
                0x00400440                pio_set_debounce_filter
 .text.pio_configure_interrupt
                0x0040045a       0x32 src/ASF/sam/drivers/pio/pio.o
                0x0040045a                pio_configure_interrupt
 .text.pio_enable_interrupt
                0x0040048c        0x4 src/ASF/sam/drivers/pio/pio.o
                0x0040048c                pio_enable_interrupt
 .text.pio_disable_interrupt
                0x00400490        0x4 src/ASF/sam/drivers/pio/pio.o
                0x00400490                pio_disable_interrupt
 .text.pio_get_interrupt_status
                0x00400494        0x4 src/ASF/sam/drivers/pio/pio.o
                0x00400494                pio_get_interrupt_status
 .text.pio_get_interrupt_mask
                0x00400498        0x4 src/ASF/sam/drivers/pio/pio.o
                0x00400498                pio_get_interrupt_mask
 .text.pio_handler_process
                0x0040049c       0x50 src/ASF/sam/drivers/pio/pio_handler.o
                0x0040049c                pio_handler_process
 .text.pio_handler_set
                0x004004ec       0x70 src/ASF/sam/drivers/pio/pio_handler.o
                0x004004ec                pio_handler_set
 .text.PIOA_Handler
                0x0040055c       0x14 src/ASF/sam/drivers/pio/pio_handler.o
                0x0040055c                PIOA_Handler
 .text.PIOB_Handler
                0x00400570       0x14 src/ASF/sam/drivers/pio/pio_handler.o
                0x00400570                PIOB_Handler
 .text.PIOC_Handler
                0x00400584       0x14 src/ASF/sam/drivers/pio/pio_handler.o
                0x00400584                PIOC_Handler
 .text.PIOD_Handler
                0x00400598       0x14 src/ASF/sam/drivers/pio/pio_handler.o
                0x00400598                PIOD_Handler
 .text.PIOE_Handler
                0x004005ac       0x14 src/ASF/sam/drivers/pio/pio_handler.o
                0x004005ac                PIOE_Handler
 .text.pio_handler_set_priority
                0x004005c0       0x84 src/ASF/sam/drivers/pio/pio_handler.o
                0x004005c0                pio_handler_set_priority
 .text.pmc_mck_set_division
                0x00400644       0x38 src/ASF/sam/drivers/pmc/pmc.o
                0x00400644                pmc_mck_set_division
 .text.pmc_switch_mck_to_pllack
                0x0040067c       0x64 src/ASF/sam/drivers/pmc/pmc.o
                0x0040067c                pmc_switch_mck_to_pllack
 .text.pmc_switch_mainck_to_xtal
                0x004006e0       0x54 src/ASF/sam/drivers/pmc/pmc.o
                0x004006e0                pmc_switch_mainck_to_xtal
 .text.pmc_osc_is_ready_mainck
                0x00400734       0x10 src/ASF/sam/drivers/pmc/pmc.o
                0x00400734                pmc_osc_is_ready_mainck
 .text.pmc_disable_pllack
                0x00400744       0x10 src/ASF/sam/drivers/pmc/pmc.o
                0x00400744                pmc_disable_pllack
 .text.pmc_is_locked_pllack
                0x00400754       0x10 src/ASF/sam/drivers/pmc/pmc.o
                0x00400754                pmc_is_locked_pllack
 .text.pmc_enable_periph_clk
                0x00400764       0x54 src/ASF/sam/drivers/pmc/pmc.o
                0x00400764                pmc_enable_periph_clk
 .text.uart_write
                0x004007b8       0x12 src/ASF/sam/drivers/uart/uart.o
                0x004007b8                uart_write
 .text.uart_read
                0x004007ca       0x14 src/ASF/sam/drivers/uart/uart.o
                0x004007ca                uart_read
 .text.usart_set_async_baudrate
                0x004007de       0x5a src/ASF/sam/drivers/usart/usart.o
                0x004007de                usart_set_async_baudrate
 .text.usart_reset
                0x00400838       0x28 src/ASF/sam/drivers/usart/usart.o
                0x00400838                usart_reset
 .text.usart_init_rs232
                0x00400860       0x54 src/ASF/sam/drivers/usart/usart.o
                0x00400860                usart_init_rs232
 .text.usart_enable_tx
                0x004008b4        0x6 src/ASF/sam/drivers/usart/usart.o
                0x004008b4                usart_enable_tx
 .text.usart_enable_rx
                0x004008ba        0x6 src/ASF/sam/drivers/usart/usart.o
                0x004008ba                usart_enable_rx
 .text.usart_write
                0x004008c0       0x16 src/ASF/sam/drivers/usart/usart.o
                0x004008c0                usart_write
 .text.usart_read
                0x004008d6       0x18 src/ASF/sam/drivers/usart/usart.o
                0x004008d6                usart_read
 .text.Dummy_Handler
                0x004008ee        0x2 src/ASF/sam/utils/cmsis/same70/source/templates/gcc/startup_same70.o
                0x004008ee                DACC_Handler
                0x004008ee                DebugMon_Handler
                0x004008ee                UART3_Handler
                0x004008ee                UART2_Handler
                0x004008ee                TRNG_Handler
                0x004008ee                HardFault_Handler
                0x004008ee                TC2_Handler
                0x004008ee                AFEC1_Handler
                0x004008ee                PendSV_Handler
                0x004008ee                NMI_Handler
                0x004008ee                TC7_Handler
                0x004008ee                QSPI_Handler
                0x004008ee                ISI_Handler
                0x004008ee                TC9_Handler
                0x004008ee                RSWDT_Handler
                0x004008ee                MCAN1_Handler
                0x004008ee                USART0_Handler
                0x004008ee                RTT_Handler
                0x004008ee                USBHS_Handler
                0x004008ee                RTC_Handler
                0x004008ee                UsageFault_Handler
                0x004008ee                TC6_Handler
                0x004008ee                WDT_Handler
                0x004008ee                TC4_Handler
                0x004008ee                TC1_Handler
                0x004008ee                HSMCI_Handler
                0x004008ee                UART1_Handler
                0x004008ee                TC3_Handler
                0x004008ee                Dummy_Handler
                0x004008ee                TWIHS1_Handler
                0x004008ee                XDMAC_Handler
                0x004008ee                UART4_Handler
                0x004008ee                PWM1_Handler
                0x004008ee                USART1_Handler
                0x004008ee                PWM0_Handler
                0x004008ee                AFEC0_Handler
                0x004008ee                SSC_Handler
                0x004008ee                TC11_Handler
                0x004008ee                ACC_Handler
                0x004008ee                PMC_Handler
                0x004008ee                GMAC_Handler
                0x004008ee                MemManage_Handler
                0x004008ee                SUPC_Handler
                0x004008ee                SVC_Handler
                0x004008ee                TC8_Handler
                0x004008ee                EFC_Handler
                0x004008ee                USART2_Handler
                0x004008ee                SDRAMC_Handler
                0x004008ee                SPI1_Handler
                0x004008ee                MCAN0_Handler
                0x004008ee                TC10_Handler
                0x004008ee                TWIHS2_Handler
                0x004008ee                UART0_Handler
                0x004008ee                BusFault_Handler
                0x004008ee                RSTC_Handler
                0x004008ee                TC0_Handler
                0x004008ee                TC5_Handler
                0x004008ee                ICM_Handler
                0x004008ee                AES_Handler
                0x004008ee                TWIHS0_Handler
                0x004008ee                SPI0_Handler
 .text.Reset_Handler
                0x004008f0       0xc8 src/ASF/sam/utils/cmsis/same70/source/templates/gcc/startup_same70.o
                0x004008f0                Reset_Handler
 .text.SystemCoreClockUpdate
                0x004009b8      0x10c src/ASF/sam/utils/cmsis/same70/source/templates/system_same70.o
                0x004009b8                SystemCoreClockUpdate
 .text.system_init_flash
                0x00400ac4       0x8c src/ASF/sam/utils/cmsis/same70/source/templates/system_same70.o
                0x00400ac4                system_init_flash
 .text._sbrk    0x00400b50       0x38 src/ASF/sam/utils/syscalls/gcc/syscalls.o
                0x00400b50                _sbrk
 .text._close   0x00400b88        0x6 src/ASF/sam/utils/syscalls/gcc/syscalls.o
                0x00400b88                _close
 .text._fstat   0x00400b8e        0xa src/ASF/sam/utils/syscalls/gcc/syscalls.o
                0x00400b8e                _fstat
 .text._isatty  0x00400b98        0x4 src/ASF/sam/utils/syscalls/gcc/syscalls.o
                0x00400b98                _isatty
 .text._lseek   0x00400b9c        0x4 src/ASF/sam/utils/syscalls/gcc/syscalls.o
                0x00400b9c                _lseek
 .text.Button1_Handler
                0x00400ba0       0x3c src/main.o
 .text.usart_serial_getchar
                0x00400bdc       0xdc src/main.o
 .text.usart_serial_putchar
                0x00400cb8       0xd4 src/main.o
 .text.SysTick_Handler
                0x00400d8c       0x10 src/main.o
                0x00400d8c                SysTick_Handler
 .text.main     0x00400d9c      0x1ac src/main.o
                0x00400d9c                main
 .text.__libc_init_array
                0x00400f48       0x50 c:/program files (x86)/atmel/studio/7.0/toolchain/arm/arm-gnu-toolchain/bin/../lib/gcc/arm-none-eabi/6.2.1/../../../../arm-none-eabi/lib/thumb/v7e-m\libc.a(lib_a-init.o)
                0x00400f48                __libc_init_array
 .text.iprintf  0x00400f98       0x28 c:/program files (x86)/atmel/studio/7.0/toolchain/arm/arm-gnu-toolchain/bin/../lib/gcc/arm-none-eabi/6.2.1/../../../../arm-none-eabi/lib/thumb/v7e-m\libc.a(lib_a-iprintf.o)
                0x00400f98                iprintf
 .text.memset   0x00400fc0       0x9c c:/program files (x86)/atmel/studio/7.0/toolchain/arm/arm-gnu-toolchain/bin/../lib/gcc/arm-none-eabi/6.2.1/../../../../arm-none-eabi/lib/thumb/v7e-m\libc.a(lib_a-memset.o)
                0x00400fc0                memset
 .text._puts_r  0x0040105c       0x68 c:/program files (x86)/atmel/studio/7.0/toolchain/arm/arm-gnu-toolchain/bin/../lib/gcc/arm-none-eabi/6.2.1/../../../../arm-none-eabi/lib/thumb/v7e-m\libc.a(lib_a-puts.o)
                0x0040105c                _puts_r
 .text.puts     0x004010c4       0x10 c:/program files (x86)/atmel/studio/7.0/toolchain/arm/arm-gnu-toolchain/bin/../lib/gcc/arm-none-eabi/6.2.1/../../../../arm-none-eabi/lib/thumb/v7e-m\libc.a(lib_a-puts.o)
                0x004010c4                puts
 .text.setbuf   0x004010d4       0x10 c:/program files (x86)/atmel/studio/7.0/toolchain/arm/arm-gnu-toolchain/bin/../lib/gcc/arm-none-eabi/6.2.1/../../../../arm-none-eabi/lib/thumb/v7e-m\libc.a(lib_a-setbuf.o)
                0x004010d4                setbuf
 .text.setvbuf  0x004010e4      0x14c c:/program files (x86)/atmel/studio/7.0/toolchain/arm/arm-gnu-toolchain/bin/../lib/gcc/arm-none-eabi/6.2.1/../../../../arm-none-eabi/lib/thumb/v7e-m\libc.a(lib_a-setvbuf.o)
                0x004010e4                setvbuf
 *fill*         0x00401230       0x10 
 .text          0x00401240       0xdc c:/program files (x86)/atmel/studio/7.0/toolchain/arm/arm-gnu-toolchain/bin/../lib/gcc/arm-none-eabi/6.2.1/../../../../arm-none-eabi/lib/thumb/v7e-m\libc.a(lib_a-strlen.o)
                0x00401240                strlen
 .text.__sprint_r.part.0
                0x0040131c       0x80 c:/program files (x86)/atmel/studio/7.0/toolchain/arm/arm-gnu-toolchain/bin/../lib/gcc/arm-none-eabi/6.2.1/../../../../arm-none-eabi/lib/thumb/v7e-m\libc.a(lib_a-vfiprintf.o)
 .text._vfiprintf_r
                0x0040139c      0xc00 c:/program files (x86)/atmel/studio/7.0/toolchain/arm/arm-gnu-toolchain/bin/../lib/gcc/arm-none-eabi/6.2.1/../../../../arm-none-eabi/lib/thumb/v7e-m\libc.a(lib_a-vfiprintf.o)
                0x0040139c                _vfiprintf_r
 .text.__sbprintf
                0x00401f9c       0x6c c:/program files (x86)/atmel/studio/7.0/toolchain/arm/arm-gnu-toolchain/bin/../lib/gcc/arm-none-eabi/6.2.1/../../../../arm-none-eabi/lib/thumb/v7e-m\libc.a(lib_a-vfiprintf.o)
 .text.__swsetup_r
                0x00402008       0xc8 c:/program files (x86)/atmel/studio/7.0/toolchain/arm/arm-gnu-toolchain/bin/../lib/gcc/arm-none-eabi/6.2.1/../../../../arm-none-eabi/lib/thumb/v7e-m\libc.a(lib_a-wsetup.o)
                0x00402008                __swsetup_r
 .text.startup.register_fini
                0x004020d0       0x14 c:/program files (x86)/atmel/studio/7.0/toolchain/arm/arm-gnu-toolchain/bin/../lib/gcc/arm-none-eabi/6.2.1/../../../../arm-none-eabi/lib/thumb/v7e-m\libc.a(lib_a-__call_atexit.o)
 .text.atexit   0x004020e4        0xc c:/program files (x86)/atmel/studio/7.0/toolchain/arm/arm-gnu-toolchain/bin/../lib/gcc/arm-none-eabi/6.2.1/../../../../arm-none-eabi/lib/thumb/v7e-m\libc.a(lib_a-atexit.o)
                0x004020e4                atexit
 .text.__sflush_r
                0x004020f0      0x140 c:/program files (x86)/atmel/studio/7.0/toolchain/arm/arm-gnu-toolchain/bin/../lib/gcc/arm-none-eabi/6.2.1/../../../../arm-none-eabi/lib/thumb/v7e-m\libc.a(lib_a-fflush.o)
                0x004020f0                __sflush_r
 .text._fflush_r
                0x00402230       0x2c c:/program files (x86)/atmel/studio/7.0/toolchain/arm/arm-gnu-toolchain/bin/../lib/gcc/arm-none-eabi/6.2.1/../../../../arm-none-eabi/lib/thumb/v7e-m\libc.a(lib_a-fflush.o)
                0x00402230                _fflush_r
 .text._cleanup_r
                0x0040225c        0xc c:/program files (x86)/atmel/studio/7.0/toolchain/arm/arm-gnu-toolchain/bin/../lib/gcc/arm-none-eabi/6.2.1/../../../../arm-none-eabi/lib/thumb/v7e-m\libc.a(lib_a-findfp.o)
                0x0040225c                _cleanup_r
 .text.__sinit.part.1
                0x00402268       0xf0 c:/program files (x86)/atmel/studio/7.0/toolchain/arm/arm-gnu-toolchain/bin/../lib/gcc/arm-none-eabi/6.2.1/../../../../arm-none-eabi/lib/thumb/v7e-m\libc.a(lib_a-findfp.o)
 .text.__sinit  0x00402358        0xc c:/program files (x86)/atmel/studio/7.0/toolchain/arm/arm-gnu-toolchain/bin/../lib/gcc/arm-none-eabi/6.2.1/../../../../arm-none-eabi/lib/thumb/v7e-m\libc.a(lib_a-findfp.o)
                0x00402358                __sinit
 .text.__sfp_lock_acquire
                0x00402364        0x4 c:/program files (x86)/atmel/studio/7.0/toolchain/arm/arm-gnu-toolchain/bin/../lib/gcc/arm-none-eabi/6.2.1/../../../../arm-none-eabi/lib/thumb/v7e-m\libc.a(lib_a-findfp.o)
                0x00402364                __sfp_lock_acquire
 .text.__sfp_lock_release
                0x00402368        0x4 c:/program files (x86)/atmel/studio/7.0/toolchain/arm/arm-gnu-toolchain/bin/../lib/gcc/arm-none-eabi/6.2.1/../../../../arm-none-eabi/lib/thumb/v7e-m\libc.a(lib_a-findfp.o)
                0x00402368                __sfp_lock_release
 .text.__libc_fini_array
                0x0040236c       0x34 c:/program files (x86)/atmel/studio/7.0/toolchain/arm/arm-gnu-toolchain/bin/../lib/gcc/arm-none-eabi/6.2.1/../../../../arm-none-eabi/lib/thumb/v7e-m\libc.a(lib_a-fini.o)
                0x0040236c                __libc_fini_array
 .text.__fputwc
                0x004023a0       0xa0 c:/program files (x86)/atmel/studio/7.0/toolchain/arm/arm-gnu-toolchain/bin/../lib/gcc/arm-none-eabi/6.2.1/../../../../arm-none-eabi/lib/thumb/v7e-m\libc.a(lib_a-fputwc.o)
                0x004023a0                __fputwc
 .text._fputwc_r
                0x00402440       0x24 c:/program files (x86)/atmel/studio/7.0/toolchain/arm/arm-gnu-toolchain/bin/../lib/gcc/arm-none-eabi/6.2.1/../../../../arm-none-eabi/lib/thumb/v7e-m\libc.a(lib_a-fputwc.o)
                0x00402440                _fputwc_r
 .text._malloc_trim_r
                0x00402464       0xa0 c:/program files (x86)/atmel/studio/7.0/toolchain/arm/arm-gnu-toolchain/bin/../lib/gcc/arm-none-eabi/6.2.1/../../../../arm-none-eabi/lib/thumb/v7e-m\libc.a(lib_a-freer.o)
                0x00402464                _malloc_trim_r
 .text._free_r  0x00402504      0x1cc c:/program files (x86)/atmel/studio/7.0/toolchain/arm/arm-gnu-toolchain/bin/../lib/gcc/arm-none-eabi/6.2.1/../../../../arm-none-eabi/lib/thumb/v7e-m\libc.a(lib_a-freer.o)
                0x00402504                _free_r
 .text.__sfvwrite_r
                0x004026d0      0x2f0 c:/program files (x86)/atmel/studio/7.0/toolchain/arm/arm-gnu-toolchain/bin/../lib/gcc/arm-none-eabi/6.2.1/../../../../arm-none-eabi/lib/thumb/v7e-m\libc.a(lib_a-fvwrite.o)
                0x004026d0                __sfvwrite_r
 .text._fwalk_reent
                0x004029c0       0x54 c:/program files (x86)/atmel/studio/7.0/toolchain/arm/arm-gnu-toolchain/bin/../lib/gcc/arm-none-eabi/6.2.1/../../../../arm-none-eabi/lib/thumb/v7e-m\libc.a(lib_a-fwalk.o)
                0x004029c0                _fwalk_reent
 .text.__locale_mb_cur_max
                0x00402a14       0x1c c:/program files (x86)/atmel/studio/7.0/toolchain/arm/arm-gnu-toolchain/bin/../lib/gcc/arm-none-eabi/6.2.1/../../../../arm-none-eabi/lib/thumb/v7e-m\libc.a(lib_a-locale.o)
                0x00402a14                __locale_mb_cur_max
 .text.__swhatbuf_r
                0x00402a30       0x5c c:/program files (x86)/atmel/studio/7.0/toolchain/arm/arm-gnu-toolchain/bin/../lib/gcc/arm-none-eabi/6.2.1/../../../../arm-none-eabi/lib/thumb/v7e-m\libc.a(lib_a-makebuf.o)
                0x00402a30                __swhatbuf_r
 .text.__smakebuf_r
                0x00402a8c       0x88 c:/program files (x86)/atmel/studio/7.0/toolchain/arm/arm-gnu-toolchain/bin/../lib/gcc/arm-none-eabi/6.2.1/../../../../arm-none-eabi/lib/thumb/v7e-m\libc.a(lib_a-makebuf.o)
                0x00402a8c                __smakebuf_r
 .text.malloc   0x00402b14       0x10 c:/program files (x86)/atmel/studio/7.0/toolchain/arm/arm-gnu-toolchain/bin/../lib/gcc/arm-none-eabi/6.2.1/../../../../arm-none-eabi/lib/thumb/v7e-m\libc.a(lib_a-malloc.o)
                0x00402b14                malloc
 .text._malloc_r
                0x00402b24      0x560 c:/program files (x86)/atmel/studio/7.0/toolchain/arm/arm-gnu-toolchain/bin/../lib/gcc/arm-none-eabi/6.2.1/../../../../arm-none-eabi/lib/thumb/v7e-m\libc.a(lib_a-mallocr.o)
                0x00402b24                _malloc_r
 .text.__ascii_mbtowc
                0x00403084       0x2c c:/program files (x86)/atmel/studio/7.0/toolchain/arm/arm-gnu-toolchain/bin/../lib/gcc/arm-none-eabi/6.2.1/../../../../arm-none-eabi/lib/thumb/v7e-m\libc.a(lib_a-mbtowc_r.o)
                0x00403084                __ascii_mbtowc
 .text          0x004030b0       0xa0 c:/program files (x86)/atmel/studio/7.0/toolchain/arm/arm-gnu-toolchain/bin/../lib/gcc/arm-none-eabi/6.2.1/../../../../arm-none-eabi/lib/thumb/v7e-m\libc.a(lib_a-memchr.o)
                0x004030b0                memchr
 .text          0x00403150      0x134 c:/program files (x86)/atmel/studio/7.0/toolchain/arm/arm-gnu-toolchain/bin/../lib/gcc/arm-none-eabi/6.2.1/../../../../arm-none-eabi/lib/thumb/v7e-m\libc.a(lib_a-memcpy.o)
                0x00403150                memcpy
 .text.memmove  0x00403284       0xc8 c:/program files (x86)/atmel/studio/7.0/toolchain/arm/arm-gnu-toolchain/bin/../lib/gcc/arm-none-eabi/6.2.1/../../../../arm-none-eabi/lib/thumb/v7e-m\libc.a(lib_a-memmove.o)
                0x00403284                memmove
 .text.__malloc_lock
                0x0040334c        0x4 c:/program files (x86)/atmel/studio/7.0/toolchain/arm/arm-gnu-toolchain/bin/../lib/gcc/arm-none-eabi/6.2.1/../../../../arm-none-eabi/lib/thumb/v7e-m\libc.a(lib_a-mlock.o)
                0x0040334c                __malloc_lock
 .text.__malloc_unlock
                0x00403350        0x4 c:/program files (x86)/atmel/studio/7.0/toolchain/arm/arm-gnu-toolchain/bin/../lib/gcc/arm-none-eabi/6.2.1/../../../../arm-none-eabi/lib/thumb/v7e-m\libc.a(lib_a-mlock.o)
                0x00403350                __malloc_unlock
 .text._realloc_r
                0x00403354      0x34c c:/program files (x86)/atmel/studio/7.0/toolchain/arm/arm-gnu-toolchain/bin/../lib/gcc/arm-none-eabi/6.2.1/../../../../arm-none-eabi/lib/thumb/v7e-m\libc.a(lib_a-reallocr.o)
                0x00403354                _realloc_r
 .text._sbrk_r  0x004036a0       0x24 c:/program files (x86)/atmel/studio/7.0/toolchain/arm/arm-gnu-toolchain/bin/../lib/gcc/arm-none-eabi/6.2.1/../../../../arm-none-eabi/lib/thumb/v7e-m\libc.a(lib_a-sbrkr.o)
                0x004036a0                _sbrk_r
 .text.__sread  0x004036c4       0x24 c:/program files (x86)/atmel/studio/7.0/toolchain/arm/arm-gnu-toolchain/bin/../lib/gcc/arm-none-eabi/6.2.1/../../../../arm-none-eabi/lib/thumb/v7e-m\libc.a(lib_a-stdio.o)
                0x004036c4                __sread
 .text.__swrite
                0x004036e8       0x3c c:/program files (x86)/atmel/studio/7.0/toolchain/arm/arm-gnu-toolchain/bin/../lib/gcc/arm-none-eabi/6.2.1/../../../../arm-none-eabi/lib/thumb/v7e-m\libc.a(lib_a-stdio.o)
                0x004036e8                __swrite
 .text.__sseek  0x00403724       0x20 c:/program files (x86)/atmel/studio/7.0/toolchain/arm/arm-gnu-toolchain/bin/../lib/gcc/arm-none-eabi/6.2.1/../../../../arm-none-eabi/lib/thumb/v7e-m\libc.a(lib_a-stdio.o)
                0x00403724                __sseek
 .text.__sclose
                0x00403744        0x8 c:/program files (x86)/atmel/studio/7.0/toolchain/arm/arm-gnu-toolchain/bin/../lib/gcc/arm-none-eabi/6.2.1/../../../../arm-none-eabi/lib/thumb/v7e-m\libc.a(lib_a-stdio.o)
                0x00403744                __sclose
 .text.__swbuf_r
                0x0040374c       0xb0 c:/program files (x86)/atmel/studio/7.0/toolchain/arm/arm-gnu-toolchain/bin/../lib/gcc/arm-none-eabi/6.2.1/../../../../arm-none-eabi/lib/thumb/v7e-m\libc.a(lib_a-wbuf.o)
                0x0040374c                __swbuf_r
 .text._wcrtomb_r
                0x004037fc       0x54 c:/program files (x86)/atmel/studio/7.0/toolchain/arm/arm-gnu-toolchain/bin/../lib/gcc/arm-none-eabi/6.2.1/../../../../arm-none-eabi/lib/thumb/v7e-m\libc.a(lib_a-wcrtomb.o)
                0x004037fc                _wcrtomb_r
 .text.__ascii_wctomb
                0x00403850       0x1c c:/program files (x86)/atmel/studio/7.0/toolchain/arm/arm-gnu-toolchain/bin/../lib/gcc/arm-none-eabi/6.2.1/../../../../arm-none-eabi/lib/thumb/v7e-m\libc.a(lib_a-wctomb_r.o)
                0x00403850                __ascii_wctomb
 .text._write_r
                0x0040386c       0x2c c:/program files (x86)/atmel/studio/7.0/toolchain/arm/arm-gnu-toolchain/bin/../lib/gcc/arm-none-eabi/6.2.1/../../../../arm-none-eabi/lib/thumb/v7e-m\libc.a(lib_a-writer.o)
                0x0040386c                _write_r
 .text.__register_exitproc
                0x00403898       0xa4 c:/program files (x86)/atmel/studio/7.0/toolchain/arm/arm-gnu-toolchain/bin/../lib/gcc/arm-none-eabi/6.2.1/../../../../arm-none-eabi/lib/thumb/v7e-m\libc.a(lib_a-__atexit.o)
                0x00403898                __register_exitproc
 .text._close_r
                0x0040393c       0x24 c:/program files (x86)/atmel/studio/7.0/toolchain/arm/arm-gnu-toolchain/bin/../lib/gcc/arm-none-eabi/6.2.1/../../../../arm-none-eabi/lib/thumb/v7e-m\libc.a(lib_a-closer.o)
                0x0040393c                _close_r
 .text._fclose_r
                0x00403960       0x80 c:/program files (x86)/atmel/studio/7.0/toolchain/arm/arm-gnu-toolchain/bin/../lib/gcc/arm-none-eabi/6.2.1/../../../../arm-none-eabi/lib/thumb/v7e-m\libc.a(lib_a-fclose.o)
                0x00403960                _fclose_r
 .text._fstat_r
                0x004039e0       0x28 c:/program files (x86)/atmel/studio/7.0/toolchain/arm/arm-gnu-toolchain/bin/../lib/gcc/arm-none-eabi/6.2.1/../../../../arm-none-eabi/lib/thumb/v7e-m\libc.a(lib_a-fstatr.o)
                0x004039e0                _fstat_r
 .text._isatty_r
                0x00403a08       0x24 c:/program files (x86)/atmel/studio/7.0/toolchain/arm/arm-gnu-toolchain/bin/../lib/gcc/arm-none-eabi/6.2.1/../../../../arm-none-eabi/lib/thumb/v7e-m\libc.a(lib_a-isattyr.o)
                0x00403a08                _isatty_r
 .text._lseek_r
                0x00403a2c       0x2c c:/program files (x86)/atmel/studio/7.0/toolchain/arm/arm-gnu-toolchain/bin/../lib/gcc/arm-none-eabi/6.2.1/../../../../arm-none-eabi/lib/thumb/v7e-m\libc.a(lib_a-lseekr.o)
                0x00403a2c                _lseek_r
 .text._read_r  0x00403a58       0x2c c:/program files (x86)/atmel/studio/7.0/toolchain/arm/arm-gnu-toolchain/bin/../lib/gcc/arm-none-eabi/6.2.1/../../../../arm-none-eabi/lib/thumb/v7e-m\libc.a(lib_a-readr.o)
                0x00403a58                _read_r
 .text          0x00403a84       0x30 c:/program files (x86)/atmel/studio/7.0/toolchain/arm/arm-gnu-toolchain/bin/../lib/gcc/arm-none-eabi/6.2.1/thumb/v7e-m\libgcc.a(_aeabi_uldivmod.o)
                0x00403a84                __aeabi_uldivmod
 .text          0x00403ab4      0x2dc c:/program files (x86)/atmel/studio/7.0/toolchain/arm/arm-gnu-toolchain/bin/../lib/gcc/arm-none-eabi/6.2.1/thumb/v7e-m\libgcc.a(_udivmoddi4.o)
                0x00403ab4                __udivmoddi4
 .text          0x00403d90        0x4 c:/program files (x86)/atmel/studio/7.0/toolchain/arm/arm-gnu-toolchain/bin/../lib/gcc/arm-none-eabi/6.2.1/thumb/v7e-m\libgcc.a(_dvmd_tls.o)
                0x00403d90                __aeabi_idiv0
                0x00403d90                __aeabi_ldiv0
 *(.glue_7t)
 .glue_7t       0x00403d94        0x0 linker stubs
 *(.glue_7)
 .glue_7        0x00403d94        0x0 linker stubs
 *(.rodata .rodata* .gnu.linkonce.r.*)
 .rodata.main.str1.4
                0x00403d94       0xef src/main.o
 *fill*         0x00403e83        0x1 
 .rodata._global_impure_ptr
                0x00403e84        0x4 c:/program files (x86)/atmel/studio/7.0/toolchain/arm/arm-gnu-toolchain/bin/../lib/gcc/arm-none-eabi/6.2.1/../../../../arm-none-eabi/lib/thumb/v7e-m\libc.a(lib_a-impure.o)
                0x00403e84                _global_impure_ptr
 .rodata._puts_r.str1.4
                0x00403e88       0xef c:/program files (x86)/atmel/studio/7.0/toolchain/arm/arm-gnu-toolchain/bin/../lib/gcc/arm-none-eabi/6.2.1/../../../../arm-none-eabi/lib/thumb/v7e-m\libc.a(lib_a-puts.o)
                                  0x2 (size before relaxing)
 .rodata._vfiprintf_r.str1.4
                0x00403e88       0x2f c:/program files (x86)/atmel/studio/7.0/toolchain/arm/arm-gnu-toolchain/bin/../lib/gcc/arm-none-eabi/6.2.1/../../../../arm-none-eabi/lib/thumb/v7e-m\libc.a(lib_a-vfiprintf.o)
 *fill*         0x00403eb7        0x1 
 .rodata.blanks.7202
                0x00403eb8       0x10 c:/program files (x86)/atmel/studio/7.0/toolchain/arm/arm-gnu-toolchain/bin/../lib/gcc/arm-none-eabi/6.2.1/../../../../arm-none-eabi/lib/thumb/v7e-m\libc.a(lib_a-vfiprintf.o)
 .rodata.zeroes.7203
                0x00403ec8       0x10 c:/program files (x86)/atmel/studio/7.0/toolchain/arm/arm-gnu-toolchain/bin/../lib/gcc/arm-none-eabi/6.2.1/../../../../arm-none-eabi/lib/thumb/v7e-m\libc.a(lib_a-vfiprintf.o)
 .rodata._setlocale_r.str1.4
                0x00403ed8        0xa c:/program files (x86)/atmel/studio/7.0/toolchain/arm/arm-gnu-toolchain/bin/../lib/gcc/arm-none-eabi/6.2.1/../../../../arm-none-eabi/lib/thumb/v7e-m\libc.a(lib_a-locale.o)
                                  0xd (size before relaxing)
 *fill*         0x00403ee2        0x2 
 .rodata.str1.4
                0x00403ee4        0x4 c:/program files (x86)/atmel/studio/7.0/toolchain/arm/arm-gnu-toolchain/bin/../lib/gcc/arm-none-eabi/6.2.1/../../../../arm-none-eabi/lib/thumb/v7e-m\libc.a(lib_a-locale.o)
                                  0x2 (size before relaxing)
 .rodata._ctype_
                0x00403ee8      0x101 c:/program files (x86)/atmel/studio/7.0/toolchain/arm/arm-gnu-toolchain/bin/../lib/gcc/arm-none-eabi/6.2.1/../../../../arm-none-eabi/lib/thumb/v7e-m\libc.a(lib_a-ctype_.o)
                0x00403ee8                _ctype_
 *(.ARM.extab* .gnu.linkonce.armextab.*)
                0x00403fec                . = ALIGN (0x4)
 *fill*         0x00403fe9        0x3 
 *(.init)
 .init          0x00403fec        0x4 c:/program files (x86)/atmel/studio/7.0/toolchain/arm/arm-gnu-toolchain/bin/../lib/gcc/arm-none-eabi/6.2.1/thumb/v7e-m/crti.o
                0x00403fec                _init
 .init          0x00403ff0        0x8 c:/program files (x86)/atmel/studio/7.0/toolchain/arm/arm-gnu-toolchain/bin/../lib/gcc/arm-none-eabi/6.2.1/thumb/v7e-m/crtn.o
                0x00403ff8                . = ALIGN (0x4)
                0x00403ff8                __preinit_array_start = .
 *(.preinit_array)
                0x00403ff8                __preinit_array_end = .
                0x00403ff8                . = ALIGN (0x4)
                0x00403ff8                __init_array_start = .
 *(SORT(.init_array.*))
 .init_array.00000
                0x00403ff8        0x4 c:/program files (x86)/atmel/studio/7.0/toolchain/arm/arm-gnu-toolchain/bin/../lib/gcc/arm-none-eabi/6.2.1/../../../../arm-none-eabi/lib/thumb/v7e-m\libc.a(lib_a-__call_atexit.o)
 *(.init_array)
 .init_array    0x00403ffc        0x4 c:/program files (x86)/atmel/studio/7.0/toolchain/arm/arm-gnu-toolchain/bin/../lib/gcc/arm-none-eabi/6.2.1/thumb/v7e-m/crtbegin.o
                0x00404000                __init_array_end = .
                0x00404000                . = ALIGN (0x4)
 *crtbegin.o(.ctors)
 *(EXCLUDE_FILE(*crtend.o) .ctors)
 *(SORT(.ctors.*))
 *crtend.o(.ctors)
                0x00404000                . = ALIGN (0x4)
 *(.fini)
 .fini          0x00404000        0x4 c:/program files (x86)/atmel/studio/7.0/toolchain/arm/arm-gnu-toolchain/bin/../lib/gcc/arm-none-eabi/6.2.1/thumb/v7e-m/crti.o
                0x00404000                _fini
 .fini          0x00404004        0x8 c:/program files (x86)/atmel/studio/7.0/toolchain/arm/arm-gnu-toolchain/bin/../lib/gcc/arm-none-eabi/6.2.1/thumb/v7e-m/crtn.o
                0x0040400c                . = ALIGN (0x4)
                0x0040400c                __fini_array_start = .
 *(.fini_array)
 .fini_array    0x0040400c        0x4 c:/program files (x86)/atmel/studio/7.0/toolchain/arm/arm-gnu-toolchain/bin/../lib/gcc/arm-none-eabi/6.2.1/thumb/v7e-m/crtbegin.o
 *(SORT(.fini_array.*))
                0x00404010                __fini_array_end = .
 *crtbegin.o(.dtors)
 *(EXCLUDE_FILE(*crtend.o) .dtors)
 *(SORT(.dtors.*))
 *crtend.o(.dtors)
                0x00404010                . = ALIGN (0x4)
                0x00404010                _efixed = .
                [!provide]                PROVIDE (__exidx_start, .)

.vfp11_veneer   0x00404010        0x0
 .vfp11_veneer  0x00404010        0x0 linker stubs

.v4_bx          0x00404010        0x0
 .v4_bx         0x00404010        0x0 linker stubs

.iplt           0x00404010        0x0
 .iplt          0x00404010        0x0 c:/program files (x86)/atmel/studio/7.0/toolchain/arm/arm-gnu-toolchain/bin/../lib/gcc/arm-none-eabi/6.2.1/thumb/v7e-m/crtbegin.o

.ARM.exidx      0x00404010        0x8
 *(.ARM.exidx* .gnu.linkonce.armexidx.*)
 .ARM.exidx     0x00404010        0x8 c:/program files (x86)/atmel/studio/7.0/toolchain/arm/arm-gnu-toolchain/bin/../lib/gcc/arm-none-eabi/6.2.1/thumb/v7e-m\libgcc.a(_udivmoddi4.o)
                [!provide]                PROVIDE (__exidx_end, .)

.eh_frame       0x00404018        0x0
 .eh_frame      0x00404018        0x0 c:/program files (x86)/atmel/studio/7.0/toolchain/arm/arm-gnu-toolchain/bin/../lib/gcc/arm-none-eabi/6.2.1/thumb/v7e-m/crtbegin.o

.rel.dyn        0x00404018        0x0
 .rel.iplt      0x00404018        0x0 c:/program files (x86)/atmel/studio/7.0/toolchain/arm/arm-gnu-toolchain/bin/../lib/gcc/arm-none-eabi/6.2.1/thumb/v7e-m/crtbegin.o

.jcr            0x00404018        0x0
 .jcr           0x00404018        0x0 c:/program files (x86)/atmel/studio/7.0/toolchain/arm/arm-gnu-toolchain/bin/../lib/gcc/arm-none-eabi/6.2.1/thumb/v7e-m/crtbegin.o

.igot.plt       0x00404018        0x0
 .igot.plt      0x00404018        0x0 c:/program files (x86)/atmel/studio/7.0/toolchain/arm/arm-gnu-toolchain/bin/../lib/gcc/arm-none-eabi/6.2.1/thumb/v7e-m/crtbegin.o
                0x00404018                . = ALIGN (0x4)
                0x00404018                _etext = .

.relocate       0x20400000      0x9bc load address 0x00404018
                0x20400000                . = ALIGN (0x4)
                0x20400000                _srelocate = .
 *(.ramfunc .ramfunc.*)
 *(.data .data.*)
 .data.g_interrupt_enabled
                0x20400000        0x1 src/ASF/common/utils/interrupt/interrupt_sam_nvic.o
                0x20400000                g_interrupt_enabled
 *fill*         0x20400001        0x3 
 .data.SystemCoreClock
                0x20400004        0x4 src/ASF/sam/utils/cmsis/same70/source/templates/system_same70.o
                0x20400004                SystemCoreClock
 .data.g_b_led0_active
                0x20400008        0x1 src/main.o
                0x20400008                g_b_led0_active
 *fill*         0x20400009        0x3 
 .data.mseconds_to_wait
                0x2040000c        0x4 src/main.o
                0x2040000c                mseconds_to_wait
 .data._impure_ptr
                0x20400010        0x4 c:/program files (x86)/atmel/studio/7.0/toolchain/arm/arm-gnu-toolchain/bin/../lib/gcc/arm-none-eabi/6.2.1/../../../../arm-none-eabi/lib/thumb/v7e-m\libc.a(lib_a-impure.o)
                0x20400010                _impure_ptr
 *fill*         0x20400014        0x4 
 .data.impure_data
                0x20400018      0x428 c:/program files (x86)/atmel/studio/7.0/toolchain/arm/arm-gnu-toolchain/bin/../lib/gcc/arm-none-eabi/6.2.1/../../../../arm-none-eabi/lib/thumb/v7e-m\libc.a(lib_a-impure.o)
 .data.__global_locale
                0x20400440      0x16c c:/program files (x86)/atmel/studio/7.0/toolchain/arm/arm-gnu-toolchain/bin/../lib/gcc/arm-none-eabi/6.2.1/../../../../arm-none-eabi/lib/thumb/v7e-m\libc.a(lib_a-locale.o)
                0x20400440                __global_locale
 .data.__malloc_av_
                0x204005ac      0x408 c:/program files (x86)/atmel/studio/7.0/toolchain/arm/arm-gnu-toolchain/bin/../lib/gcc/arm-none-eabi/6.2.1/../../../../arm-none-eabi/lib/thumb/v7e-m\libc.a(lib_a-mallocr.o)
                0x204005ac                __malloc_av_
 .data.__malloc_sbrk_base
                0x204009b4        0x4 c:/program files (x86)/atmel/studio/7.0/toolchain/arm/arm-gnu-toolchain/bin/../lib/gcc/arm-none-eabi/6.2.1/../../../../arm-none-eabi/lib/thumb/v7e-m\libc.a(lib_a-mallocr.o)
                0x204009b4                __malloc_sbrk_base
 .data.__malloc_trim_threshold
                0x204009b8        0x4 c:/program files (x86)/atmel/studio/7.0/toolchain/arm/arm-gnu-toolchain/bin/../lib/gcc/arm-none-eabi/6.2.1/../../../../arm-none-eabi/lib/thumb/v7e-m\libc.a(lib_a-mallocr.o)
                0x204009b8                __malloc_trim_threshold
                0x204009bc                . = ALIGN (0x4)
                0x204009bc                _erelocate = .

.bss            0x204009bc       0xe0 load address 0x004049d4
                0x204009bc                . = ALIGN (0x4)
                0x204009bc                _sbss = .
                0x204009bc                _szero = .
 *(.bss .bss.*)
 .bss           0x204009bc       0x1c c:/program files (x86)/atmel/studio/7.0/toolchain/arm/arm-gnu-toolchain/bin/../lib/gcc/arm-none-eabi/6.2.1/thumb/v7e-m/crtbegin.o
 .bss.gs_interrupt_sources
                0x204009d8       0x70 src/ASF/sam/drivers/pio/pio_handler.o
 .bss.gs_ul_nb_sources
                0x20400a48        0x4 src/ASF/sam/drivers/pio/pio_handler.o
 .bss.ul_reg_val.9301
                0x20400a4c        0x4 src/ASF/sam/drivers/usart/usart.o
 .bss.heap.6400
                0x20400a50        0x4 src/ASF/sam/utils/syscalls/gcc/syscalls.o
 .bss.g_ul_ms_ticks
                0x20400a54        0x4 src/main.o
                0x20400a54                g_ul_ms_ticks
 .bss.__malloc_current_mallinfo
                0x20400a58       0x28 c:/program files (x86)/atmel/studio/7.0/toolchain/arm/arm-gnu-toolchain/bin/../lib/gcc/arm-none-eabi/6.2.1/../../../../arm-none-eabi/lib/thumb/v7e-m\libc.a(lib_a-mallocr.o)
                0x20400a58                __malloc_current_mallinfo
 .bss.__malloc_max_sbrked_mem
                0x20400a80        0x4 c:/program files (x86)/atmel/studio/7.0/toolchain/arm/arm-gnu-toolchain/bin/../lib/gcc/arm-none-eabi/6.2.1/../../../../arm-none-eabi/lib/thumb/v7e-m\libc.a(lib_a-mallocr.o)
                0x20400a80                __malloc_max_sbrked_mem
 .bss.__malloc_max_total_mem
                0x20400a84        0x4 c:/program files (x86)/atmel/studio/7.0/toolchain/arm/arm-gnu-toolchain/bin/../lib/gcc/arm-none-eabi/6.2.1/../../../../arm-none-eabi/lib/thumb/v7e-m\libc.a(lib_a-mallocr.o)
                0x20400a84                __malloc_max_total_mem
 .bss.__malloc_top_pad
                0x20400a88        0x4 c:/program files (x86)/atmel/studio/7.0/toolchain/arm/arm-gnu-toolchain/bin/../lib/gcc/arm-none-eabi/6.2.1/../../../../arm-none-eabi/lib/thumb/v7e-m\libc.a(lib_a-mallocr.o)
                0x20400a88                __malloc_top_pad
 *(COMMON)
 COMMON         0x20400a8c        0x4 src/ASF/common/utils/stdio/read.o
                0x20400a8c                ptr_get
 COMMON         0x20400a90        0x8 src/ASF/common/utils/stdio/write.o
                0x20400a90                ptr_put
                0x20400a94                stdio_base
 COMMON         0x20400a98        0x4 c:/program files (x86)/atmel/studio/7.0/toolchain/arm/arm-gnu-toolchain/bin/../lib/gcc/arm-none-eabi/6.2.1/../../../../arm-none-eabi/lib/thumb/v7e-m\libc.a(lib_a-reent.o)
                0x20400a98                errno
                0x20400a9c                . = ALIGN (0x4)
                0x20400a9c                _ebss = .
                0x20400a9c                _ezero = .

.stack          0x20400a9c     0x2004 load address 0x00404ab4
                0x20400aa0                . = ALIGN (0x8)
 *fill*         0x20400a9c        0x4 
                0x20400aa0                _sstack = .
                0x20402aa0                . = (. + STACK_SIZE)
 *fill*         0x20400aa0     0x2000 
                0x20402aa0                . = ALIGN (0x8)
                0x20402aa0                _estack = .

.heap           0x20402aa0      0x200 load address 0x00406ab8
                0x20402aa0                . = ALIGN (0x8)
                0x20402aa0                _sheap = .
                0x20402ca0                . = (. + HEAP_SIZE)
 *fill*         0x20402aa0      0x200 
                0x20402ca0                . = ALIGN (0x8)
                0x20402ca0                _eheap = .
                0x20402ca0                . = ALIGN (0x4)
                0x20402ca0                _end = .
                0x2045ffff                _ram_end_ = ((ORIGIN (ram) + LENGTH (ram)) - 0x1)
OUTPUT(Aula5-Pisca-Led.elf elf32-littlearm)

.ARM.attributes
                0x00000000       0x2e
 .ARM.attributes
                0x00000000       0x1e c:/program files (x86)/atmel/studio/7.0/toolchain/arm/arm-gnu-toolchain/bin/../lib/gcc/arm-none-eabi/6.2.1/thumb/v7e-m/crti.o
 .ARM.attributes
                0x0000001e       0x2e c:/program files (x86)/atmel/studio/7.0/toolchain/arm/arm-gnu-toolchain/bin/../lib/gcc/arm-none-eabi/6.2.1/thumb/v7e-m/crtbegin.o
 .ARM.attributes
                0x0000004c       0x37 src/ASF/common/services/clock/same70/sysclk.o
 .ARM.attributes
                0x00000083       0x37 src/ASF/common/utils/interrupt/interrupt_sam_nvic.o
 .ARM.attributes
                0x000000ba       0x37 src/ASF/common/utils/stdio/read.o
 .ARM.attributes
                0x000000f1       0x37 src/ASF/common/utils/stdio/write.o
 .ARM.attributes
                0x00000128       0x37 src/ASF/sam/boards/same70_xplained/init.o
 .ARM.attributes
                0x0000015f       0x37 src/ASF/sam/drivers/pio/pio.o
 .ARM.attributes
                0x00000196       0x37 src/ASF/sam/drivers/pio/pio_handler.o
 .ARM.attributes
                0x000001cd       0x37 src/ASF/sam/drivers/pmc/pmc.o
 .ARM.attributes
                0x00000204       0x37 src/ASF/sam/drivers/uart/uart.o
 .ARM.attributes
                0x0000023b       0x37 src/ASF/sam/drivers/usart/usart.o
 .ARM.attributes
                0x00000272       0x37 src/ASF/sam/utils/cmsis/same70/source/templates/gcc/startup_same70.o
 .ARM.attributes
                0x000002a9       0x37 src/ASF/sam/utils/cmsis/same70/source/templates/system_same70.o
 .ARM.attributes
                0x000002e0       0x37 src/ASF/sam/utils/syscalls/gcc/syscalls.o
 .ARM.attributes
                0x00000317       0x37 src/main.o
 .ARM.attributes
                0x0000034e       0x2e c:/program files (x86)/atmel/studio/7.0/toolchain/arm/arm-gnu-toolchain/bin/../lib/gcc/arm-none-eabi/6.2.1/../../../../arm-none-eabi/lib/thumb/v7e-m\libc.a(lib_a-impure.o)
 .ARM.attributes
                0x0000037c       0x2e c:/program files (x86)/atmel/studio/7.0/toolchain/arm/arm-gnu-toolchain/bin/../lib/gcc/arm-none-eabi/6.2.1/../../../../arm-none-eabi/lib/thumb/v7e-m\libc.a(lib_a-init.o)
 .ARM.attributes
                0x000003aa       0x2e c:/program files (x86)/atmel/studio/7.0/toolchain/arm/arm-gnu-toolchain/bin/../lib/gcc/arm-none-eabi/6.2.1/../../../../arm-none-eabi/lib/thumb/v7e-m\libc.a(lib_a-iprintf.o)
 .ARM.attributes
                0x000003d8       0x2e c:/program files (x86)/atmel/studio/7.0/toolchain/arm/arm-gnu-toolchain/bin/../lib/gcc/arm-none-eabi/6.2.1/../../../../arm-none-eabi/lib/thumb/v7e-m\libc.a(lib_a-memset.o)
 .ARM.attributes
                0x00000406       0x2e c:/program files (x86)/atmel/studio/7.0/toolchain/arm/arm-gnu-toolchain/bin/../lib/gcc/arm-none-eabi/6.2.1/../../../../arm-none-eabi/lib/thumb/v7e-m\libc.a(lib_a-puts.o)
 .ARM.attributes
                0x00000434       0x2e c:/program files (x86)/atmel/studio/7.0/toolchain/arm/arm-gnu-toolchain/bin/../lib/gcc/arm-none-eabi/6.2.1/../../../../arm-none-eabi/lib/thumb/v7e-m\libc.a(lib_a-setbuf.o)
 .ARM.attributes
                0x00000462       0x2e c:/program files (x86)/atmel/studio/7.0/toolchain/arm/arm-gnu-toolchain/bin/../lib/gcc/arm-none-eabi/6.2.1/../../../../arm-none-eabi/lib/thumb/v7e-m\libc.a(lib_a-setvbuf.o)
 .ARM.attributes
                0x00000490       0x1c c:/program files (x86)/atmel/studio/7.0/toolchain/arm/arm-gnu-toolchain/bin/../lib/gcc/arm-none-eabi/6.2.1/../../../../arm-none-eabi/lib/thumb/v7e-m\libc.a(lib_a-strlen.o)
 .ARM.attributes
                0x000004ac       0x2e c:/program files (x86)/atmel/studio/7.0/toolchain/arm/arm-gnu-toolchain/bin/../lib/gcc/arm-none-eabi/6.2.1/../../../../arm-none-eabi/lib/thumb/v7e-m\libc.a(lib_a-vfiprintf.o)
 .ARM.attributes
                0x000004da       0x2e c:/program files (x86)/atmel/studio/7.0/toolchain/arm/arm-gnu-toolchain/bin/../lib/gcc/arm-none-eabi/6.2.1/../../../../arm-none-eabi/lib/thumb/v7e-m\libc.a(lib_a-wsetup.o)
 .ARM.attributes
                0x00000508       0x2e c:/program files (x86)/atmel/studio/7.0/toolchain/arm/arm-gnu-toolchain/bin/../lib/gcc/arm-none-eabi/6.2.1/../../../../arm-none-eabi/lib/thumb/v7e-m\libc.a(lib_a-__call_atexit.o)
 .ARM.attributes
                0x00000536       0x2e c:/program files (x86)/atmel/studio/7.0/toolchain/arm/arm-gnu-toolchain/bin/../lib/gcc/arm-none-eabi/6.2.1/../../../../arm-none-eabi/lib/thumb/v7e-m\libc.a(lib_a-atexit.o)
 .ARM.attributes
                0x00000564       0x2e c:/program files (x86)/atmel/studio/7.0/toolchain/arm/arm-gnu-toolchain/bin/../lib/gcc/arm-none-eabi/6.2.1/../../../../arm-none-eabi/lib/thumb/v7e-m\libc.a(lib_a-fflush.o)
 .ARM.attributes
                0x00000592       0x2e c:/program files (x86)/atmel/studio/7.0/toolchain/arm/arm-gnu-toolchain/bin/../lib/gcc/arm-none-eabi/6.2.1/../../../../arm-none-eabi/lib/thumb/v7e-m\libc.a(lib_a-findfp.o)
 .ARM.attributes
                0x000005c0       0x2e c:/program files (x86)/atmel/studio/7.0/toolchain/arm/arm-gnu-toolchain/bin/../lib/gcc/arm-none-eabi/6.2.1/../../../../arm-none-eabi/lib/thumb/v7e-m\libc.a(lib_a-fini.o)
 .ARM.attributes
                0x000005ee       0x2e c:/program files (x86)/atmel/studio/7.0/toolchain/arm/arm-gnu-toolchain/bin/../lib/gcc/arm-none-eabi/6.2.1/../../../../arm-none-eabi/lib/thumb/v7e-m\libc.a(lib_a-fputwc.o)
 .ARM.attributes
                0x0000061c       0x2e c:/program files (x86)/atmel/studio/7.0/toolchain/arm/arm-gnu-toolchain/bin/../lib/gcc/arm-none-eabi/6.2.1/../../../../arm-none-eabi/lib/thumb/v7e-m\libc.a(lib_a-freer.o)
 .ARM.attributes
                0x0000064a       0x2e c:/program files (x86)/atmel/studio/7.0/toolchain/arm/arm-gnu-toolchain/bin/../lib/gcc/arm-none-eabi/6.2.1/../../../../arm-none-eabi/lib/thumb/v7e-m\libc.a(lib_a-fvwrite.o)
 .ARM.attributes
                0x00000678       0x2e c:/program files (x86)/atmel/studio/7.0/toolchain/arm/arm-gnu-toolchain/bin/../lib/gcc/arm-none-eabi/6.2.1/../../../../arm-none-eabi/lib/thumb/v7e-m\libc.a(lib_a-fwalk.o)
 .ARM.attributes
                0x000006a6       0x2e c:/program files (x86)/atmel/studio/7.0/toolchain/arm/arm-gnu-toolchain/bin/../lib/gcc/arm-none-eabi/6.2.1/../../../../arm-none-eabi/lib/thumb/v7e-m\libc.a(lib_a-locale.o)
 .ARM.attributes
                0x000006d4       0x2e c:/program files (x86)/atmel/studio/7.0/toolchain/arm/arm-gnu-toolchain/bin/../lib/gcc/arm-none-eabi/6.2.1/../../../../arm-none-eabi/lib/thumb/v7e-m\libc.a(lib_a-makebuf.o)
 .ARM.attributes
                0x00000702       0x2e c:/program files (x86)/atmel/studio/7.0/toolchain/arm/arm-gnu-toolchain/bin/../lib/gcc/arm-none-eabi/6.2.1/../../../../arm-none-eabi/lib/thumb/v7e-m\libc.a(lib_a-malloc.o)
 .ARM.attributes
                0x00000730       0x2e c:/program files (x86)/atmel/studio/7.0/toolchain/arm/arm-gnu-toolchain/bin/../lib/gcc/arm-none-eabi/6.2.1/../../../../arm-none-eabi/lib/thumb/v7e-m\libc.a(lib_a-mallocr.o)
 .ARM.attributes
                0x0000075e       0x2e c:/program files (x86)/atmel/studio/7.0/toolchain/arm/arm-gnu-toolchain/bin/../lib/gcc/arm-none-eabi/6.2.1/../../../../arm-none-eabi/lib/thumb/v7e-m\libc.a(lib_a-mbtowc_r.o)
 .ARM.attributes
                0x0000078c       0x1c c:/program files (x86)/atmel/studio/7.0/toolchain/arm/arm-gnu-toolchain/bin/../lib/gcc/arm-none-eabi/6.2.1/../../../../arm-none-eabi/lib/thumb/v7e-m\libc.a(lib_a-memchr.o)
 .ARM.attributes
                0x000007a8       0x1c c:/program files (x86)/atmel/studio/7.0/toolchain/arm/arm-gnu-toolchain/bin/../lib/gcc/arm-none-eabi/6.2.1/../../../../arm-none-eabi/lib/thumb/v7e-m\libc.a(lib_a-memcpy.o)
 .ARM.attributes
                0x000007c4       0x2e c:/program files (x86)/atmel/studio/7.0/toolchain/arm/arm-gnu-toolchain/bin/../lib/gcc/arm-none-eabi/6.2.1/../../../../arm-none-eabi/lib/thumb/v7e-m\libc.a(lib_a-memmove.o)
 .ARM.attributes
                0x000007f2       0x2e c:/program files (x86)/atmel/studio/7.0/toolchain/arm/arm-gnu-toolchain/bin/../lib/gcc/arm-none-eabi/6.2.1/../../../../arm-none-eabi/lib/thumb/v7e-m\libc.a(lib_a-mlock.o)
 .ARM.attributes
                0x00000820       0x2e c:/program files (x86)/atmel/studio/7.0/toolchain/arm/arm-gnu-toolchain/bin/../lib/gcc/arm-none-eabi/6.2.1/../../../../arm-none-eabi/lib/thumb/v7e-m\libc.a(lib_a-reallocr.o)
 .ARM.attributes
                0x0000084e       0x2e c:/program files (x86)/atmel/studio/7.0/toolchain/arm/arm-gnu-toolchain/bin/../lib/gcc/arm-none-eabi/6.2.1/../../../../arm-none-eabi/lib/thumb/v7e-m\libc.a(lib_a-sbrkr.o)
 .ARM.attributes
                0x0000087c       0x2e c:/program files (x86)/atmel/studio/7.0/toolchain/arm/arm-gnu-toolchain/bin/../lib/gcc/arm-none-eabi/6.2.1/../../../../arm-none-eabi/lib/thumb/v7e-m\libc.a(lib_a-stdio.o)
 .ARM.attributes
                0x000008aa       0x2e c:/program files (x86)/atmel/studio/7.0/toolchain/arm/arm-gnu-toolchain/bin/../lib/gcc/arm-none-eabi/6.2.1/../../../../arm-none-eabi/lib/thumb/v7e-m\libc.a(lib_a-wbuf.o)
 .ARM.attributes
                0x000008d8       0x2e c:/program files (x86)/atmel/studio/7.0/toolchain/arm/arm-gnu-toolchain/bin/../lib/gcc/arm-none-eabi/6.2.1/../../../../arm-none-eabi/lib/thumb/v7e-m\libc.a(lib_a-wcrtomb.o)
 .ARM.attributes
                0x00000906       0x2e c:/program files (x86)/atmel/studio/7.0/toolchain/arm/arm-gnu-toolchain/bin/../lib/gcc/arm-none-eabi/6.2.1/../../../../arm-none-eabi/lib/thumb/v7e-m\libc.a(lib_a-wctomb_r.o)
 .ARM.attributes
                0x00000934       0x2e c:/program files (x86)/atmel/studio/7.0/toolchain/arm/arm-gnu-toolchain/bin/../lib/gcc/arm-none-eabi/6.2.1/../../../../arm-none-eabi/lib/thumb/v7e-m\libc.a(lib_a-writer.o)
 .ARM.attributes
                0x00000962       0x2e c:/program files (x86)/atmel/studio/7.0/toolchain/arm/arm-gnu-toolchain/bin/../lib/gcc/arm-none-eabi/6.2.1/../../../../arm-none-eabi/lib/thumb/v7e-m\libc.a(lib_a-__atexit.o)
 .ARM.attributes
                0x00000990       0x2e c:/program files (x86)/atmel/studio/7.0/toolchain/arm/arm-gnu-toolchain/bin/../lib/gcc/arm-none-eabi/6.2.1/../../../../arm-none-eabi/lib/thumb/v7e-m\libc.a(lib_a-closer.o)
 .ARM.attributes
                0x000009be       0x2e c:/program files (x86)/atmel/studio/7.0/toolchain/arm/arm-gnu-toolchain/bin/../lib/gcc/arm-none-eabi/6.2.1/../../../../arm-none-eabi/lib/thumb/v7e-m\libc.a(lib_a-ctype_.o)
 .ARM.attributes
                0x000009ec       0x2e c:/program files (x86)/atmel/studio/7.0/toolchain/arm/arm-gnu-toolchain/bin/../lib/gcc/arm-none-eabi/6.2.1/../../../../arm-none-eabi/lib/thumb/v7e-m\libc.a(lib_a-fclose.o)
 .ARM.attributes
                0x00000a1a       0x2e c:/program files (x86)/atmel/studio/7.0/toolchain/arm/arm-gnu-toolchain/bin/../lib/gcc/arm-none-eabi/6.2.1/../../../../arm-none-eabi/lib/thumb/v7e-m\libc.a(lib_a-fstatr.o)
 .ARM.attributes
                0x00000a48       0x2e c:/program files (x86)/atmel/studio/7.0/toolchain/arm/arm-gnu-toolchain/bin/../lib/gcc/arm-none-eabi/6.2.1/../../../../arm-none-eabi/lib/thumb/v7e-m\libc.a(lib_a-isattyr.o)
 .ARM.attributes
                0x00000a76       0x2e c:/program files (x86)/atmel/studio/7.0/toolchain/arm/arm-gnu-toolchain/bin/../lib/gcc/arm-none-eabi/6.2.1/../../../../arm-none-eabi/lib/thumb/v7e-m\libc.a(lib_a-lseekr.o)
 .ARM.attributes
                0x00000aa4       0x2e c:/program files (x86)/atmel/studio/7.0/toolchain/arm/arm-gnu-toolchain/bin/../lib/gcc/arm-none-eabi/6.2.1/../../../../arm-none-eabi/lib/thumb/v7e-m\libc.a(lib_a-readr.o)
 .ARM.attributes
                0x00000ad2       0x2e c:/program files (x86)/atmel/studio/7.0/toolchain/arm/arm-gnu-toolchain/bin/../lib/gcc/arm-none-eabi/6.2.1/../../../../arm-none-eabi/lib/thumb/v7e-m\libc.a(lib_a-reent.o)
 .ARM.attributes
                0x00000b00       0x1e c:/program files (x86)/atmel/studio/7.0/toolchain/arm/arm-gnu-toolchain/bin/../lib/gcc/arm-none-eabi/6.2.1/thumb/v7e-m\libgcc.a(_aeabi_uldivmod.o)
 .ARM.attributes
                0x00000b1e       0x2e c:/program files (x86)/atmel/studio/7.0/toolchain/arm/arm-gnu-toolchain/bin/../lib/gcc/arm-none-eabi/6.2.1/thumb/v7e-m\libgcc.a(_udivmoddi4.o)
 .ARM.attributes
                0x00000b4c       0x1e c:/program files (x86)/atmel/studio/7.0/toolchain/arm/arm-gnu-toolchain/bin/../lib/gcc/arm-none-eabi/6.2.1/thumb/v7e-m\libgcc.a(_dvmd_tls.o)
 .ARM.attributes
                0x00000b6a       0x1e c:/program files (x86)/atmel/studio/7.0/toolchain/arm/arm-gnu-toolchain/bin/../lib/gcc/arm-none-eabi/6.2.1/thumb/v7e-m/crtn.o

.comment        0x00000000       0x59
 .comment       0x00000000       0x59 src/ASF/common/services/clock/same70/sysclk.o
                                 0x5a (size before relaxing)
 .comment       0x00000059       0x5a src/ASF/common/utils/interrupt/interrupt_sam_nvic.o
 .comment       0x00000059       0x5a src/ASF/common/utils/stdio/read.o
 .comment       0x00000059       0x5a src/ASF/common/utils/stdio/write.o
 .comment       0x00000059       0x5a src/ASF/sam/boards/same70_xplained/init.o
 .comment       0x00000059       0x5a src/ASF/sam/drivers/pio/pio.o
 .comment       0x00000059       0x5a src/ASF/sam/drivers/pio/pio_handler.o
 .comment       0x00000059       0x5a src/ASF/sam/drivers/pmc/pmc.o
 .comment       0x00000059       0x5a src/ASF/sam/drivers/uart/uart.o
 .comment       0x00000059       0x5a src/ASF/sam/drivers/usart/usart.o
 .comment       0x00000059       0x5a src/ASF/sam/utils/cmsis/same70/source/templates/gcc/startup_same70.o
 .comment       0x00000059       0x5a src/ASF/sam/utils/cmsis/same70/source/templates/system_same70.o
 .comment       0x00000059       0x5a src/ASF/sam/utils/syscalls/gcc/syscalls.o
 .comment       0x00000059       0x5a src/main.o

.debug_info     0x00000000    0x12d65
 .debug_info    0x00000000     0x125b src/ASF/common/services/clock/same70/sysclk.o
 .debug_info    0x0000125b      0xaf5 src/ASF/common/utils/interrupt/interrupt_sam_nvic.o
 .debug_info    0x00001d50      0xabd src/ASF/common/utils/stdio/read.o
 .debug_info    0x0000280d      0xaba src/ASF/common/utils/stdio/write.o
 .debug_info    0x000032c7     0x2013 src/ASF/sam/boards/same70_xplained/init.o
 .debug_info    0x000052da     0x2144 src/ASF/sam/drivers/pio/pio.o
 .debug_info    0x0000741e     0x1b16 src/ASF/sam/drivers/pio/pio_handler.o
 .debug_info    0x00008f34     0x1e02 src/ASF/sam/drivers/pmc/pmc.o
 .debug_info    0x0000ad36     0x102f src/ASF/sam/drivers/uart/uart.o
 .debug_info    0x0000bd65     0x2318 src/ASF/sam/drivers/usart/usart.o
 .debug_info    0x0000e07d     0x155e src/ASF/sam/utils/cmsis/same70/source/templates/gcc/startup_same70.o
 .debug_info    0x0000f5db      0x55b src/ASF/sam/utils/cmsis/same70/source/templates/system_same70.o
 .debug_info    0x0000fb36      0xda4 src/ASF/sam/utils/syscalls/gcc/syscalls.o
 .debug_info    0x000108da     0x248b src/main.o

.debug_abbrev   0x00000000     0x2832
 .debug_abbrev  0x00000000      0x31f src/ASF/common/services/clock/same70/sysclk.o
 .debug_abbrev  0x0000031f      0x212 src/ASF/common/utils/interrupt/interrupt_sam_nvic.o
 .debug_abbrev  0x00000531      0x1fe src/ASF/common/utils/stdio/read.o
 .debug_abbrev  0x0000072f      0x1e9 src/ASF/common/utils/stdio/write.o
 .debug_abbrev  0x00000918      0x368 src/ASF/sam/boards/same70_xplained/init.o
 .debug_abbrev  0x00000c80      0x410 src/ASF/sam/drivers/pio/pio.o
 .debug_abbrev  0x00001090      0x32f src/ASF/sam/drivers/pio/pio_handler.o
 .debug_abbrev  0x000013bf      0x369 src/ASF/sam/drivers/pmc/pmc.o
 .debug_abbrev  0x00001728      0x26e src/ASF/sam/drivers/uart/uart.o
 .debug_abbrev  0x00001996      0x3bd src/ASF/sam/drivers/usart/usart.o
 .debug_abbrev  0x00001d53      0x2e4 src/ASF/sam/utils/cmsis/same70/source/templates/gcc/startup_same70.o
 .debug_abbrev  0x00002037      0x102 src/ASF/sam/utils/cmsis/same70/source/templates/system_same70.o
 .debug_abbrev  0x00002139      0x264 src/ASF/sam/utils/syscalls/gcc/syscalls.o
 .debug_abbrev  0x0000239d      0x495 src/main.o

.debug_loc      0x00000000     0x3ebc
 .debug_loc     0x00000000      0x183 src/ASF/common/services/clock/same70/sysclk.o
 .debug_loc     0x00000183       0xb3 src/ASF/common/utils/stdio/read.o
 .debug_loc     0x00000236      0x12b src/ASF/common/utils/stdio/write.o
 .debug_loc     0x00000361      0x261 src/ASF/sam/boards/same70_xplained/init.o
 .debug_loc     0x000005c2      0xea4 src/ASF/sam/drivers/pio/pio.o
 .debug_loc     0x00001466      0x588 src/ASF/sam/drivers/pio/pio_handler.o
 .debug_loc     0x000019ee      0xce3 src/ASF/sam/drivers/pmc/pmc.o
 .debug_loc     0x000026d1      0x2a3 src/ASF/sam/drivers/uart/uart.o
 .debug_loc     0x00002974      0xf35 src/ASF/sam/drivers/usart/usart.o
 .debug_loc     0x000038a9       0x77 src/ASF/sam/utils/cmsis/same70/source/templates/gcc/startup_same70.o
 .debug_loc     0x00003920       0xfd src/ASF/sam/utils/syscalls/gcc/syscalls.o
 .debug_loc     0x00003a1d      0x49f src/main.o

.debug_aranges  0x00000000      0x998
 .debug_aranges
                0x00000000       0x40 src/ASF/common/services/clock/same70/sysclk.o
 .debug_aranges
                0x00000040       0x28 src/ASF/common/utils/interrupt/interrupt_sam_nvic.o
 .debug_aranges
                0x00000068       0x20 src/ASF/common/utils/stdio/read.o
 .debug_aranges
                0x00000088       0x20 src/ASF/common/utils/stdio/write.o
 .debug_aranges
                0x000000a8       0x20 src/ASF/sam/boards/same70_xplained/init.o
 .debug_aranges
                0x000000c8      0x1a8 src/ASF/sam/drivers/pio/pio.o
 .debug_aranges
                0x00000270       0x60 src/ASF/sam/drivers/pio/pio_handler.o
 .debug_aranges
                0x000002d0      0x250 src/ASF/sam/drivers/pmc/pmc.o
 .debug_aranges
                0x00000520       0xd8 src/ASF/sam/drivers/uart/uart.o
 .debug_aranges
                0x000005f8      0x2a8 src/ASF/sam/drivers/usart/usart.o
 .debug_aranges
                0x000008a0       0x28 src/ASF/sam/utils/cmsis/same70/source/templates/gcc/startup_same70.o
 .debug_aranges
                0x000008c8       0x30 src/ASF/sam/utils/cmsis/same70/source/templates/system_same70.o
 .debug_aranges
                0x000008f8       0x60 src/ASF/sam/utils/syscalls/gcc/syscalls.o
 .debug_aranges
                0x00000958       0x40 src/main.o

.debug_ranges   0x00000000      0xa30
 .debug_ranges  0x00000000       0x30 src/ASF/common/services/clock/same70/sysclk.o
 .debug_ranges  0x00000030       0x18 src/ASF/common/utils/interrupt/interrupt_sam_nvic.o
 .debug_ranges  0x00000048       0x10 src/ASF/common/utils/stdio/read.o
 .debug_ranges  0x00000058       0x10 src/ASF/common/utils/stdio/write.o
 .debug_ranges  0x00000068       0x10 src/ASF/sam/boards/same70_xplained/init.o
 .debug_ranges  0x00000078      0x2a0 src/ASF/sam/drivers/pio/pio.o
 .debug_ranges  0x00000318       0x68 src/ASF/sam/drivers/pio/pio_handler.o
 .debug_ranges  0x00000380      0x240 src/ASF/sam/drivers/pmc/pmc.o
 .debug_ranges  0x000005c0       0xc8 src/ASF/sam/drivers/uart/uart.o
 .debug_ranges  0x00000688      0x298 src/ASF/sam/drivers/usart/usart.o
 .debug_ranges  0x00000920       0x18 src/ASF/sam/utils/cmsis/same70/source/templates/gcc/startup_same70.o
 .debug_ranges  0x00000938       0x20 src/ASF/sam/utils/cmsis/same70/source/templates/system_same70.o
 .debug_ranges  0x00000958       0x50 src/ASF/sam/utils/syscalls/gcc/syscalls.o
 .debug_ranges  0x000009a8       0x88 src/main.o

.debug_macro    0x00000000    0x1e0da
 .debug_macro   0x00000000      0x6d1 src/ASF/common/services/clock/same70/sysclk.o
 .debug_macro   0x000006d1      0x8c8 src/ASF/common/services/clock/same70/sysclk.o
 .debug_macro   0x00000f99      0x64b src/ASF/common/services/clock/same70/sysclk.o
 .debug_macro   0x000015e4       0x3a src/ASF/common/services/clock/same70/sysclk.o
 .debug_macro   0x0000161e      0x16d src/ASF/common/services/clock/same70/sysclk.o
 .debug_macro   0x0000178b       0x76 src/ASF/common/services/clock/same70/sysclk.o
 .debug_macro   0x00001801       0x16 src/ASF/common/services/clock/same70/sysclk.o
 .debug_macro   0x00001817      0x6e4 src/ASF/common/services/clock/same70/sysclk.o
 .debug_macro   0x00001efb       0x22 src/ASF/common/services/clock/same70/sysclk.o
 .debug_macro   0x00001f1d       0x87 src/ASF/common/services/clock/same70/sysclk.o
 .debug_macro   0x00001fa4       0x51 src/ASF/common/services/clock/same70/sysclk.o
 .debug_macro   0x00001ff5       0xef src/ASF/common/services/clock/same70/sysclk.o
 .debug_macro   0x000020e4       0x6a src/ASF/common/services/clock/same70/sysclk.o
 .debug_macro   0x0000214e      0x1df src/ASF/common/services/clock/same70/sysclk.o
 .debug_macro   0x0000232d       0x4a src/ASF/common/services/clock/same70/sysclk.o
 .debug_macro   0x00002377       0x3b src/ASF/common/services/clock/same70/sysclk.o
 .debug_macro   0x000023b2       0x2d src/ASF/common/services/clock/same70/sysclk.o
 .debug_macro   0x000023df       0x26 src/ASF/common/services/clock/same70/sysclk.o
 .debug_macro   0x00002405      0xf9a src/ASF/common/services/clock/same70/sysclk.o
 .debug_macro   0x0000339f      0x175 src/ASF/common/services/clock/same70/sysclk.o
 .debug_macro   0x00003514      0x257 src/ASF/common/services/clock/same70/sysclk.o
 .debug_macro   0x0000376b      0xa0f src/ASF/common/services/clock/same70/sysclk.o
 .debug_macro   0x0000417a      0x1b9 src/ASF/common/services/clock/same70/sysclk.o
 .debug_macro   0x00004333      0x336 src/ASF/common/services/clock/same70/sysclk.o
 .debug_macro   0x00004669      0x15b src/ASF/common/services/clock/same70/sysclk.o
 .debug_macro   0x000047c4     0x1851 src/ASF/common/services/clock/same70/sysclk.o
 .debug_macro   0x00006015       0x1c src/ASF/common/services/clock/same70/sysclk.o
 .debug_macro   0x00006031      0x68d src/ASF/common/services/clock/same70/sysclk.o
 .debug_macro   0x000066be      0x31e src/ASF/common/services/clock/same70/sysclk.o
 .debug_macro   0x000069dc      0x4d4 src/ASF/common/services/clock/same70/sysclk.o
 .debug_macro   0x00006eb0      0x56e src/ASF/common/services/clock/same70/sysclk.o
 .debug_macro   0x0000741e     0x1332 src/ASF/common/services/clock/same70/sysclk.o
 .debug_macro   0x00008750     0x278d src/ASF/common/services/clock/same70/sysclk.o
 .debug_macro   0x0000aedd     0x102b src/ASF/common/services/clock/same70/sysclk.o
 .debug_macro   0x0000bf08      0xe01 src/ASF/common/services/clock/same70/sysclk.o
 .debug_macro   0x0000cd09      0x3b1 src/ASF/common/services/clock/same70/sysclk.o
 .debug_macro   0x0000d0ba       0xa0 src/ASF/common/services/clock/same70/sysclk.o
 .debug_macro   0x0000d15a       0x76 src/ASF/common/services/clock/same70/sysclk.o
 .debug_macro   0x0000d1d0      0x409 src/ASF/common/services/clock/same70/sysclk.o
 .debug_macro   0x0000d5d9       0x64 src/ASF/common/services/clock/same70/sysclk.o
 .debug_macro   0x0000d63d      0x284 src/ASF/common/services/clock/same70/sysclk.o
 .debug_macro   0x0000d8c1      0x1d0 src/ASF/common/services/clock/same70/sysclk.o
 .debug_macro   0x0000da91      0x248 src/ASF/common/services/clock/same70/sysclk.o
 .debug_macro   0x0000dcd9      0x524 src/ASF/common/services/clock/same70/sysclk.o
 .debug_macro   0x0000e1fd      0x63b src/ASF/common/services/clock/same70/sysclk.o
 .debug_macro   0x0000e838      0x6b8 src/ASF/common/services/clock/same70/sysclk.o
 .debug_macro   0x0000eef0       0x4c src/ASF/common/services/clock/same70/sysclk.o
 .debug_macro   0x0000ef3c      0x468 src/ASF/common/services/clock/same70/sysclk.o
 .debug_macro   0x0000f3a4      0x207 src/ASF/common/services/clock/same70/sysclk.o
 .debug_macro   0x0000f5ab      0x866 src/ASF/common/services/clock/same70/sysclk.o
 .debug_macro   0x0000fe11     0x1547 src/ASF/common/services/clock/same70/sysclk.o
 .debug_macro   0x00011358       0x40 src/ASF/common/services/clock/same70/sysclk.o
 .debug_macro   0x00011398       0x76 src/ASF/common/services/clock/same70/sysclk.o
 .debug_macro   0x0001140e      0xdaf src/ASF/common/services/clock/same70/sysclk.o
 .debug_macro   0x000121bd       0x82 src/ASF/common/services/clock/same70/sysclk.o
 .debug_macro   0x0001223f       0x76 src/ASF/common/services/clock/same70/sysclk.o
 .debug_macro   0x000122b5       0x4c src/ASF/common/services/clock/same70/sysclk.o
 .debug_macro   0x00012301      0x135 src/ASF/common/services/clock/same70/sysclk.o
 .debug_macro   0x00012436      0x135 src/ASF/common/services/clock/same70/sysclk.o
 .debug_macro   0x0001256b      0x135 src/ASF/common/services/clock/same70/sysclk.o
 .debug_macro   0x000126a0       0x6a src/ASF/common/services/clock/same70/sysclk.o
 .debug_macro   0x0001270a       0x6a src/ASF/common/services/clock/same70/sysclk.o
 .debug_macro   0x00012774      0x313 src/ASF/common/services/clock/same70/sysclk.o
 .debug_macro   0x00012a87       0xb2 src/ASF/common/services/clock/same70/sysclk.o
 .debug_macro   0x00012b39       0xb2 src/ASF/common/services/clock/same70/sysclk.o
 .debug_macro   0x00012beb       0xb2 src/ASF/common/services/clock/same70/sysclk.o
 .debug_macro   0x00012c9d      0x11d src/ASF/common/services/clock/same70/sysclk.o
 .debug_macro   0x00012dba      0x11d src/ASF/common/services/clock/same70/sysclk.o
 .debug_macro   0x00012ed7      0x2cd src/ASF/common/services/clock/same70/sysclk.o
 .debug_macro   0x000131a4       0xb8 src/ASF/common/services/clock/same70/sysclk.o
 .debug_macro   0x0001325c       0x5e src/ASF/common/services/clock/same70/sysclk.o
 .debug_macro   0x000132ba       0x40 src/ASF/common/services/clock/same70/sysclk.o
 .debug_macro   0x000132fa       0x4c src/ASF/common/services/clock/same70/sysclk.o
 .debug_macro   0x00013346       0xa0 src/ASF/common/services/clock/same70/sysclk.o
 .debug_macro   0x000133e6      0x494 src/ASF/common/services/clock/same70/sysclk.o
 .debug_macro   0x0001387a      0x135 src/ASF/common/services/clock/same70/sysclk.o
 .debug_macro   0x000139af       0x4c src/ASF/common/services/clock/same70/sysclk.o
 .debug_macro   0x000139fb      0x313 src/ASF/common/services/clock/same70/sysclk.o
 .debug_macro   0x00013d0e       0x6a src/ASF/common/services/clock/same70/sysclk.o
 .debug_macro   0x00013d78       0xb8 src/ASF/common/services/clock/same70/sysclk.o
 .debug_macro   0x00013e30       0x6a src/ASF/common/services/clock/same70/sysclk.o
 .debug_macro   0x00013e9a       0x2e src/ASF/common/services/clock/same70/sysclk.o
 .debug_macro   0x00013ec8      0x9b1 src/ASF/common/services/clock/same70/sysclk.o
 .debug_macro   0x00014879       0x6a src/ASF/common/services/clock/same70/sysclk.o
 .debug_macro   0x000148e3       0x88 src/ASF/common/services/clock/same70/sysclk.o
 .debug_macro   0x0001496b       0x58 src/ASF/common/services/clock/same70/sysclk.o
 .debug_macro   0x000149c3       0xe2 src/ASF/common/services/clock/same70/sysclk.o
 .debug_macro   0x00014aa5       0x16 src/ASF/common/services/clock/same70/sysclk.o
 .debug_macro   0x00014abb       0xe2 src/ASF/common/services/clock/same70/sysclk.o
 .debug_macro   0x00014b9d       0x4c src/ASF/common/services/clock/same70/sysclk.o
 .debug_macro   0x00014be9       0x16 src/ASF/common/services/clock/same70/sysclk.o
 .debug_macro   0x00014bff       0x4c src/ASF/common/services/clock/same70/sysclk.o
 .debug_macro   0x00014c4b       0x2e src/ASF/common/services/clock/same70/sysclk.o
 .debug_macro   0x00014c79      0x1b5 src/ASF/common/services/clock/same70/sysclk.o
 .debug_macro   0x00014e2e      0x1b5 src/ASF/common/services/clock/same70/sysclk.o
 .debug_macro   0x00014fe3      0x1b5 src/ASF/common/services/clock/same70/sysclk.o
 .debug_macro   0x00015198      0x1b5 src/ASF/common/services/clock/same70/sysclk.o
 .debug_macro   0x0001534d      0x1b5 src/ASF/common/services/clock/same70/sysclk.o
 .debug_macro   0x00015502       0x1c src/ASF/common/services/clock/same70/sysclk.o
 .debug_macro   0x0001551e       0x2e src/ASF/common/services/clock/same70/sysclk.o
 .debug_macro   0x0001554c       0x22 src/ASF/common/services/clock/same70/sysclk.o
 .debug_macro   0x0001556e       0x1c src/ASF/common/services/clock/same70/sysclk.o
 .debug_macro   0x0001558a       0x52 src/ASF/common/services/clock/same70/sysclk.o
 .debug_macro   0x000155dc       0x10 src/ASF/common/services/clock/same70/sysclk.o
 .debug_macro   0x000155ec       0x1c src/ASF/common/services/clock/same70/sysclk.o
 .debug_macro   0x00015608       0x4c src/ASF/common/services/clock/same70/sysclk.o
 .debug_macro   0x00015654       0x4c src/ASF/common/services/clock/same70/sysclk.o
 .debug_macro   0x000156a0       0x4c src/ASF/common/services/clock/same70/sysclk.o
 .debug_macro   0x000156ec      0x31b src/ASF/common/services/clock/same70/sysclk.o
 .debug_macro   0x00015a07     0x1022 src/ASF/common/services/clock/same70/sysclk.o
 .debug_macro   0x00016a29      0x107 src/ASF/common/services/clock/same70/sysclk.o
 .debug_macro   0x00016b30       0x52 src/ASF/common/services/clock/same70/sysclk.o
 .debug_macro   0x00016b82       0x35 src/ASF/common/services/clock/same70/sysclk.o
 .debug_macro   0x00016bb7       0x9c src/ASF/common/services/clock/same70/sysclk.o
 .debug_macro   0x00016c53       0x16 src/ASF/common/services/clock/same70/sysclk.o
 .debug_macro   0x00016c69       0x35 src/ASF/common/services/clock/same70/sysclk.o
 .debug_macro   0x00016c9e      0x330 src/ASF/common/services/clock/same70/sysclk.o
 .debug_macro   0x00016fce       0x10 src/ASF/common/services/clock/same70/sysclk.o
 .debug_macro   0x00016fde       0x52 src/ASF/common/services/clock/same70/sysclk.o
 .debug_macro   0x00017030       0x1f src/ASF/common/services/clock/same70/sysclk.o
 .debug_macro   0x0001704f       0x43 src/ASF/common/services/clock/same70/sysclk.o
 .debug_macro   0x00017092       0x20 src/ASF/common/services/clock/same70/sysclk.o
 .debug_macro   0x000170b2      0x187 src/ASF/common/services/clock/same70/sysclk.o
 .debug_macro   0x00017239       0x10 src/ASF/common/services/clock/same70/sysclk.o
 .debug_macro   0x00017249       0x1c src/ASF/common/services/clock/same70/sysclk.o
 .debug_macro   0x00017265       0x52 src/ASF/common/services/clock/same70/sysclk.o
 .debug_macro   0x000172b7       0x40 src/ASF/common/services/clock/same70/sysclk.o
 .debug_macro   0x000172f7       0x10 src/ASF/common/services/clock/same70/sysclk.o
 .debug_macro   0x00017307       0x40 src/ASF/common/services/clock/same70/sysclk.o
 .debug_macro   0x00017347       0xd7 src/ASF/common/services/clock/same70/sysclk.o
 .debug_macro   0x0001741e       0x16 src/ASF/common/services/clock/same70/sysclk.o
 .debug_macro   0x00017434      0x18b src/ASF/common/services/clock/same70/sysclk.o
 .debug_macro   0x000175bf       0x22 src/ASF/common/services/clock/same70/sysclk.o
 .debug_macro   0x000175e1       0x16 src/ASF/common/services/clock/same70/sysclk.o
 .debug_macro   0x000175f7       0x16 src/ASF/common/services/clock/same70/sysclk.o
 .debug_macro   0x0001760d       0x29 src/ASF/common/services/clock/same70/sysclk.o
 .debug_macro   0x00017636       0x75 src/ASF/common/services/clock/same70/sysclk.o
 .debug_macro   0x000176ab       0x3f src/ASF/common/services/clock/same70/sysclk.o
 .debug_macro   0x000176ea      0x3ca src/ASF/common/services/clock/same70/sysclk.o
 .debug_macro   0x00017ab4      0x2c0 src/ASF/common/services/clock/same70/sysclk.o
 .debug_macro   0x00017d74      0xa96 src/ASF/common/services/clock/same70/sysclk.o
 .debug_macro   0x0001880a       0x70 src/ASF/common/services/clock/same70/sysclk.o
 .debug_macro   0x0001887a       0x64 src/ASF/common/services/clock/same70/sysclk.o
 .debug_macro   0x000188de       0x5f src/ASF/common/services/clock/same70/sysclk.o
 .debug_macro   0x0001893d       0xac src/ASF/common/services/clock/same70/sysclk.o
 .debug_macro   0x000189e9      0x655 src/ASF/common/utils/interrupt/interrupt_sam_nvic.o
 .debug_macro   0x0001903e      0x655 src/ASF/common/utils/stdio/read.o
 .debug_macro   0x00019693      0x655 src/ASF/common/utils/stdio/write.o
 .debug_macro   0x00019ce8      0x70b src/ASF/sam/boards/same70_xplained/init.o
 .debug_macro   0x0001a3f3       0x22 src/ASF/sam/boards/same70_xplained/init.o
 .debug_macro   0x0001a415       0x82 src/ASF/sam/boards/same70_xplained/init.o
 .debug_macro   0x0001a497       0x94 src/ASF/sam/boards/same70_xplained/init.o
 .debug_macro   0x0001a52b      0x66b src/ASF/sam/drivers/pio/pio.o
 .debug_macro   0x0001ab96       0x8e src/ASF/sam/drivers/pio/pio.o
 .debug_macro   0x0001ac24      0x676 src/ASF/sam/drivers/pio/pio_handler.o
 .debug_macro   0x0001b29a      0x66b src/ASF/sam/drivers/pmc/pmc.o
 .debug_macro   0x0001b905       0x6a src/ASF/sam/drivers/pmc/pmc.o
 .debug_macro   0x0001b96f      0x665 src/ASF/sam/drivers/uart/uart.o
 .debug_macro   0x0001bfd4       0x16 src/ASF/sam/drivers/uart/uart.o
 .debug_macro   0x0001bfea      0x69b src/ASF/sam/drivers/usart/usart.o
 .debug_macro   0x0001c685       0x34 src/ASF/sam/drivers/usart/usart.o
 .debug_macro   0x0001c6b9      0x664 src/ASF/sam/utils/cmsis/same70/source/templates/gcc/startup_same70.o
 .debug_macro   0x0001cd1d       0x10 src/ASF/sam/utils/cmsis/same70/source/templates/gcc/startup_same70.o
 .debug_macro   0x0001cd2d      0x455 src/ASF/sam/utils/cmsis/same70/source/templates/system_same70.o
 .debug_macro   0x0001d182      0x1d6 src/ASF/sam/utils/syscalls/gcc/syscalls.o
 .debug_macro   0x0001d358       0x97 src/ASF/sam/utils/syscalls/gcc/syscalls.o
 .debug_macro   0x0001d3ef       0xf6 src/ASF/sam/utils/syscalls/gcc/syscalls.o
 .debug_macro   0x0001d4e5       0x4c src/ASF/sam/utils/syscalls/gcc/syscalls.o
 .debug_macro   0x0001d531       0x16 src/ASF/sam/utils/syscalls/gcc/syscalls.o
 .debug_macro   0x0001d547       0x10 src/ASF/sam/utils/syscalls/gcc/syscalls.o
 .debug_macro   0x0001d557       0x10 src/ASF/sam/utils/syscalls/gcc/syscalls.o
 .debug_macro   0x0001d567       0x35 src/ASF/sam/utils/syscalls/gcc/syscalls.o
 .debug_macro   0x0001d59c      0x122 src/ASF/sam/utils/syscalls/gcc/syscalls.o
 .debug_macro   0x0001d6be      0x7cc src/main.o
 .debug_macro   0x0001de8a       0x40 src/main.o
 .debug_macro   0x0001deca       0x10 src/main.o
 .debug_macro   0x0001deda      0x1ce src/main.o
 .debug_macro   0x0001e0a8       0x16 src/main.o
 .debug_macro   0x0001e0be       0x1c src/main.o

.debug_line     0x00000000     0xa0c1
 .debug_line    0x00000000      0xb4f src/ASF/common/services/clock/same70/sysclk.o
 .debug_line    0x00000b4f      0xa01 src/ASF/common/utils/interrupt/interrupt_sam_nvic.o
 .debug_line    0x00001550      0x9e7 src/ASF/common/utils/stdio/read.o
 .debug_line    0x00001f37      0x9df src/ASF/common/utils/stdio/write.o
 .debug_line    0x00002916      0xc30 src/ASF/sam/boards/same70_xplained/init.o
 .debug_line    0x00003546      0xee3 src/ASF/sam/drivers/pio/pio.o
 .debug_line    0x00004429      0xabf src/ASF/sam/drivers/pio/pio_handler.o
 .debug_line    0x00004ee8     0x106b src/ASF/sam/drivers/pmc/pmc.o
 .debug_line    0x00005f53      0xb79 src/ASF/sam/drivers/uart/uart.o
 .debug_line    0x00006acc     0x1076 src/ASF/sam/drivers/usart/usart.o
 .debug_line    0x00007b42      0xa73 src/ASF/sam/utils/cmsis/same70/source/templates/gcc/startup_same70.o
 .debug_line    0x000085b5      0x7e9 src/ASF/sam/utils/cmsis/same70/source/templates/system_same70.o
 .debug_line    0x00008d9e      0x40b src/ASF/sam/utils/syscalls/gcc/syscalls.o
 .debug_line    0x000091a9      0xf18 src/main.o

.debug_str      0x00000000    0x8b004
 .debug_str     0x00000000    0x85c45 src/ASF/common/services/clock/same70/sysclk.o
                              0x862fe (size before relaxing)
 .debug_str     0x00085c45       0x94 src/ASF/common/utils/interrupt/interrupt_sam_nvic.o
                              0x81cb0 (size before relaxing)
 .debug_str     0x00085cd9       0x3f src/ASF/common/utils/stdio/read.o
                              0x81c59 (size before relaxing)
 .debug_str     0x00085d18       0x2e src/ASF/common/utils/stdio/write.o
                              0x81c5a (size before relaxing)
 .debug_str     0x00085d46      0xffc src/ASF/sam/boards/same70_xplained/init.o
                              0x86f23 (size before relaxing)
 .debug_str     0x00086d42      0x5b8 src/ASF/sam/drivers/pio/pio.o
                              0x82806 (size before relaxing)
 .debug_str     0x000872fa      0x44f src/ASF/sam/drivers/pio/pio_handler.o
                              0x82928 (size before relaxing)
 .debug_str     0x00087749      0x6b5 src/ASF/sam/drivers/pmc/pmc.o
                              0x8296a (size before relaxing)
 .debug_str     0x00087dfe      0x301 src/ASF/sam/drivers/uart/uart.o
                              0x81f60 (size before relaxing)
 .debug_str     0x000880ff      0xb6a src/ASF/sam/drivers/usart/usart.o
                              0x827f8 (size before relaxing)
 .debug_str     0x00088c69      0x6a3 src/ASF/sam/utils/cmsis/same70/source/templates/gcc/startup_same70.o
                              0x8247d (size before relaxing)
 .debug_str     0x0008930c      0x137 src/ASF/sam/utils/cmsis/same70/source/templates/system_same70.o
                              0x72833 (size before relaxing)
 .debug_str     0x00089443      0x778 src/ASF/sam/utils/syscalls/gcc/syscalls.o
                               0x72f9 (size before relaxing)
 .debug_str     0x00089bbb     0x1449 src/main.o
                              0x88685 (size before relaxing)

.debug_frame    0x00000000     0x2038
 .debug_frame   0x00000000       0x88 src/ASF/common/services/clock/same70/sysclk.o
 .debug_frame   0x00000088       0x30 src/ASF/common/utils/interrupt/interrupt_sam_nvic.o
 .debug_frame   0x000000b8       0x30 src/ASF/common/utils/stdio/read.o
 .debug_frame   0x000000e8       0x48 src/ASF/common/utils/stdio/write.o
 .debug_frame   0x00000130       0x30 src/ASF/sam/boards/same70_xplained/init.o
 .debug_frame   0x00000160      0x390 src/ASF/sam/drivers/pio/pio.o
 .debug_frame   0x000004f0      0x110 src/ASF/sam/drivers/pio/pio_handler.o
 .debug_frame   0x00000600      0x494 src/ASF/sam/drivers/pmc/pmc.o
 .debug_frame   0x00000a94      0x19c src/ASF/sam/drivers/uart/uart.o
 .debug_frame   0x00000c30      0x5c0 src/ASF/sam/drivers/usart/usart.o
 .debug_frame   0x000011f0       0x38 src/ASF/sam/utils/cmsis/same70/source/templates/gcc/startup_same70.o
 .debug_frame   0x00001228       0x40 src/ASF/sam/utils/cmsis/same70/source/templates/system_same70.o
 .debug_frame   0x00001268       0xa0 src/ASF/sam/utils/syscalls/gcc/syscalls.o
 .debug_frame   0x00001308       0x98 src/main.o
 .debug_frame   0x000013a0       0x2c c:/program files (x86)/atmel/studio/7.0/toolchain/arm/arm-gnu-toolchain/bin/../lib/gcc/arm-none-eabi/6.2.1/../../../../arm-none-eabi/lib/thumb/v7e-m\libc.a(lib_a-init.o)
 .debug_frame   0x000013cc       0x74 c:/program files (x86)/atmel/studio/7.0/toolchain/arm/arm-gnu-toolchain/bin/../lib/gcc/arm-none-eabi/6.2.1/../../../../arm-none-eabi/lib/thumb/v7e-m\libc.a(lib_a-iprintf.o)
 .debug_frame   0x00001440       0x34 c:/program files (x86)/atmel/studio/7.0/toolchain/arm/arm-gnu-toolchain/bin/../lib/gcc/arm-none-eabi/6.2.1/../../../../arm-none-eabi/lib/thumb/v7e-m\libc.a(lib_a-memset.o)
 .debug_frame   0x00001474       0x48 c:/program files (x86)/atmel/studio/7.0/toolchain/arm/arm-gnu-toolchain/bin/../lib/gcc/arm-none-eabi/6.2.1/../../../../arm-none-eabi/lib/thumb/v7e-m\libc.a(lib_a-puts.o)
 .debug_frame   0x000014bc       0x20 c:/program files (x86)/atmel/studio/7.0/toolchain/arm/arm-gnu-toolchain/bin/../lib/gcc/arm-none-eabi/6.2.1/../../../../arm-none-eabi/lib/thumb/v7e-m\libc.a(lib_a-setbuf.o)
 .debug_frame   0x000014dc       0x50 c:/program files (x86)/atmel/studio/7.0/toolchain/arm/arm-gnu-toolchain/bin/../lib/gcc/arm-none-eabi/6.2.1/../../../../arm-none-eabi/lib/thumb/v7e-m\libc.a(lib_a-setvbuf.o)
 .debug_frame   0x0000152c       0xc4 c:/program files (x86)/atmel/studio/7.0/toolchain/arm/arm-gnu-toolchain/bin/../lib/gcc/arm-none-eabi/6.2.1/../../../../arm-none-eabi/lib/thumb/v7e-m\libc.a(lib_a-vfiprintf.o)
 .debug_frame   0x000015f0       0x2c c:/program files (x86)/atmel/studio/7.0/toolchain/arm/arm-gnu-toolchain/bin/../lib/gcc/arm-none-eabi/6.2.1/../../../../arm-none-eabi/lib/thumb/v7e-m\libc.a(lib_a-wsetup.o)
 .debug_frame   0x0000161c       0x50 c:/program files (x86)/atmel/studio/7.0/toolchain/arm/arm-gnu-toolchain/bin/../lib/gcc/arm-none-eabi/6.2.1/../../../../arm-none-eabi/lib/thumb/v7e-m\libc.a(lib_a-__call_atexit.o)
 .debug_frame   0x0000166c       0x20 c:/program files (x86)/atmel/studio/7.0/toolchain/arm/arm-gnu-toolchain/bin/../lib/gcc/arm-none-eabi/6.2.1/../../../../arm-none-eabi/lib/thumb/v7e-m\libc.a(lib_a-atexit.o)
 .debug_frame   0x0000168c       0x6c c:/program files (x86)/atmel/studio/7.0/toolchain/arm/arm-gnu-toolchain/bin/../lib/gcc/arm-none-eabi/6.2.1/../../../../arm-none-eabi/lib/thumb/v7e-m\libc.a(lib_a-fflush.o)
 .debug_frame   0x000016f8      0x124 c:/program files (x86)/atmel/studio/7.0/toolchain/arm/arm-gnu-toolchain/bin/../lib/gcc/arm-none-eabi/6.2.1/../../../../arm-none-eabi/lib/thumb/v7e-m\libc.a(lib_a-findfp.o)
 .debug_frame   0x0000181c       0x34 c:/program files (x86)/atmel/studio/7.0/toolchain/arm/arm-gnu-toolchain/bin/../lib/gcc/arm-none-eabi/6.2.1/../../../../arm-none-eabi/lib/thumb/v7e-m\libc.a(lib_a-fini.o)
 .debug_frame   0x00001850       0x8c c:/program files (x86)/atmel/studio/7.0/toolchain/arm/arm-gnu-toolchain/bin/../lib/gcc/arm-none-eabi/6.2.1/../../../../arm-none-eabi/lib/thumb/v7e-m\libc.a(lib_a-fputwc.o)
 .debug_frame   0x000018dc       0x74 c:/program files (x86)/atmel/studio/7.0/toolchain/arm/arm-gnu-toolchain/bin/../lib/gcc/arm-none-eabi/6.2.1/../../../../arm-none-eabi/lib/thumb/v7e-m\libc.a(lib_a-freer.o)
 .debug_frame   0x00001950       0x68 c:/program files (x86)/atmel/studio/7.0/toolchain/arm/arm-gnu-toolchain/bin/../lib/gcc/arm-none-eabi/6.2.1/../../../../arm-none-eabi/lib/thumb/v7e-m\libc.a(lib_a-fvwrite.o)
 .debug_frame   0x000019b8       0x54 c:/program files (x86)/atmel/studio/7.0/toolchain/arm/arm-gnu-toolchain/bin/../lib/gcc/arm-none-eabi/6.2.1/../../../../arm-none-eabi/lib/thumb/v7e-m\libc.a(lib_a-fwalk.o)
 .debug_frame   0x00001a0c       0x6c c:/program files (x86)/atmel/studio/7.0/toolchain/arm/arm-gnu-toolchain/bin/../lib/gcc/arm-none-eabi/6.2.1/../../../../arm-none-eabi/lib/thumb/v7e-m\libc.a(lib_a-locale.o)
 .debug_frame   0x00001a78       0x68 c:/program files (x86)/atmel/studio/7.0/toolchain/arm/arm-gnu-toolchain/bin/../lib/gcc/arm-none-eabi/6.2.1/../../../../arm-none-eabi/lib/thumb/v7e-m\libc.a(lib_a-makebuf.o)
 .debug_frame   0x00001ae0       0x30 c:/program files (x86)/atmel/studio/7.0/toolchain/arm/arm-gnu-toolchain/bin/../lib/gcc/arm-none-eabi/6.2.1/../../../../arm-none-eabi/lib/thumb/v7e-m\libc.a(lib_a-malloc.o)
 .debug_frame   0x00001b10       0x58 c:/program files (x86)/atmel/studio/7.0/toolchain/arm/arm-gnu-toolchain/bin/../lib/gcc/arm-none-eabi/6.2.1/../../../../arm-none-eabi/lib/thumb/v7e-m\libc.a(lib_a-mallocr.o)
 .debug_frame   0x00001b68       0x4c c:/program files (x86)/atmel/studio/7.0/toolchain/arm/arm-gnu-toolchain/bin/../lib/gcc/arm-none-eabi/6.2.1/../../../../arm-none-eabi/lib/thumb/v7e-m\libc.a(lib_a-mbtowc_r.o)
 .debug_frame   0x00001bb4       0x30 c:/program files (x86)/atmel/studio/7.0/toolchain/arm/arm-gnu-toolchain/bin/../lib/gcc/arm-none-eabi/6.2.1/../../../../arm-none-eabi/lib/thumb/v7e-m\libc.a(lib_a-memmove.o)
 .debug_frame   0x00001be4       0x30 c:/program files (x86)/atmel/studio/7.0/toolchain/arm/arm-gnu-toolchain/bin/../lib/gcc/arm-none-eabi/6.2.1/../../../../arm-none-eabi/lib/thumb/v7e-m\libc.a(lib_a-mlock.o)
 .debug_frame   0x00001c14       0x68 c:/program files (x86)/atmel/studio/7.0/toolchain/arm/arm-gnu-toolchain/bin/../lib/gcc/arm-none-eabi/6.2.1/../../../../arm-none-eabi/lib/thumb/v7e-m\libc.a(lib_a-reallocr.o)
 .debug_frame   0x00001c7c       0x2c c:/program files (x86)/atmel/studio/7.0/toolchain/arm/arm-gnu-toolchain/bin/../lib/gcc/arm-none-eabi/6.2.1/../../../../arm-none-eabi/lib/thumb/v7e-m\libc.a(lib_a-sbrkr.o)
 .debug_frame   0x00001ca8       0x88 c:/program files (x86)/atmel/studio/7.0/toolchain/arm/arm-gnu-toolchain/bin/../lib/gcc/arm-none-eabi/6.2.1/../../../../arm-none-eabi/lib/thumb/v7e-m\libc.a(lib_a-stdio.o)
 .debug_frame   0x00001d30       0x40 c:/program files (x86)/atmel/studio/7.0/toolchain/arm/arm-gnu-toolchain/bin/../lib/gcc/arm-none-eabi/6.2.1/../../../../arm-none-eabi/lib/thumb/v7e-m\libc.a(lib_a-wbuf.o)
 .debug_frame   0x00001d70       0x5c c:/program files (x86)/atmel/studio/7.0/toolchain/arm/arm-gnu-toolchain/bin/../lib/gcc/arm-none-eabi/6.2.1/../../../../arm-none-eabi/lib/thumb/v7e-m\libc.a(lib_a-wcrtomb.o)
 .debug_frame   0x00001dcc       0x3c c:/program files (x86)/atmel/studio/7.0/toolchain/arm/arm-gnu-toolchain/bin/../lib/gcc/arm-none-eabi/6.2.1/../../../../arm-none-eabi/lib/thumb/v7e-m\libc.a(lib_a-wctomb_r.o)
 .debug_frame   0x00001e08       0x2c c:/program files (x86)/atmel/studio/7.0/toolchain/arm/arm-gnu-toolchain/bin/../lib/gcc/arm-none-eabi/6.2.1/../../../../arm-none-eabi/lib/thumb/v7e-m\libc.a(lib_a-writer.o)
 .debug_frame   0x00001e34       0x34 c:/program files (x86)/atmel/studio/7.0/toolchain/arm/arm-gnu-toolchain/bin/../lib/gcc/arm-none-eabi/6.2.1/../../../../arm-none-eabi/lib/thumb/v7e-m\libc.a(lib_a-__atexit.o)
 .debug_frame   0x00001e68       0x2c c:/program files (x86)/atmel/studio/7.0/toolchain/arm/arm-gnu-toolchain/bin/../lib/gcc/arm-none-eabi/6.2.1/../../../../arm-none-eabi/lib/thumb/v7e-m\libc.a(lib_a-closer.o)
 .debug_frame   0x00001e94       0x3c c:/program files (x86)/atmel/studio/7.0/toolchain/arm/arm-gnu-toolchain/bin/../lib/gcc/arm-none-eabi/6.2.1/../../../../arm-none-eabi/lib/thumb/v7e-m\libc.a(lib_a-fclose.o)
 .debug_frame   0x00001ed0       0x2c c:/program files (x86)/atmel/studio/7.0/toolchain/arm/arm-gnu-toolchain/bin/../lib/gcc/arm-none-eabi/6.2.1/../../../../arm-none-eabi/lib/thumb/v7e-m\libc.a(lib_a-fstatr.o)
 .debug_frame   0x00001efc       0x2c c:/program files (x86)/atmel/studio/7.0/toolchain/arm/arm-gnu-toolchain/bin/../lib/gcc/arm-none-eabi/6.2.1/../../../../arm-none-eabi/lib/thumb/v7e-m\libc.a(lib_a-isattyr.o)
 .debug_frame   0x00001f28       0x2c c:/program files (x86)/atmel/studio/7.0/toolchain/arm/arm-gnu-toolchain/bin/../lib/gcc/arm-none-eabi/6.2.1/../../../../arm-none-eabi/lib/thumb/v7e-m\libc.a(lib_a-lseekr.o)
 .debug_frame   0x00001f54       0x2c c:/program files (x86)/atmel/studio/7.0/toolchain/arm/arm-gnu-toolchain/bin/../lib/gcc/arm-none-eabi/6.2.1/../../../../arm-none-eabi/lib/thumb/v7e-m\libc.a(lib_a-readr.o)
 .debug_frame   0x00001f80       0x58 c:/program files (x86)/atmel/studio/7.0/toolchain/arm/arm-gnu-toolchain/bin/../lib/gcc/arm-none-eabi/6.2.1/../../../../arm-none-eabi/lib/thumb/v7e-m\libc.a(lib_a-reent.o)
 .debug_frame   0x00001fd8       0x2c c:/program files (x86)/atmel/studio/7.0/toolchain/arm/arm-gnu-toolchain/bin/../lib/gcc/arm-none-eabi/6.2.1/thumb/v7e-m\libgcc.a(_aeabi_uldivmod.o)
 .debug_frame   0x00002004       0x34 c:/program files (x86)/atmel/studio/7.0/toolchain/arm/arm-gnu-toolchain/bin/../lib/gcc/arm-none-eabi/6.2.1/thumb/v7e-m\libgcc.a(_udivmoddi4.o)

Cross Reference Table

Symbol                                            File
ACC_Handler                                       src/ASF/sam/utils/cmsis/same70/source/templates/gcc/startup_same70.o
AES_Handler                                       src/ASF/sam/utils/cmsis/same70/source/templates/gcc/startup_same70.o
AFEC0_Handler                                     src/ASF/sam/utils/cmsis/same70/source/templates/gcc/startup_same70.o
AFEC1_Handler                                     src/ASF/sam/utils/cmsis/same70/source/templates/gcc/startup_same70.o
BusFault_Handler                                  src/ASF/sam/utils/cmsis/same70/source/templates/gcc/startup_same70.o
DACC_Handler                                      src/ASF/sam/utils/cmsis/same70/source/templates/gcc/startup_same70.o
DebugMon_Handler                                  src/ASF/sam/utils/cmsis/same70/source/templates/gcc/startup_same70.o
Dummy_Handler                                     src/ASF/sam/utils/cmsis/same70/source/templates/gcc/startup_same70.o
EFC_Handler                                       src/ASF/sam/utils/cmsis/same70/source/templates/gcc/startup_same70.o
GMAC_Handler                                      src/ASF/sam/utils/cmsis/same70/source/templates/gcc/startup_same70.o
HSMCI_Handler                                     src/ASF/sam/utils/cmsis/same70/source/templates/gcc/startup_same70.o
HardFault_Handler                                 src/ASF/sam/utils/cmsis/same70/source/templates/gcc/startup_same70.o
ICM_Handler                                       src/ASF/sam/utils/cmsis/same70/source/templates/gcc/startup_same70.o
ISI_Handler                                       src/ASF/sam/utils/cmsis/same70/source/templates/gcc/startup_same70.o
MCAN0_Handler                                     src/ASF/sam/utils/cmsis/same70/source/templates/gcc/startup_same70.o
MCAN1_Handler                                     src/ASF/sam/utils/cmsis/same70/source/templates/gcc/startup_same70.o
MemManage_Handler                                 src/ASF/sam/utils/cmsis/same70/source/templates/gcc/startup_same70.o
NMI_Handler                                       src/ASF/sam/utils/cmsis/same70/source/templates/gcc/startup_same70.o
PIOA_Handler                                      src/ASF/sam/drivers/pio/pio_handler.o
PIOB_Handler                                      src/ASF/sam/drivers/pio/pio_handler.o
PIOC_Handler                                      src/ASF/sam/drivers/pio/pio_handler.o
PIOD_Handler                                      src/ASF/sam/drivers/pio/pio_handler.o
PIOE_Handler                                      src/ASF/sam/drivers/pio/pio_handler.o
PMC_Handler                                       src/ASF/sam/utils/cmsis/same70/source/templates/gcc/startup_same70.o
PWM0_Handler                                      src/ASF/sam/utils/cmsis/same70/source/templates/gcc/startup_same70.o
PWM1_Handler                                      src/ASF/sam/utils/cmsis/same70/source/templates/gcc/startup_same70.o
PendSV_Handler                                    src/ASF/sam/utils/cmsis/same70/source/templates/gcc/startup_same70.o
QSPI_Handler                                      src/ASF/sam/utils/cmsis/same70/source/templates/gcc/startup_same70.o
RSTC_Handler                                      src/ASF/sam/utils/cmsis/same70/source/templates/gcc/startup_same70.o
RSWDT_Handler                                     src/ASF/sam/utils/cmsis/same70/source/templates/gcc/startup_same70.o
RTC_Handler                                       src/ASF/sam/utils/cmsis/same70/source/templates/gcc/startup_same70.o
RTT_Handler                                       src/ASF/sam/utils/cmsis/same70/source/templates/gcc/startup_same70.o
Reset_Handler                                     src/ASF/sam/utils/cmsis/same70/source/templates/gcc/startup_same70.o
SDRAMC_Handler                                    src/ASF/sam/utils/cmsis/same70/source/templates/gcc/startup_same70.o
SPI0_Handler                                      src/ASF/sam/utils/cmsis/same70/source/templates/gcc/startup_same70.o
SPI1_Handler                                      src/ASF/sam/utils/cmsis/same70/source/templates/gcc/startup_same70.o
SSC_Handler                                       src/ASF/sam/utils/cmsis/same70/source/templates/gcc/startup_same70.o
SUPC_Handler                                      src/ASF/sam/utils/cmsis/same70/source/templates/gcc/startup_same70.o
SVC_Handler                                       src/ASF/sam/utils/cmsis/same70/source/templates/gcc/startup_same70.o
SysTick_Handler                                   src/main.o
                                                  src/ASF/sam/utils/cmsis/same70/source/templates/gcc/startup_same70.o