Archive member included to satisfy reference by file (symbol)

c:/program files (x86)/atmel/studio/7.0/toolchain/arm/arm-gnu-toolchain/bin/../lib/gcc/arm-none-eabi/6.2.1/thumb/v7e-m\libgcc.a(_aeabi_uldivmod.o)
                              src/main.o (__aeabi_uldivmod)
c:/program files (x86)/atmel/studio/7.0/toolchain/arm/arm-gnu-toolchain/bin/../lib/gcc/arm-none-eabi/6.2.1/thumb/v7e-m\libgcc.a(_udivmoddi4.o)
                              c:/program files (x86)/atmel/studio/7.0/toolchain/arm/arm-gnu-toolchain/bin/../lib/gcc/arm-none-eabi/6.2.1/thumb/v7e-m\libgcc.a(_aeabi_uldivmod.o) (__udivmoddi4)
c:/program files (x86)/atmel/studio/7.0/toolchain/arm/arm-gnu-toolchain/bin/../lib/gcc/arm-none-eabi/6.2.1/thumb/v7e-m\libgcc.a(_dvmd_tls.o)
                              c:/program files (x86)/atmel/studio/7.0/toolchain/arm/arm-gnu-toolchain/bin/../lib/gcc/arm-none-eabi/6.2.1/thumb/v7e-m\libgcc.a(_aeabi_uldivmod.o) (__aeabi_ldiv0)
c:/program files (x86)/atmel/studio/7.0/toolchain/arm/arm-gnu-toolchain/bin/../lib/gcc/arm-none-eabi/6.2.1/../../../../arm-none-eabi/lib/thumb/v7e-m\libc.a(lib_a-exit.o)
                              c:/program files (x86)/atmel/studio/7.0/toolchain/arm/arm-gnu-toolchain/bin/../lib/gcc/arm-none-eabi/6.2.1/../../../../arm-none-eabi/lib/thumb/v7e-m/crt0.o (exit)
c:/program files (x86)/atmel/studio/7.0/toolchain/arm/arm-gnu-toolchain/bin/../lib/gcc/arm-none-eabi/6.2.1/../../../../arm-none-eabi/lib/thumb/v7e-m\libc.a(lib_a-impure.o)
                              c:/program files (x86)/atmel/studio/7.0/toolchain/arm/arm-gnu-toolchain/bin/../lib/gcc/arm-none-eabi/6.2.1/../../../../arm-none-eabi/lib/thumb/v7e-m\libc.a(lib_a-exit.o) (_global_impure_ptr)
c:/program files (x86)/atmel/studio/7.0/toolchain/arm/arm-gnu-toolchain/bin/../lib/gcc/arm-none-eabi/6.2.1/../../../../arm-none-eabi/lib/thumb/v7e-m\libc.a(lib_a-init.o)
                              c:/program files (x86)/atmel/studio/7.0/toolchain/arm/arm-gnu-toolchain/bin/../lib/gcc/arm-none-eabi/6.2.1/../../../../arm-none-eabi/lib/thumb/v7e-m/crt0.o (__libc_init_array)
c:/program files (x86)/atmel/studio/7.0/toolchain/arm/arm-gnu-toolchain/bin/../lib/gcc/arm-none-eabi/6.2.1/../../../../arm-none-eabi/lib/thumb/v7e-m\libc.a(lib_a-iprintf.o)
                              src/main.o (iprintf)
c:/program files (x86)/atmel/studio/7.0/toolchain/arm/arm-gnu-toolchain/bin/../lib/gcc/arm-none-eabi/6.2.1/../../../../arm-none-eabi/lib/thumb/v7e-m\libc.a(lib_a-memset.o)
                              c:/program files (x86)/atmel/studio/7.0/toolchain/arm/arm-gnu-toolchain/bin/../lib/gcc/arm-none-eabi/6.2.1/../../../../arm-none-eabi/lib/thumb/v7e-m/crt0.o (memset)
c:/program files (x86)/atmel/studio/7.0/toolchain/arm/arm-gnu-toolchain/bin/../lib/gcc/arm-none-eabi/6.2.1/../../../../arm-none-eabi/lib/thumb/v7e-m\libc.a(lib_a-setbuf.o)
                              src/main.o (setbuf)
c:/program files (x86)/atmel/studio/7.0/toolchain/arm/arm-gnu-toolchain/bin/../lib/gcc/arm-none-eabi/6.2.1/../../../../arm-none-eabi/lib/thumb/v7e-m\libc.a(lib_a-setvbuf.o)
                              c:/program files (x86)/atmel/studio/7.0/toolchain/arm/arm-gnu-toolchain/bin/../lib/gcc/arm-none-eabi/6.2.1/../../../../arm-none-eabi/lib/thumb/v7e-m\libc.a(lib_a-setbuf.o) (setvbuf)
c:/program files (x86)/atmel/studio/7.0/toolchain/arm/arm-gnu-toolchain/bin/../lib/gcc/arm-none-eabi/6.2.1/../../../../arm-none-eabi/lib/thumb/v7e-m\libc.a(lib_a-vfiprintf.o)
                              c:/program files (x86)/atmel/studio/7.0/toolchain/arm/arm-gnu-toolchain/bin/../lib/gcc/arm-none-eabi/6.2.1/../../../../arm-none-eabi/lib/thumb/v7e-m\libc.a(lib_a-iprintf.o) (_vfiprintf_r)
c:/program files (x86)/atmel/studio/7.0/toolchain/arm/arm-gnu-toolchain/bin/../lib/gcc/arm-none-eabi/6.2.1/../../../../arm-none-eabi/lib/thumb/v7e-m\libc.a(lib_a-wsetup.o)
                              c:/program files (x86)/atmel/studio/7.0/toolchain/arm/arm-gnu-toolchain/bin/../lib/gcc/arm-none-eabi/6.2.1/../../../../arm-none-eabi/lib/thumb/v7e-m\libc.a(lib_a-vfiprintf.o) (__swsetup_r)
c:/program files (x86)/atmel/studio/7.0/toolchain/arm/arm-gnu-toolchain/bin/../lib/gcc/arm-none-eabi/6.2.1/../../../../arm-none-eabi/lib/thumb/v7e-m\libc.a(lib_a-__call_atexit.o)
                              c:/program files (x86)/atmel/studio/7.0/toolchain/arm/arm-gnu-toolchain/bin/../lib/gcc/arm-none-eabi/6.2.1/../../../../arm-none-eabi/lib/thumb/v7e-m\libc.a(lib_a-exit.o) (__call_exitprocs)
c:/program files (x86)/atmel/studio/7.0/toolchain/arm/arm-gnu-toolchain/bin/../lib/gcc/arm-none-eabi/6.2.1/../../../../arm-none-eabi/lib/thumb/v7e-m\libc.a(lib_a-atexit.o)
                              c:/program files (x86)/atmel/studio/7.0/toolchain/arm/arm-gnu-toolchain/bin/../lib/gcc/arm-none-eabi/6.2.1/../../../../arm-none-eabi/lib/thumb/v7e-m\libc.a(lib_a-__call_atexit.o) (atexit)
[...]
Memory Configuration

Name             Origin             Length             Attributes
rom              0x00400000         0x00200000         xr
ram              0x20400000         0x00060000         xrw
*default*        0x00000000         0xffffffff

Linker script and memory map

LOAD c:/program files (x86)/atmel/studio/7.0/toolchain/arm/arm-gnu-toolchain/bin/../lib/gcc/arm-none-eabi/6.2.1/thumb/v7e-m/crti.o
LOAD c:/program files (x86)/atmel/studio/7.0/toolchain/arm/arm-gnu-toolchain/bin/../lib/gcc/arm-none-eabi/6.2.1/thumb/v7e-m/crtbegin.o
LOAD c:/program files (x86)/atmel/studio/7.0/toolchain/arm/arm-gnu-toolchain/bin/../lib/gcc/arm-none-eabi/6.2.1/../../../../arm-none-eabi/lib/thumb/v7e-m/crt0.o
LOAD src/ASF/common/services/clock/same70/sysclk.o
LOAD src/ASF/common/services/delay/sam/cycle_counter.o
LOAD src/ASF/common/services/serial/usart_serial.o
LOAD src/ASF/common/services/sleepmgr/sam/sleepmgr.o
LOAD src/ASF/common/utils/interrupt/interrupt_sam_nvic.o
LOAD src/ASF/common/utils/stdio/read.o
LOAD src/ASF/common/utils/stdio/write.o
LOAD src/ASF/sam/boards/same70_xplained/init.o
LOAD src/ASF/sam/drivers/matrix/matrix.o
LOAD src/ASF/sam/drivers/mpu/mpu.o
LOAD src/ASF/sam/drivers/pio/pio.o
LOAD src/ASF/sam/drivers/pio/pio_handler.o
LOAD src/ASF/sam/drivers/pmc/pmc.o
LOAD src/ASF/sam/drivers/pmc/sleep.o
LOAD src/ASF/sam/drivers/rtc/rtc.o
LOAD src/ASF/sam/drivers/tc/tc.o
LOAD src/ASF/sam/drivers/uart/uart.o
LOAD src/ASF/sam/drivers/usart/usart.o
LOAD src/ASF/sam/drivers/xdmac/xdmac.o
LOAD src/ASF/sam/utils/cmsis/same70/source/templates/gcc/startup_same70.o
LOAD src/ASF/sam/utils/cmsis/same70/source/templates/system_same70.o
LOAD src/ASF/sam/utils/syscalls/gcc/syscalls.o
LOAD src/main.o
START GROUP
LOAD ../src/ASF/thirdparty/CMSIS/Lib/GCC\libarm_cortexM7lfsp_math_softfp.a
LOAD c:/program files (x86)/atmel/studio/7.0/toolchain/arm/arm-gnu-toolchain/bin/../lib/gcc/arm-none-eabi/6.2.1/../../../../arm-none-eabi/lib/thumb/v7e-m\libm.a
END GROUP
START GROUP
LOAD c:/program files (x86)/atmel/studio/7.0/toolchain/arm/arm-gnu-toolchain/bin/../lib/gcc/arm-none-eabi/6.2.1/thumb/v7e-m\libgcc.a
LOAD c:/program files (x86)/atmel/studio/7.0/toolchain/arm/arm-gnu-toolchain/bin/../lib/gcc/arm-none-eabi/6.2.1/../../../../arm-none-eabi/lib/thumb/v7e-m\libc.a
END GROUP
LOAD c:/program files (x86)/atmel/studio/7.0/toolchain/arm/arm-gnu-toolchain/bin/../lib/gcc/arm-none-eabi/6.2.1/thumb/v7e-m/crtend.o
LOAD c:/program files (x86)/atmel/studio/7.0/toolchain/arm/arm-gnu-toolchain/bin/../lib/gcc/arm-none-eabi/6.2.1/thumb/v7e-m/crtn.o
                0x00002000                STACK_SIZE = DEFINED (STACK_SIZE)?STACK_SIZE:0x2000
                0x2045fffc                __ram_end__ = ((ORIGIN (ram) + LENGTH (ram)) - 0x4)
                0x00000200                HEAP_SIZE = DEFINED (HEAP_SIZE)?HEAP_SIZE:0x200

.text           0x00400000     0x5214
                0x00400000                . = ALIGN (0x4)
                0x00400000                _sfixed = .
 *(.vectors .vectors.*)
 .vectors       0x00400000      0x140 src/ASF/sam/utils/cmsis/same70/source/templates/gcc/startup_same70.o
                0x00400000                exception_table
 *(.text .text.* .gnu.linkonce.t.*)
 .text          0x00400140       0x6c c:/program files (x86)/atmel/studio/7.0/toolchain/arm/arm-gnu-toolchain/bin/../lib/gcc/arm-none-eabi/6.2.1/thumb/v7e-m/crtbegin.o
 .text.osc_enable
                0x004001ac       0x88 src/ASF/common/services/clock/same70/sysclk.o
 .text.osc_is_ready
                0x00400234       0x70 src/ASF/common/services/clock/same70/sysclk.o
 .text.osc_get_rate
                0x004002a4       0x74 src/ASF/common/services/clock/same70/sysclk.o
 .text.osc_wait_ready
                0x00400318       0x2c src/ASF/common/services/clock/same70/sysclk.o
 .text.pll_config_init
                0x00400344       0x6c src/ASF/common/services/clock/same70/sysclk.o
 .text.pll_enable
                0x004003b0       0x40 src/ASF/common/services/clock/same70/sysclk.o
 .text.pll_is_locked
                0x004003f0       0x2c src/ASF/common/services/clock/same70/sysclk.o
 .text.pll_enable_source
                0x0040041c       0x38 src/ASF/common/services/clock/same70/sysclk.o
 .text.pll_wait_for_lock
                0x00400454       0x24 src/ASF/common/services/clock/same70/sysclk.o
 .text.sysclk_get_main_hz
                0x00400478       0x20 src/ASF/common/services/clock/same70/sysclk.o
 .text.sysclk_get_cpu_hz
                0x00400498       0x14 src/ASF/common/services/clock/same70/sysclk.o
 .text.sysclk_init
                0x004004ac       0x7c src/ASF/common/services/clock/same70/sysclk.o
                0x004004ac                sysclk_init
 .text._read    0x00400528       0x54 src/ASF/common/utils/stdio/read.o
                0x00400528                _read
 .text._write   0x0040057c       0x6c src/ASF/common/utils/stdio/write.o
                0x0040057c                _write
 .text.SCB_EnableICache
                0x004005e8       0x38 src/ASF/sam/boards/same70_xplained/init.o
 .text.SCB_EnableDCache
                0x00400620       0xa4 src/ASF/sam/boards/same70_xplained/init.o
 .text.sysclk_enable_peripheral_clock
                0x004006c4       0x1c src/ASF/sam/boards/same70_xplained/init.o
 .text.ioport_init
                0x004006e0       0x2c src/ASF/sam/boards/same70_xplained/init.o
 .text.ioport_disable_pin
                0x0040070c       0x4c src/ASF/sam/boards/same70_xplained/init.o
 .text.ioport_set_pin_mode
                0x00400758      0x11c src/ASF/sam/boards/same70_xplained/init.o
 .text.ioport_set_pin_dir
                0x00400874       0x88 src/ASF/sam/boards/same70_xplained/init.o
 .text.ioport_set_pin_level
                0x004008fc       0x6c src/ASF/sam/boards/same70_xplained/init.o
 .text.ioport_set_pin_sense_mode
                0x00400968       0xd0 src/ASF/sam/boards/same70_xplained/init.o
 .text.tcm_disable
                0x00400a38       0x44 src/ASF/sam/boards/same70_xplained/init.o
 .text.board_init
                0x00400a7c       0xb8 src/ASF/sam/boards/same70_xplained/init.o
                0x00400a7c                board_init
 .text.pio_pull_up
                0x00400b34       0x2c src/ASF/sam/drivers/pio/pio.o
                0x00400b34                pio_pull_up
 .text.pio_set  0x00400b60       0x1c src/ASF/sam/drivers/pio/pio.o
                0x00400b60                pio_set
 .text.pio_clear
                0x00400b7c       0x1c src/ASF/sam/drivers/pio/pio.o
                0x00400b7c                pio_clear
 .text.pio_set_peripheral
                0x00400b98      0x110 src/ASF/sam/drivers/pio/pio.o
                0x00400b98                pio_set_peripheral
 .text.pio_set_input
                0x00400ca8       0x80 src/ASF/sam/drivers/pio/pio.o
                0x00400ca8                pio_set_input
 .text.pio_set_output
                0x00400d28       0x64 src/ASF/sam/drivers/pio/pio.o
                0x00400d28                pio_set_output
 .text.pio_get_output_data_status
                0x00400d8c       0x28 src/ASF/sam/drivers/pio/pio.o
                0x00400d8c                pio_get_output_data_status
 .text.pio_configure_interrupt
                0x00400db4       0x6c src/ASF/sam/drivers/pio/pio.o
                0x00400db4                pio_configure_interrupt
 .text.pio_enable_interrupt
                0x00400e20       0x1c src/ASF/sam/drivers/pio/pio.o
                0x00400e20                pio_enable_interrupt
 .text.pio_disable_interrupt
                0x00400e3c       0x1c src/ASF/sam/drivers/pio/pio.o
                0x00400e3c                pio_disable_interrupt
 .text.pio_get_interrupt_status
                0x00400e58       0x18 src/ASF/sam/drivers/pio/pio.o
                0x00400e58                pio_get_interrupt_status
 .text.pio_get_interrupt_mask
                0x00400e70       0x18 src/ASF/sam/drivers/pio/pio.o
                0x00400e70                pio_get_interrupt_mask
 .text.pio_handler_process
                0x00400e88       0xb4 src/ASF/sam/drivers/pio/pio_handler.o
                0x00400e88                pio_handler_process
 .text.pio_handler_set
                0x00400f3c       0xa0 src/ASF/sam/drivers/pio/pio_handler.o
                0x00400f3c                pio_handler_set
 .text.PIOA_Handler
                0x00400fdc       0x18 src/ASF/sam/drivers/pio/pio_handler.o
                0x00400fdc                PIOA_Handler
 .text.PIOB_Handler
                0x00400ff4       0x18 src/ASF/sam/drivers/pio/pio_handler.o
                0x00400ff4                PIOB_Handler
 .text.PIOC_Handler
                0x0040100c       0x18 src/ASF/sam/drivers/pio/pio_handler.o
                0x0040100c                PIOC_Handler
 .text.PIOD_Handler
                0x00401024       0x18 src/ASF/sam/drivers/pio/pio_handler.o
                0x00401024                PIOD_Handler
 .text.PIOE_Handler
                0x0040103c       0x18 src/ASF/sam/drivers/pio/pio_handler.o
                0x0040103c                PIOE_Handler
 .text.pmc_mck_set_division
                0x00401054       0x7c src/ASF/sam/drivers/pmc/pmc.o
                0x00401054                pmc_mck_set_division
 .text.pmc_switch_mck_to_pllack
                0x004010d0       0x84 src/ASF/sam/drivers/pmc/pmc.o
                0x004010d0                pmc_switch_mck_to_pllack
 .text.pmc_switch_sclk_to_32kxtal
                0x00401154       0x38 src/ASF/sam/drivers/pmc/pmc.o
                0x00401154                pmc_switch_sclk_to_32kxtal
 .text.pmc_osc_is_ready_32kxtal
                0x0040118c       0x34 src/ASF/sam/drivers/pmc/pmc.o
                0x0040118c                pmc_osc_is_ready_32kxtal
 .text.pmc_switch_mainck_to_fastrc
                0x004011c0       0x70 src/ASF/sam/drivers/pmc/pmc.o
                0x004011c0                pmc_switch_mainck_to_fastrc
 .text.pmc_switch_mainck_to_xtal
                0x00401230       0x78 src/ASF/sam/drivers/pmc/pmc.o
                0x00401230                pmc_switch_mainck_to_xtal
 .text.pmc_osc_is_ready_mainck
                0x004012a8       0x1c src/ASF/sam/drivers/pmc/pmc.o
                0x004012a8                pmc_osc_is_ready_mainck
 .text.pmc_disable_pllack
                0x004012c4       0x1c src/ASF/sam/drivers/pmc/pmc.o
                0x004012c4                pmc_disable_pllack
 .text.pmc_is_locked_pllack
                0x004012e0       0x1c src/ASF/sam/drivers/pmc/pmc.o
                0x004012e0                pmc_is_locked_pllack
 .text.pmc_is_locked_upll
                0x004012fc       0x1c src/ASF/sam/drivers/pmc/pmc.o
                0x004012fc                pmc_is_locked_upll
 .text.pmc_enable_periph_clk
                0x00401318       0x84 src/ASF/sam/drivers/pmc/pmc.o
                0x00401318                pmc_enable_periph_clk
 .text.uart_init
                0x0040139c       0x58 src/ASF/sam/drivers/uart/uart.o
                0x0040139c                uart_init
 .text.uart_write
                0x004013f4       0x30 src/ASF/sam/drivers/uart/uart.o
                0x004013f4                uart_write
 .text.uart_read
                0x00401424       0x32 src/ASF/sam/drivers/uart/uart.o
                0x00401424                uart_read
 .text.usart_set_async_baudrate
                0x00401456       0x8a src/ASF/sam/drivers/usart/usart.o
                0x00401456                usart_set_async_baudrate
 .text.usart_reset
                0x004014e0       0x54 src/ASF/sam/drivers/usart/usart.o
                0x004014e0                usart_reset
 .text.usart_init_rs232
                0x00401534       0x84 src/ASF/sam/drivers/usart/usart.o
                0x00401534                usart_init_rs232
 .text.usart_enable_tx
                0x004015b8       0x1a src/ASF/sam/drivers/usart/usart.o
                0x004015b8                usart_enable_tx
 .text.usart_reset_tx
                0x004015d2       0x1a src/ASF/sam/drivers/usart/usart.o
                0x004015d2                usart_reset_tx
 .text.usart_enable_rx
                0x004015ec       0x1a src/ASF/sam/drivers/usart/usart.o
                0x004015ec                usart_enable_rx
 .text.usart_reset_rx
                0x00401606       0x1a src/ASF/sam/drivers/usart/usart.o
                0x00401606                usart_reset_rx
 .text.usart_reset_status
                0x00401620       0x1c src/ASF/sam/drivers/usart/usart.o
                0x00401620                usart_reset_status
 .text.usart_drive_RTS_pin_high
                0x0040163c       0x1c src/ASF/sam/drivers/usart/usart.o
                0x0040163c                usart_drive_RTS_pin_high
 .text.usart_write
                0x00401658       0x32 src/ASF/sam/drivers/usart/usart.o
                0x00401658                usart_write
 .text.usart_read
                0x0040168a       0x34 src/ASF/sam/drivers/usart/usart.o
                0x0040168a                usart_read
 *fill*         0x004016be        0x2 
 .text.usart_disable_writeprotect
                0x004016c0       0x20 src/ASF/sam/drivers/usart/usart.o
                0x004016c0                usart_disable_writeprotect
 .text.cpu_irq_save
                0x004016e0       0x38 src/ASF/sam/utils/cmsis/same70/source/templates/gcc/startup_same70.o
 .text.cpu_irq_is_enabled_flags
                0x00401718       0x20 src/ASF/sam/utils/cmsis/same70/source/templates/gcc/startup_same70.o
 .text.cpu_irq_restore
                0x00401738       0x30 src/ASF/sam/utils/cmsis/same70/source/templates/gcc/startup_same70.o
 .text.Reset_Handler
                0x00401768       0xb0 src/ASF/sam/utils/cmsis/same70/source/templates/gcc/startup_same70.o
                0x00401768                Reset_Handler
 .text.Dummy_Handler
                0x00401818        0x6 src/ASF/sam/utils/cmsis/same70/source/templates/gcc/startup_same70.o
                0x00401818                DACC_Handler
                0x00401818                DebugMon_Handler
                0x00401818                UART3_Handler
                0x00401818                UART2_Handler
                0x00401818                TRNG_Handler
                0x00401818                HardFault_Handler
                0x00401818                TC2_Handler
                0x00401818                SysTick_Handler
                0x00401818                AFEC1_Handler
                0x00401818                PendSV_Handler
                0x00401818                NMI_Handler
                0x00401818                TC7_Handler
                0x00401818                QSPI_Handler
                0x00401818                ISI_Handler
                0x00401818                TC9_Handler
                0x00401818                RSWDT_Handler
                0x00401818                MCAN1_Handler
                0x00401818                USART0_Handler
                0x00401818                RTT_Handler
                0x00401818                USBHS_Handler
                0x00401818                RTC_Handler
                0x00401818                UsageFault_Handler
                0x00401818                TC6_Handler
                0x00401818                WDT_Handler
                0x00401818                TC4_Handler
                0x00401818                TC1_Handler
                0x00401818                HSMCI_Handler
                0x00401818                UART1_Handler
                0x00401818                TC3_Handler
                0x00401818                Dummy_Handler
                0x00401818                TWIHS1_Handler
                0x00401818                XDMAC_Handler
                0x00401818                UART4_Handler
                0x00401818                PWM1_Handler
                0x00401818                USART1_Handler
                0x00401818                PWM0_Handler
                0x00401818                AFEC0_Handler
                0x00401818                TC11_Handler
                0x00401818                SSC_Handler
                0x00401818                ACC_Handler
                0x00401818                PMC_Handler
                0x00401818                GMAC_Handler
                0x00401818                MemManage_Handler
                0x00401818                SUPC_Handler
                0x00401818                SVC_Handler
                0x00401818                TC8_Handler
                0x00401818                EFC_Handler
                0x00401818                USART2_Handler
                0x00401818                SDRAMC_Handler
                0x00401818                SPI1_Handler
                0x00401818                MCAN0_Handler
                0x00401818                TC10_Handler
                0x00401818                TWIHS2_Handler
                0x00401818                UART0_Handler
                0x00401818                BusFault_Handler
                0x00401818                RSTC_Handler
                0x00401818                TC0_Handler
                0x00401818                TC5_Handler
                0x00401818                AES_Handler
                0x00401818                ICM_Handler
                0x00401818                TWIHS0_Handler
                0x00401818                SPI0_Handler
 *fill*         0x0040181e        0x2 
 .text.SystemCoreClockUpdate
                0x00401820      0x168 src/ASF/sam/utils/cmsis/same70/source/templates/system_same70.o
                0x00401820                SystemCoreClockUpdate
 .text.system_init_flash
                0x00401988       0x98 src/ASF/sam/utils/cmsis/same70/source/templates/system_same70.o
                0x00401988                system_init_flash
 .text._sbrk    0x00401a20       0x58 src/ASF/sam/utils/syscalls/gcc/syscalls.o
                0x00401a20                _sbrk
 .text._close   0x00401a78       0x18 src/ASF/sam/utils/syscalls/gcc/syscalls.o
                0x00401a78                _close
 .text._fstat   0x00401a90       0x20 src/ASF/sam/utils/syscalls/gcc/syscalls.o
                0x00401a90                _fstat
 .text._isatty  0x00401ab0       0x16 src/ASF/sam/utils/syscalls/gcc/syscalls.o
                0x00401ab0                _isatty
 .text._lseek   0x00401ac6       0x1a src/ASF/sam/utils/syscalls/gcc/syscalls.o
                0x00401ac6                _lseek
 .text.NVIC_EnableIRQ
                0x00401ae0       0x34 src/main.o
 .text.NVIC_SetPriority
                0x00401b14       0x54 src/main.o
 .text.osc_get_rate
                0x00401b68       0x74 src/main.o
 .text.sysclk_get_main_hz
                0x00401bdc       0x20 src/main.o
 .text.sysclk_get_cpu_hz
                0x00401bfc       0x14 src/main.o
 .text.sysclk_get_peripheral_hz
                0x00401c10       0x14 src/main.o
 .text.sysclk_enable_peripheral_clock
                0x00401c24       0x1c src/main.o
 .text.usart_serial_init
                0x00401c40      0x164 src/main.o
 .text.usart_serial_putchar
                0x00401da4      0x10c src/main.o
 .text.usart_serial_getchar
                0x00401eb0      0x108 src/main.o
 .text.stdio_serial_init
                0x00401fb8       0x68 src/main.o
 .text.Button1_Handler
                0x00402020       0x34 src/main.o
 .text.pin_toggle
                0x00402054       0x40 src/main.o
                0x00402054                pin_toggle
 .text.BUT_init
                0x00402094       0x6c src/main.o
                0x00402094                BUT_init
 .text.LED_init
                0x00402100       0x34 src/main.o
                0x00402100                LED_init
 .text.main     0x00402134      0x130 src/main.o
                0x00402134                main
 .text          0x00402264       0x30 c:/program files (x86)/atmel/studio/7.0/toolchain/arm/arm-gnu-toolchain/bin/../lib/gcc/arm-none-eabi/6.2.1/thumb/v7e-m\libgcc.a(_aeabi_uldivmod.o)
                0x00402264                __aeabi_uldivmod
 .text          0x00402294      0x2dc c:/program files (x86)/atmel/studio/7.0/toolchain/arm/arm-gnu-toolchain/bin/../lib/gcc/arm-none-eabi/6.2.1/thumb/v7e-m\libgcc.a(_udivmoddi4.o)
                0x00402294                __udivmoddi4
 .text          0x00402570        0x4 c:/program files (x86)/atmel/studio/7.0/toolchain/arm/arm-gnu-toolchain/bin/../lib/gcc/arm-none-eabi/6.2.1/thumb/v7e-m\libgcc.a(_dvmd_tls.o)
                0x00402570                __aeabi_idiv0
                0x00402570                __aeabi_ldiv0
 .text.__libc_init_array
                0x00402574       0x50 c:/program files (x86)/atmel/studio/7.0/toolchain/arm/arm-gnu-toolchain/bin/../lib/gcc/arm-none-eabi/6.2.1/../../../../arm-none-eabi/lib/thumb/v7e-m\libc.a(lib_a-init.o)
                0x00402574                __libc_init_array
 .text.iprintf  0x004025c4       0x28 c:/program files (x86)/atmel/studio/7.0/toolchain/arm/arm-gnu-toolchain/bin/../lib/gcc/arm-none-eabi/6.2.1/../../../../arm-none-eabi/lib/thumb/v7e-m\libc.a(lib_a-iprintf.o)
                0x004025c4                iprintf
 .text.memset   0x004025ec       0x9c c:/program files (x86)/atmel/studio/7.0/toolchain/arm/arm-gnu-toolchain/bin/../lib/gcc/arm-none-eabi/6.2.1/../../../../arm-none-eabi/lib/thumb/v7e-m\libc.a(lib_a-memset.o)
                0x004025ec                memset
 .text.setbuf   0x00402688       0x10 c:/program files (x86)/atmel/studio/7.0/toolchain/arm/arm-gnu-toolchain/bin/../lib/gcc/arm-none-eabi/6.2.1/../../../../arm-none-eabi/lib/thumb/v7e-m\libc.a(lib_a-setbuf.o)
                0x00402688                setbuf
 .text.setvbuf  0x00402698      0x14c c:/program files (x86)/atmel/studio/7.0/toolchain/arm/arm-gnu-toolchain/bin/../lib/gcc/arm-none-eabi/6.2.1/../../../../arm-none-eabi/lib/thumb/v7e-m\libc.a(lib_a-setvbuf.o)
                0x00402698                setvbuf
 .text.__sprint_r.part.0
                0x004027e4       0x80 c:/program files (x86)/atmel/studio/7.0/toolchain/arm/arm-gnu-toolchain/bin/../lib/gcc/arm-none-eabi/6.2.1/../../../../arm-none-eabi/lib/thumb/v7e-m\libc.a(lib_a-vfiprintf.o)
 .text._vfiprintf_r
                0x00402864      0xc00 c:/program files (x86)/atmel/studio/7.0/toolchain/arm/arm-gnu-toolchain/bin/../lib/gcc/arm-none-eabi/6.2.1/../../../../arm-none-eabi/lib/thumb/v7e-m\libc.a(lib_a-vfiprintf.o)
                0x00402864                _vfiprintf_r
 .text.__sbprintf
                0x00403464       0x6c c:/program files (x86)/atmel/studio/7.0/toolchain/arm/arm-gnu-toolchain/bin/../lib/gcc/arm-none-eabi/6.2.1/../../../../arm-none-eabi/lib/thumb/v7e-m\libc.a(lib_a-vfiprintf.o)
 .text.__swsetup_r
                0x004034d0       0xc8 c:/program files (x86)/atmel/studio/7.0/toolchain/arm/arm-gnu-toolchain/bin/../lib/gcc/arm-none-eabi/6.2.1/../../../../arm-none-eabi/lib/thumb/v7e-m\libc.a(lib_a-wsetup.o)
                0x004034d0                __swsetup_r
 .text.startup.register_fini
                0x00403598       0x14 c:/program files (x86)/atmel/studio/7.0/toolchain/arm/arm-gnu-toolchain/bin/../lib/gcc/arm-none-eabi/6.2.1/../../../../arm-none-eabi/lib/thumb/v7e-m\libc.a(lib_a-__call_atexit.o)
 .text.atexit   0x004035ac        0xc c:/program files (x86)/atmel/studio/7.0/toolchain/arm/arm-gnu-toolchain/bin/../lib/gcc/arm-none-eabi/6.2.1/../../../../arm-none-eabi/lib/thumb/v7e-m\libc.a(lib_a-atexit.o)
                0x004035ac                atexit
 .text.__sflush_r
                0x004035b8      0x140 c:/program files (x86)/atmel/studio/7.0/toolchain/arm/arm-gnu-toolchain/bin/../lib/gcc/arm-none-eabi/6.2.1/../../../../arm-none-eabi/lib/thumb/v7e-m\libc.a(lib_a-fflush.o)
                0x004035b8                __sflush_r
 .text._fflush_r
                0x004036f8       0x2c c:/program files (x86)/atmel/studio/7.0/toolchain/arm/arm-gnu-toolchain/bin/../lib/gcc/arm-none-eabi/6.2.1/../../../../arm-none-eabi/lib/thumb/v7e-m\libc.a(lib_a-fflush.o)
                0x004036f8                _fflush_r
 .text._cleanup_r
                0x00403724        0xc c:/program files (x86)/atmel/studio/7.0/toolchain/arm/arm-gnu-toolchain/bin/../lib/gcc/arm-none-eabi/6.2.1/../../../../arm-none-eabi/lib/thumb/v7e-m\libc.a(lib_a-findfp.o)
                0x00403724                _cleanup_r
 .text.__sinit.part.1
                0x00403730       0xf0 c:/program files (x86)/atmel/studio/7.0/toolchain/arm/arm-gnu-toolchain/bin/../lib/gcc/arm-none-eabi/6.2.1/../../../../arm-none-eabi/lib/thumb/v7e-m\libc.a(lib_a-findfp.o)
 .text.__sinit  0x00403820        0xc c:/program files (x86)/atmel/studio/7.0/toolchain/arm/arm-gnu-toolchain/bin/../lib/gcc/arm-none-eabi/6.2.1/../../../../arm-none-eabi/lib/thumb/v7e-m\libc.a(lib_a-findfp.o)
                0x00403820                __sinit
 .text.__sfp_lock_acquire
                0x0040382c        0x4 c:/program files (x86)/atmel/studio/7.0/toolchain/arm/arm-gnu-toolchain/bin/../lib/gcc/arm-none-eabi/6.2.1/../../../../arm-none-eabi/lib/thumb/v7e-m\libc.a(lib_a-findfp.o)
                0x0040382c                __sfp_lock_acquire
 .text.__sfp_lock_release
                0x00403830        0x4 c:/program files (x86)/atmel/studio/7.0/toolchain/arm/arm-gnu-toolchain/bin/../lib/gcc/arm-none-eabi/6.2.1/../../../../arm-none-eabi/lib/thumb/v7e-m\libc.a(lib_a-findfp.o)
                0x00403830                __sfp_lock_release
 .text.__libc_fini_array
                0x00403834       0x34 c:/program files (x86)/atmel/studio/7.0/toolchain/arm/arm-gnu-toolchain/bin/../lib/gcc/arm-none-eabi/6.2.1/../../../../arm-none-eabi/lib/thumb/v7e-m\libc.a(lib_a-fini.o)
                0x00403834                __libc_fini_array
 .text.__fputwc
                0x00403868       0xa0 c:/program files (x86)/atmel/studio/7.0/toolchain/arm/arm-gnu-toolchain/bin/../lib/gcc/arm-none-eabi/6.2.1/../../../../arm-none-eabi/lib/thumb/v7e-m\libc.a(lib_a-fputwc.o)
                0x00403868                __fputwc
 .text._fputwc_r
                0x00403908       0x24 c:/program files (x86)/atmel/studio/7.0/toolchain/arm/arm-gnu-toolchain/bin/../lib/gcc/arm-none-eabi/6.2.1/../../../../arm-none-eabi/lib/thumb/v7e-m\libc.a(lib_a-fputwc.o)
                0x00403908                _fputwc_r
 .text._malloc_trim_r
                0x0040392c       0xa0 c:/program files (x86)/atmel/studio/7.0/toolchain/arm/arm-gnu-toolchain/bin/../lib/gcc/arm-none-eabi/6.2.1/../../../../arm-none-eabi/lib/thumb/v7e-m\libc.a(lib_a-freer.o)
                0x0040392c                _malloc_trim_r
 .text._free_r  0x004039cc      0x1cc c:/program files (x86)/atmel/studio/7.0/toolchain/arm/arm-gnu-toolchain/bin/../lib/gcc/arm-none-eabi/6.2.1/../../../../arm-none-eabi/lib/thumb/v7e-m\libc.a(lib_a-freer.o)
                0x004039cc                _free_r
 .text.__sfvwrite_r
                0x00403b98      0x2f0 c:/program files (x86)/atmel/studio/7.0/toolchain/arm/arm-gnu-toolchain/bin/../lib/gcc/arm-none-eabi/6.2.1/../../../../arm-none-eabi/lib/thumb/v7e-m\libc.a(lib_a-fvwrite.o)
                0x00403b98                __sfvwrite_r
 .text._fwalk_reent
                0x00403e88       0x54 c:/program files (x86)/atmel/studio/7.0/toolchain/arm/arm-gnu-toolchain/bin/../lib/gcc/arm-none-eabi/6.2.1/../../../../arm-none-eabi/lib/thumb/v7e-m\libc.a(lib_a-fwalk.o)
                0x00403e88                _fwalk_reent
 .text.__locale_mb_cur_max
                0x00403edc       0x1c c:/program files (x86)/atmel/studio/7.0/toolchain/arm/arm-gnu-toolchain/bin/../lib/gcc/arm-none-eabi/6.2.1/../../../../arm-none-eabi/lib/thumb/v7e-m\libc.a(lib_a-locale.o)
                0x00403edc                __locale_mb_cur_max
 .text.__swhatbuf_r
                0x00403ef8       0x5c c:/program files (x86)/atmel/studio/7.0/toolchain/arm/arm-gnu-toolchain/bin/../lib/gcc/arm-none-eabi/6.2.1/../../../../arm-none-eabi/lib/thumb/v7e-m\libc.a(lib_a-makebuf.o)
                0x00403ef8                __swhatbuf_r
 .text.__smakebuf_r
                0x00403f54       0x88 c:/program files (x86)/atmel/studio/7.0/toolchain/arm/arm-gnu-toolchain/bin/../lib/gcc/arm-none-eabi/6.2.1/../../../../arm-none-eabi/lib/thumb/v7e-m\libc.a(lib_a-makebuf.o)
                0x00403f54                __smakebuf_r
 .text.malloc   0x00403fdc       0x10 c:/program files (x86)/atmel/studio/7.0/toolchain/arm/arm-gnu-toolchain/bin/../lib/gcc/arm-none-eabi/6.2.1/../../../../arm-none-eabi/lib/thumb/v7e-m\libc.a(lib_a-malloc.o)
                0x00403fdc                malloc
 .text._malloc_r
                0x00403fec      0x560 c:/program files (x86)/atmel/studio/7.0/toolchain/arm/arm-gnu-toolchain/bin/../lib/gcc/arm-none-eabi/6.2.1/../../../../arm-none-eabi/lib/thumb/v7e-m\libc.a(lib_a-mallocr.o)
                0x00403fec                _malloc_r
 .text.__ascii_mbtowc
                0x0040454c       0x2c c:/program files (x86)/atmel/studio/7.0/toolchain/arm/arm-gnu-toolchain/bin/../lib/gcc/arm-none-eabi/6.2.1/../../../../arm-none-eabi/lib/thumb/v7e-m\libc.a(lib_a-mbtowc_r.o)
                0x0040454c                __ascii_mbtowc
 *fill*         0x00404578        0x8 
 .text          0x00404580       0xa0 c:/program files (x86)/atmel/studio/7.0/toolchain/arm/arm-gnu-toolchain/bin/../lib/gcc/arm-none-eabi/6.2.1/../../../../arm-none-eabi/lib/thumb/v7e-m\libc.a(lib_a-memchr.o)
                0x00404580                memchr
 .text          0x00404620      0x134 c:/program files (x86)/atmel/studio/7.0/toolchain/arm/arm-gnu-toolchain/bin/../lib/gcc/arm-none-eabi/6.2.1/../../../../arm-none-eabi/lib/thumb/v7e-m\libc.a(lib_a-memcpy.o)
                0x00404620                memcpy
 .text.memmove  0x00404754       0xc8 c:/program files (x86)/atmel/studio/7.0/toolchain/arm/arm-gnu-toolchain/bin/../lib/gcc/arm-none-eabi/6.2.1/../../../../arm-none-eabi/lib/thumb/v7e-m\libc.a(lib_a-memmove.o)
                0x00404754                memmove
 .text.__malloc_lock
                0x0040481c        0x4 c:/program files (x86)/atmel/studio/7.0/toolchain/arm/arm-gnu-toolchain/bin/../lib/gcc/arm-none-eabi/6.2.1/../../../../arm-none-eabi/lib/thumb/v7e-m\libc.a(lib_a-mlock.o)
                0x0040481c                __malloc_lock
 .text.__malloc_unlock
                0x00404820        0x4 c:/program files (x86)/atmel/studio/7.0/toolchain/arm/arm-gnu-toolchain/bin/../lib/gcc/arm-none-eabi/6.2.1/../../../../arm-none-eabi/lib/thumb/v7e-m\libc.a(lib_a-mlock.o)
                0x00404820                __malloc_unlock
 .text._realloc_r
                0x00404824      0x34c c:/program files (x86)/atmel/studio/7.0/toolchain/arm/arm-gnu-toolchain/bin/../lib/gcc/arm-none-eabi/6.2.1/../../../../arm-none-eabi/lib/thumb/v7e-m\libc.a(lib_a-reallocr.o)
                0x00404824                _realloc_r
 .text._sbrk_r  0x00404b70       0x24 c:/program files (x86)/atmel/studio/7.0/toolchain/arm/arm-gnu-toolchain/bin/../lib/gcc/arm-none-eabi/6.2.1/../../../../arm-none-eabi/lib/thumb/v7e-m\libc.a(lib_a-sbrkr.o)
                0x00404b70                _sbrk_r
 .text.__sread  0x00404b94       0x24 c:/program files (x86)/atmel/studio/7.0/toolchain/arm/arm-gnu-toolchain/bin/../lib/gcc/arm-none-eabi/6.2.1/../../../../arm-none-eabi/lib/thumb/v7e-m\libc.a(lib_a-stdio.o)
                0x00404b94                __sread
 .text.__swrite
                0x00404bb8       0x3c c:/program files (x86)/atmel/studio/7.0/toolchain/arm/arm-gnu-toolchain/bin/../lib/gcc/arm-none-eabi/6.2.1/../../../../arm-none-eabi/lib/thumb/v7e-m\libc.a(lib_a-stdio.o)
                0x00404bb8                __swrite
 .text.__sseek  0x00404bf4       0x20 c:/program files (x86)/atmel/studio/7.0/toolchain/arm/arm-gnu-toolchain/bin/../lib/gcc/arm-none-eabi/6.2.1/../../../../arm-none-eabi/lib/thumb/v7e-m\libc.a(lib_a-stdio.o)
                0x00404bf4                __sseek
 .text.__sclose
                0x00404c14        0x8 c:/program files (x86)/atmel/studio/7.0/toolchain/arm/arm-gnu-toolchain/bin/../lib/gcc/arm-none-eabi/6.2.1/../../../../arm-none-eabi/lib/thumb/v7e-m\libc.a(lib_a-stdio.o)
                0x00404c14                __sclose
 *fill*         0x00404c1c       0x24 
 .text          0x00404c40       0xdc c:/program files (x86)/atmel/studio/7.0/toolchain/arm/arm-gnu-toolchain/bin/../lib/gcc/arm-none-eabi/6.2.1/../../../../arm-none-eabi/lib/thumb/v7e-m\libc.a(lib_a-strlen.o)
                0x00404c40                strlen
 .text.__swbuf_r
                0x00404d1c       0xb0 c:/program files (x86)/atmel/studio/7.0/toolchain/arm/arm-gnu-toolchain/bin/../lib/gcc/arm-none-eabi/6.2.1/../../../../arm-none-eabi/lib/thumb/v7e-m\libc.a(lib_a-wbuf.o)
                0x00404d1c                __swbuf_r
 .text._wcrtomb_r
                0x00404dcc       0x54 c:/program files (x86)/atmel/studio/7.0/toolchain/arm/arm-gnu-toolchain/bin/../lib/gcc/arm-none-eabi/6.2.1/../../../../arm-none-eabi/lib/thumb/v7e-m\libc.a(lib_a-wcrtomb.o)
                0x00404dcc                _wcrtomb_r
 .text.__ascii_wctomb
                0x00404e20       0x1c c:/program files (x86)/atmel/studio/7.0/toolchain/arm/arm-gnu-toolchain/bin/../lib/gcc/arm-none-eabi/6.2.1/../../../../arm-none-eabi/lib/thumb/v7e-m\libc.a(lib_a-wctomb_r.o)
                0x00404e20                __ascii_wctomb
 .text._write_r
                0x00404e3c       0x2c c:/program files (x86)/atmel/studio/7.0/toolchain/arm/arm-gnu-toolchain/bin/../lib/gcc/arm-none-eabi/6.2.1/../../../../arm-none-eabi/lib/thumb/v7e-m\libc.a(lib_a-writer.o)
                0x00404e3c                _write_r
 .text.__register_exitproc
                0x00404e68       0xa4 c:/program files (x86)/atmel/studio/7.0/toolchain/arm/arm-gnu-toolchain/bin/../lib/gcc/arm-none-eabi/6.2.1/../../../../arm-none-eabi/lib/thumb/v7e-m\libc.a(lib_a-__atexit.o)
                0x00404e68                __register_exitproc
 .text._close_r
                0x00404f0c       0x24 c:/program files (x86)/atmel/studio/7.0/toolchain/arm/arm-gnu-toolchain/bin/../lib/gcc/arm-none-eabi/6.2.1/../../../../arm-none-eabi/lib/thumb/v7e-m\libc.a(lib_a-closer.o)
                0x00404f0c                _close_r
 .text._fclose_r
                0x00404f30       0x80 c:/program files (x86)/atmel/studio/7.0/toolchain/arm/arm-gnu-toolchain/bin/../lib/gcc/arm-none-eabi/6.2.1/../../../../arm-none-eabi/lib/thumb/v7e-m\libc.a(lib_a-fclose.o)
                0x00404f30                _fclose_r
 .text._fstat_r
                0x00404fb0       0x28 c:/program files (x86)/atmel/studio/7.0/toolchain/arm/arm-gnu-toolchain/bin/../lib/gcc/arm-none-eabi/6.2.1/../../../../arm-none-eabi/lib/thumb/v7e-m\libc.a(lib_a-fstatr.o)
                0x00404fb0                _fstat_r
 .text._isatty_r
                0x00404fd8       0x24 c:/program files (x86)/atmel/studio/7.0/toolchain/arm/arm-gnu-toolchain/bin/../lib/gcc/arm-none-eabi/6.2.1/../../../../arm-none-eabi/lib/thumb/v7e-m\libc.a(lib_a-isattyr.o)
                0x00404fd8                _isatty_r
 .text._lseek_r
                0x00404ffc       0x2c c:/program files (x86)/atmel/studio/7.0/toolchain/arm/arm-gnu-toolchain/bin/../lib/gcc/arm-none-eabi/6.2.1/../../../../arm-none-eabi/lib/thumb/v7e-m\libc.a(lib_a-lseekr.o)
                0x00404ffc                _lseek_r
 .text._read_r  0x00405028       0x2c c:/program files (x86)/atmel/studio/7.0/toolchain/arm/arm-gnu-toolchain/bin/../lib/gcc/arm-none-eabi/6.2.1/../../../../arm-none-eabi/lib/thumb/v7e-m\libc.a(lib_a-readr.o)
                0x00405028                _read_r
 *(.glue_7t)
 .glue_7t       0x00405054        0x0 linker stubs
 *(.glue_7)
 .glue_7        0x00405054        0x0 linker stubs
 *(.rodata .rodata* .gnu.linkonce.r.*)
 .rodata        0x00405054       0x34 src/main.o
 .rodata._global_impure_ptr
                0x00405088        0x4 c:/program files (x86)/atmel/studio/7.0/toolchain/arm/arm-gnu-toolchain/bin/../lib/gcc/arm-none-eabi/6.2.1/../../../../arm-none-eabi/lib/thumb/v7e-m\libc.a(lib_a-impure.o)
                0x00405088                _global_impure_ptr
 .rodata._vfiprintf_r.str1.4
                0x0040508c       0x2f c:/program files (x86)/atmel/studio/7.0/toolchain/arm/arm-gnu-toolchain/bin/../lib/gcc/arm-none-eabi/6.2.1/../../../../arm-none-eabi/lib/thumb/v7e-m\libc.a(lib_a-vfiprintf.o)
 *fill*         0x004050bb        0x1 
 .rodata.blanks.7202
                0x004050bc       0x10 c:/program files (x86)/atmel/studio/7.0/toolchain/arm/arm-gnu-toolchain/bin/../lib/gcc/arm-none-eabi/6.2.1/../../../../arm-none-eabi/lib/thumb/v7e-m\libc.a(lib_a-vfiprintf.o)
 .rodata.zeroes.7203
                0x004050cc       0x10 c:/program files (x86)/atmel/studio/7.0/toolchain/arm/arm-gnu-toolchain/bin/../lib/gcc/arm-none-eabi/6.2.1/../../../../arm-none-eabi/lib/thumb/v7e-m\libc.a(lib_a-vfiprintf.o)
 .rodata._setlocale_r.str1.4
                0x004050dc        0xa c:/program files (x86)/atmel/studio/7.0/toolchain/arm/arm-gnu-toolchain/bin/../lib/gcc/arm-none-eabi/6.2.1/../../../../arm-none-eabi/lib/thumb/v7e-m\libc.a(lib_a-locale.o)
                                  0xd (size before relaxing)
 *fill*         0x004050e6        0x2 
 .rodata.str1.4
                0x004050e8        0x4 c:/program files (x86)/atmel/studio/7.0/toolchain/arm/arm-gnu-toolchain/bin/../lib/gcc/arm-none-eabi/6.2.1/../../../../arm-none-eabi/lib/thumb/v7e-m\libc.a(lib_a-locale.o)
                                  0x2 (size before relaxing)
 .rodata._ctype_
                0x004050ec      0x101 c:/program files (x86)/atmel/studio/7.0/toolchain/arm/arm-gnu-toolchain/bin/../lib/gcc/arm-none-eabi/6.2.1/../../../../arm-none-eabi/lib/thumb/v7e-m\libc.a(lib_a-ctype_.o)
                0x004050ec                _ctype_
 *(.ARM.extab* .gnu.linkonce.armextab.*)
                0x004051f0                . = ALIGN (0x4)
 *fill*         0x004051ed        0x3 
 *(.init)
 .init          0x004051f0        0x4 c:/program files (x86)/atmel/studio/7.0/toolchain/arm/arm-gnu-toolchain/bin/../lib/gcc/arm-none-eabi/6.2.1/thumb/v7e-m/crti.o
                0x004051f0                _init
 .init          0x004051f4        0x8 c:/program files (x86)/atmel/studio/7.0/toolchain/arm/arm-gnu-toolchain/bin/../lib/gcc/arm-none-eabi/6.2.1/thumb/v7e-m/crtn.o
                0x004051fc                . = ALIGN (0x4)
                0x004051fc                __preinit_array_start = .
 *(.preinit_array)
                0x004051fc                __preinit_array_end = .
                0x004051fc                . = ALIGN (0x4)
                0x004051fc                __init_array_start = .
 *(SORT(.init_array.*))
 .init_array.00000
                0x004051fc        0x4 c:/program files (x86)/atmel/studio/7.0/toolchain/arm/arm-gnu-toolchain/bin/../lib/gcc/arm-none-eabi/6.2.1/../../../../arm-none-eabi/lib/thumb/v7e-m\libc.a(lib_a-__call_atexit.o)
 *(.init_array)
 .init_array    0x00405200        0x4 c:/program files (x86)/atmel/studio/7.0/toolchain/arm/arm-gnu-toolchain/bin/../lib/gcc/arm-none-eabi/6.2.1/thumb/v7e-m/crtbegin.o
                0x00405204                __init_array_end = .
                0x00405204                . = ALIGN (0x4)
 *crtbegin.o(.ctors)
 *(EXCLUDE_FILE(*crtend.o) .ctors)
 *(SORT(.ctors.*))
 *crtend.o(.ctors)
                0x00405204                . = ALIGN (0x4)
 *(.fini)
 .fini          0x00405204        0x4 c:/program files (x86)/atmel/studio/7.0/toolchain/arm/arm-gnu-toolchain/bin/../lib/gcc/arm-none-eabi/6.2.1/thumb/v7e-m/crti.o
                0x00405204                _fini
 .fini          0x00405208        0x8 c:/program files (x86)/atmel/studio/7.0/toolchain/arm/arm-gnu-toolchain/bin/../lib/gcc/arm-none-eabi/6.2.1/thumb/v7e-m/crtn.o
                0x00405210                . = ALIGN (0x4)
                0x00405210                __fini_array_start = .
 *(.fini_array)
 .fini_array    0x00405210        0x4 c:/program files (x86)/atmel/studio/7.0/toolchain/arm/arm-gnu-toolchain/bin/../lib/gcc/arm-none-eabi/6.2.1/thumb/v7e-m/crtbegin.o
 *(SORT(.fini_array.*))
                0x00405214                __fini_array_end = .
 *crtbegin.o(.dtors)
 *(EXCLUDE_FILE(*crtend.o) .dtors)
 *(SORT(.dtors.*))
 *crtend.o(.dtors)
                0x00405214                . = ALIGN (0x4)
                0x00405214                _efixed = .
                [!provide]                PROVIDE (__exidx_start, .)

.vfp11_veneer   0x00405214        0x0
 .vfp11_veneer  0x00405214        0x0 linker stubs

.v4_bx          0x00405214        0x0
 .v4_bx         0x00405214        0x0 linker stubs

.iplt           0x00405214        0x0
 .iplt          0x00405214        0x0 c:/program files (x86)/atmel/studio/7.0/toolchain/arm/arm-gnu-toolchain/bin/../lib/gcc/arm-none-eabi/6.2.1/thumb/v7e-m/crtbegin.o

.ARM.exidx      0x00405214        0x8
 *(.ARM.exidx* .gnu.linkonce.armexidx.*)
 .ARM.exidx     0x00405214        0x8 c:/program files (x86)/atmel/studio/7.0/toolchain/arm/arm-gnu-toolchain/bin/../lib/gcc/arm-none-eabi/6.2.1/thumb/v7e-m\libgcc.a(_udivmoddi4.o)
                [!provide]                PROVIDE (__exidx_end, .)

.eh_frame       0x0040521c        0x0
 .eh_frame      0x0040521c        0x0 c:/program files (x86)/atmel/studio/7.0/toolchain/arm/arm-gnu-toolchain/bin/../lib/gcc/arm-none-eabi/6.2.1/thumb/v7e-m/crtbegin.o

.rel.dyn        0x0040521c        0x0
 .rel.iplt      0x0040521c        0x0 c:/program files (x86)/atmel/studio/7.0/toolchain/arm/arm-gnu-toolchain/bin/../lib/gcc/arm-none-eabi/6.2.1/thumb/v7e-m/crtbegin.o

.jcr            0x0040521c        0x0
 .jcr           0x0040521c        0x0 c:/program files (x86)/atmel/studio/7.0/toolchain/arm/arm-gnu-toolchain/bin/../lib/gcc/arm-none-eabi/6.2.1/thumb/v7e-m/crtbegin.o

.igot.plt       0x0040521c        0x0
 .igot.plt      0x0040521c        0x0 c:/program files (x86)/atmel/studio/7.0/toolchain/arm/arm-gnu-toolchain/bin/../lib/gcc/arm-none-eabi/6.2.1/thumb/v7e-m/crtbegin.o
                0x0040521c                . = ALIGN (0x4)
                0x0040521c                _etext = .

.relocate       0x20400000      0x9bc load address 0x0040521c
                0x20400000                . = ALIGN (0x4)
                0x20400000                _srelocate = .
 *(.ramfunc .ramfunc.*)
 .ramfunc       0x20400000        0xa src/ASF/common/services/delay/sam/cycle_counter.o
                0x20400000                portable_delay_cycles
 *(.data .data.*)
 .data.g_interrupt_enabled
                0x2040000a        0x1 src/ASF/common/utils/interrupt/interrupt_sam_nvic.o
                0x2040000a                g_interrupt_enabled
 *fill*         0x2040000b        0x1 
 .data.SystemCoreClock
                0x2040000c        0x4 src/ASF/sam/utils/cmsis/same70/source/templates/system_same70.o
                0x2040000c                SystemCoreClock
 .data._impure_ptr
                0x20400010        0x4 c:/program files (x86)/atmel/studio/7.0/toolchain/arm/arm-gnu-toolchain/bin/../lib/gcc/arm-none-eabi/6.2.1/../../../../arm-none-eabi/lib/thumb/v7e-m\libc.a(lib_a-impure.o)
                0x20400010                _impure_ptr
 *fill*         0x20400014        0x4 
 .data.impure_data
                0x20400018      0x428 c:/program files (x86)/atmel/studio/7.0/toolchain/arm/arm-gnu-toolchain/bin/../lib/gcc/arm-none-eabi/6.2.1/../../../../arm-none-eabi/lib/thumb/v7e-m\libc.a(lib_a-impure.o)
 .data.__global_locale
                0x20400440      0x16c c:/program files (x86)/atmel/studio/7.0/toolchain/arm/arm-gnu-toolchain/bin/../lib/gcc/arm-none-eabi/6.2.1/../../../../arm-none-eabi/lib/thumb/v7e-m\libc.a(lib_a-locale.o)
                0x20400440                __global_locale
 .data.__malloc_av_
                0x204005ac      0x408 c:/program files (x86)/atmel/studio/7.0/toolchain/arm/arm-gnu-toolchain/bin/../lib/gcc/arm-none-eabi/6.2.1/../../../../arm-none-eabi/lib/thumb/v7e-m\libc.a(lib_a-mallocr.o)
                0x204005ac                __malloc_av_
 .data.__malloc_sbrk_base
                0x204009b4        0x4 c:/program files (x86)/atmel/studio/7.0/toolchain/arm/arm-gnu-toolchain/bin/../lib/gcc/arm-none-eabi/6.2.1/../../../../arm-none-eabi/lib/thumb/v7e-m\libc.a(lib_a-mallocr.o)
                0x204009b4                __malloc_sbrk_base
 .data.__malloc_trim_threshold
                0x204009b8        0x4 c:/program files (x86)/atmel/studio/7.0/toolchain/arm/arm-gnu-toolchain/bin/../lib/gcc/arm-none-eabi/6.2.1/../../../../arm-none-eabi/lib/thumb/v7e-m\libc.a(lib_a-mallocr.o)
                0x204009b8                __malloc_trim_threshold
                0x204009bc                . = ALIGN (0x4)
                0x204009bc                _erelocate = .

.bss            0x204009bc       0xdc load address 0x00405bd8
                0x204009bc                . = ALIGN (0x4)
                0x204009bc                _sbss = .
                0x204009bc                _szero = .
 *(.bss .bss.*)
 .bss           0x204009bc       0x1c c:/program files (x86)/atmel/studio/7.0/toolchain/arm/arm-gnu-toolchain/bin/../lib/gcc/arm-none-eabi/6.2.1/thumb/v7e-m/crtbegin.o
 .bss.gs_interrupt_sources
                0x204009d8       0x70 src/ASF/sam/drivers/pio/pio_handler.o
 .bss.gs_ul_nb_sources
                0x20400a48        0x4 src/ASF/sam/drivers/pio/pio_handler.o
 .bss.ul_reg_val.9301
                0x20400a4c        0x4 src/ASF/sam/drivers/usart/usart.o
 .bss.heap.6400
                0x20400a50        0x4 src/ASF/sam/utils/syscalls/gcc/syscalls.o
 .bss.__malloc_current_mallinfo
                0x20400a54       0x28 c:/program files (x86)/atmel/studio/7.0/toolchain/arm/arm-gnu-toolchain/bin/../lib/gcc/arm-none-eabi/6.2.1/../../../../arm-none-eabi/lib/thumb/v7e-m\libc.a(lib_a-mallocr.o)
                0x20400a54                __malloc_current_mallinfo
 .bss.__malloc_max_sbrked_mem
                0x20400a7c        0x4 c:/program files (x86)/atmel/studio/7.0/toolchain/arm/arm-gnu-toolchain/bin/../lib/gcc/arm-none-eabi/6.2.1/../../../../arm-none-eabi/lib/thumb/v7e-m\libc.a(lib_a-mallocr.o)
                0x20400a7c                __malloc_max_sbrked_mem
 .bss.__malloc_max_total_mem
                0x20400a80        0x4 c:/program files (x86)/atmel/studio/7.0/toolchain/arm/arm-gnu-toolchain/bin/../lib/gcc/arm-none-eabi/6.2.1/../../../../arm-none-eabi/lib/thumb/v7e-m\libc.a(lib_a-mallocr.o)
                0x20400a80                __malloc_max_total_mem
 .bss.__malloc_top_pad
                0x20400a84        0x4 c:/program files (x86)/atmel/studio/7.0/toolchain/arm/arm-gnu-toolchain/bin/../lib/gcc/arm-none-eabi/6.2.1/../../../../arm-none-eabi/lib/thumb/v7e-m\libc.a(lib_a-mallocr.o)
                0x20400a84                __malloc_top_pad
 *(COMMON)
 COMMON         0x20400a88        0x4 src/ASF/common/utils/stdio/read.o
                0x20400a88                ptr_get
 COMMON         0x20400a8c        0x8 src/ASF/common/utils/stdio/write.o
                0x20400a8c                ptr_put
                0x20400a90                stdio_base
 COMMON         0x20400a94        0x4 c:/program files (x86)/atmel/studio/7.0/toolchain/arm/arm-gnu-toolchain/bin/../lib/gcc/arm-none-eabi/6.2.1/../../../../arm-none-eabi/lib/thumb/v7e-m\libc.a(lib_a-reent.o)
                0x20400a94                errno
                0x20400a98                . = ALIGN (0x4)
                0x20400a98                _ebss = .
                0x20400a98                _ezero = .

.stack          0x20400a98     0x2000 load address 0x00405cb4
                0x20400a98                . = ALIGN (0x8)
                0x20400a98                _sstack = .
                0x20402a98                . = (. + STACK_SIZE)
 *fill*         0x20400a98     0x2000 
                0x20402a98                . = ALIGN (0x8)
                0x20402a98                _estack = .

.heap           0x20402a98      0x200 load address 0x00407cb4
                0x20402a98                . = ALIGN (0x8)
                0x20402a98                _sheap = .
                0x20402c98                . = (. + HEAP_SIZE)
 *fill*         0x20402a98      0x200 
                0x20402c98                . = ALIGN (0x8)
                0x20402c98                _eheap = .
                0x20402c98                . = ALIGN (0x4)
                0x20402c98                _end = .
                0x2045ffff                _ram_end_ = ((ORIGIN (ram) + LENGTH (ram)) - 0x1)
OUTPUT(HC-05.elf elf32-littlearm)

.ARM.attributes
                0x00000000       0x2e
 .ARM.attributes
                0x00000000       0x1e c:/program files (x86)/atmel/studio/7.0/toolchain/arm/arm-gnu-toolchain/bin/../lib/gcc/arm-none-eabi/6.2.1/thumb/v7e-m/crti.o
 .ARM.attributes
                0x0000001e       0x2e c:/program files (x86)/atmel/studio/7.0/toolchain/arm/arm-gnu-toolchain/bin/../lib/gcc/arm-none-eabi/6.2.1/thumb/v7e-m/crtbegin.o
 .ARM.attributes
                0x0000004c       0x37 src/ASF/common/services/clock/same70/sysclk.o
 .ARM.attributes
                0x00000083       0x37 src/ASF/common/services/delay/sam/cycle_counter.o
 .ARM.attributes
                0x000000ba       0x37 src/ASF/common/utils/interrupt/interrupt_sam_nvic.o
 .ARM.attributes
                0x000000f1       0x37 src/ASF/common/utils/stdio/read.o
 .ARM.attributes
                0x00000128       0x37 src/ASF/common/utils/stdio/write.o
 .ARM.attributes
                0x0000015f       0x37 src/ASF/sam/boards/same70_xplained/init.o
 .ARM.attributes
                0x00000196       0x37 src/ASF/sam/drivers/pio/pio.o
 .ARM.attributes
                0x000001cd       0x37 src/ASF/sam/drivers/pio/pio_handler.o
 .ARM.attributes
                0x00000204       0x37 src/ASF/sam/drivers/pmc/pmc.o
 .ARM.attributes
                0x0000023b       0x37 src/ASF/sam/drivers/uart/uart.o
 .ARM.attributes
                0x00000272       0x37 src/ASF/sam/drivers/usart/usart.o
 .ARM.attributes
                0x000002a9       0x37 src/ASF/sam/utils/cmsis/same70/source/templates/gcc/startup_same70.o
 .ARM.attributes
                0x000002e0       0x37 src/ASF/sam/utils/cmsis/same70/source/templates/system_same70.o
 .ARM.attributes
                0x00000317       0x37 src/ASF/sam/utils/syscalls/gcc/syscalls.o
 .ARM.attributes
                0x0000034e       0x37 src/main.o
 .ARM.attributes
                0x00000385       0x1e c:/program files (x86)/atmel/studio/7.0/toolchain/arm/arm-gnu-toolchain/bin/../lib/gcc/arm-none-eabi/6.2.1/thumb/v7e-m\libgcc.a(_aeabi_uldivmod.o)
 .ARM.attributes
                0x000003a3       0x2e c:/program files (x86)/atmel/studio/7.0/toolchain/arm/arm-gnu-toolchain/bin/../lib/gcc/arm-none-eabi/6.2.1/thumb/v7e-m\libgcc.a(_udivmoddi4.o)
 .ARM.attributes
                0x000003d1       0x1e c:/program files (x86)/atmel/studio/7.0/toolchain/arm/arm-gnu-toolchain/bin/../lib/gcc/arm-none-eabi/6.2.1/thumb/v7e-m\libgcc.a(_dvmd_tls.o)
 .ARM.attributes
                0x000003ef       0x2e c:/program files (x86)/atmel/studio/7.0/toolchain/arm/arm-gnu-toolchain/bin/../lib/gcc/arm-none-eabi/6.2.1/../../../../arm-none-eabi/lib/thumb/v7e-m\libc.a(lib_a-impure.o)
 .ARM.attributes
                0x0000041d       0x2e c:/program files (x86)/atmel/studio/7.0/toolchain/arm/arm-gnu-toolchain/bin/../lib/gcc/arm-none-eabi/6.2.1/../../../../arm-none-eabi/lib/thumb/v7e-m\libc.a(lib_a-init.o)
 .ARM.attributes
                0x0000044b       0x2e c:/program files (x86)/atmel/studio/7.0/toolchain/arm/arm-gnu-toolchain/bin/../lib/gcc/arm-none-eabi/6.2.1/../../../../arm-none-eabi/lib/thumb/v7e-m\libc.a(lib_a-iprintf.o)
 .ARM.attributes
                0x00000479       0x2e c:/program files (x86)/atmel/studio/7.0/toolchain/arm/arm-gnu-toolchain/bin/../lib/gcc/arm-none-eabi/6.2.1/../../../../arm-none-eabi/lib/thumb/v7e-m\libc.a(lib_a-memset.o)
 .ARM.attributes
                0x000004a7       0x2e c:/program files (x86)/atmel/studio/7.0/toolchain/arm/arm-gnu-toolchain/bin/../lib/gcc/arm-none-eabi/6.2.1/../../../../arm-none-eabi/lib/thumb/v7e-m\libc.a(lib_a-setbuf.o)
 .ARM.attributes
                0x000004d5       0x2e c:/program files (x86)/atmel/studio/7.0/toolchain/arm/arm-gnu-toolchain/bin/../lib/gcc/arm-none-eabi/6.2.1/../../../../arm-none-eabi/lib/thumb/v7e-m\libc.a(lib_a-setvbuf.o)
 .ARM.attributes
                0x00000503       0x2e c:/program files (x86)/atmel/studio/7.0/toolchain/arm/arm-gnu-toolchain/bin/../lib/gcc/arm-none-eabi/6.2.1/../../../../arm-none-eabi/lib/thumb/v7e-m\libc.a(lib_a-vfiprintf.o)
 .ARM.attributes
                0x00000531       0x2e c:/program files (x86)/atmel/studio/7.0/toolchain/arm/arm-gnu-toolchain/bin/../lib/gcc/arm-none-eabi/6.2.1/../../../../arm-none-eabi/lib/thumb/v7e-m\libc.a(lib_a-wsetup.o)
 .ARM.attributes
                0x0000055f       0x2e c:/program files (x86)/atmel/studio/7.0/toolchain/arm/arm-gnu-toolchain/bin/../lib/gcc/arm-none-eabi/6.2.1/../../../../arm-none-eabi/lib/thumb/v7e-m\libc.a(lib_a-__call_atexit.o)
 .ARM.attributes
                0x0000058d       0x2e c:/program files (x86)/atmel/studio/7.0/toolchain/arm/arm-gnu-toolchain/bin/../lib/gcc/arm-none-eabi/6.2.1/../../../../arm-none-eabi/lib/thumb/v7e-m\libc.a(lib_a-atexit.o)
 .ARM.attributes
                0x000005bb       0x2e c:/program files (x86)/atmel/studio/7.0/toolchain/arm/arm-gnu-toolchain/bin/../lib/gcc/arm-none-eabi/6.2.1/../../../../arm-none-eabi/lib/thumb/v7e-m\libc.a(lib_a-fflush.o)
 .ARM.attributes
                0x000005e9       0x2e c:/program files (x86)/atmel/studio/7.0/toolchain/arm/arm-gnu-toolchain/bin/../lib/gcc/arm-none-eabi/6.2.1/../../../../arm-none-eabi/lib/thumb/v7e-m\libc.a(lib_a-findfp.o)
 .ARM.attributes
                0x00000617       0x2e c:/program files (x86)/atmel/studio/7.0/toolchain/arm/arm-gnu-toolchain/bin/../lib/gcc/arm-none-eabi/6.2.1/../../../../arm-none-eabi/lib/thumb/v7e-m\libc.a(lib_a-fini.o)
 .ARM.attributes
                0x00000645       0x2e c:/program files (x86)/atmel/studio/7.0/toolchain/arm/arm-gnu-toolchain/bin/../lib/gcc/arm-none-eabi/6.2.1/../../../../arm-none-eabi/lib/thumb/v7e-m\libc.a(lib_a-fputwc.o)
 .ARM.attributes
                0x00000673       0x2e c:/program files (x86)/atmel/studio/7.0/toolchain/arm/arm-gnu-toolchain/bin/../lib/gcc/arm-none-eabi/6.2.1/../../../../arm-none-eabi/lib/thumb/v7e-m\libc.a(lib_a-freer.o)
 .ARM.attributes
                0x000006a1       0x2e c:/program files (x86)/atmel/studio/7.0/toolchain/arm/arm-gnu-toolchain/bin/../lib/gcc/arm-none-eabi/6.2.1/../../../../arm-none-eabi/lib/thumb/v7e-m\libc.a(lib_a-fvwrite.o)
 .ARM.attributes
                0x000006cf       0x2e c:/program files (x86)/atmel/studio/7.0/toolchain/arm/arm-gnu-toolchain/bin/../lib/gcc/arm-none-eabi/6.2.1/../../../../arm-none-eabi/lib/thumb/v7e-m\libc.a(lib_a-fwalk.o)
 .ARM.attributes
                0x000006fd       0x2e c:/program files (x86)/atmel/studio/7.0/toolchain/arm/arm-gnu-toolchain/bin/../lib/gcc/arm-none-eabi/6.2.1/../../../../arm-none-eabi/lib/thumb/v7e-m\libc.a(lib_a-locale.o)
 .ARM.attributes
                0x0000072b       0x2e c:/program files (x86)/atmel/studio/7.0/toolchain/arm/arm-gnu-toolchain/bin/../lib/gcc/arm-none-eabi/6.2.1/../../../../arm-none-eabi/lib/thumb/v7e-m\libc.a(lib_a-makebuf.o)
 .ARM.attributes
                0x00000759       0x2e c:/program files (x86)/atmel/studio/7.0/toolchain/arm/arm-gnu-toolchain/bin/../lib/gcc/arm-none-eabi/6.2.1/../../../../arm-none-eabi/lib/thumb/v7e-m\libc.a(lib_a-malloc.o)
 .ARM.attributes
                0x00000787       0x2e c:/program files (x86)/atmel/studio/7.0/toolchain/arm/arm-gnu-toolchain/bin/../lib/gcc/arm-none-eabi/6.2.1/../../../../arm-none-eabi/lib/thumb/v7e-m\libc.a(lib_a-mallocr.o)
 .ARM.attributes
                0x000007b5       0x2e c:/program files (x86)/atmel/studio/7.0/toolchain/arm/arm-gnu-toolchain/bin/../lib/gcc/arm-none-eabi/6.2.1/../../../../arm-none-eabi/lib/thumb/v7e-m\libc.a(lib_a-mbtowc_r.o)
 .ARM.attributes
                0x000007e3       0x1c c:/program files (x86)/atmel/studio/7.0/toolchain/arm/arm-gnu-toolchain/bin/../lib/gcc/arm-none-eabi/6.2.1/../../../../arm-none-eabi/lib/thumb/v7e-m\libc.a(lib_a-memchr.o)
 .ARM.attributes
                0x000007ff       0x1c c:/program files (x86)/atmel/studio/7.0/toolchain/arm/arm-gnu-toolchain/bin/../lib/gcc/arm-none-eabi/6.2.1/../../../../arm-none-eabi/lib/thumb/v7e-m\libc.a(lib_a-memcpy.o)
 .ARM.attributes
                0x0000081b       0x2e c:/program files (x86)/atmel/studio/7.0/toolchain/arm/arm-gnu-toolchain/bin/../lib/gcc/arm-none-eabi/6.2.1/../../../../arm-none-eabi/lib/thumb/v7e-m\libc.a(lib_a-memmove.o)
 .ARM.attributes
                0x00000849       0x2e c:/program files (x86)/atmel/studio/7.0/toolchain/arm/arm-gnu-toolchain/bin/../lib/gcc/arm-none-eabi/6.2.1/../../../../arm-none-eabi/lib/thumb/v7e-m\libc.a(lib_a-mlock.o)
 .ARM.attributes
                0x00000877       0x2e c:/program files (x86)/atmel/studio/7.0/toolchain/arm/arm-gnu-toolchain/bin/../lib/gcc/arm-none-eabi/6.2.1/../../../../arm-none-eabi/lib/thumb/v7e-m\libc.a(lib_a-reallocr.o)
 .ARM.attributes
                0x000008a5       0x2e c:/program files (x86)/atmel/studio/7.0/toolchain/arm/arm-gnu-toolchain/bin/../lib/gcc/arm-none-eabi/6.2.1/../../../../arm-none-eabi/lib/thumb/v7e-m\libc.a(lib_a-sbrkr.o)
 .ARM.attributes
                0x000008d3       0x2e c:/program files (x86)/atmel/studio/7.0/toolchain/arm/arm-gnu-toolchain/bin/../lib/gcc/arm-none-eabi/6.2.1/../../../../arm-none-eabi/lib/thumb/v7e-m\libc.a(lib_a-stdio.o)
 .ARM.attributes
                0x00000901       0x1c c:/program files (x86)/atmel/studio/7.0/toolchain/arm/arm-gnu-toolchain/bin/../lib/gcc/arm-none-eabi/6.2.1/../../../../arm-none-eabi/lib/thumb/v7e-m\libc.a(lib_a-strlen.o)
 .ARM.attributes
                0x0000091d       0x2e c:/program files (x86)/atmel/studio/7.0/toolchain/arm/arm-gnu-toolchain/bin/../lib/gcc/arm-none-eabi/6.2.1/../../../../arm-none-eabi/lib/thumb/v7e-m\libc.a(lib_a-wbuf.o)
 .ARM.attributes
                0x0000094b       0x2e c:/program files (x86)/atmel/studio/7.0/toolchain/arm/arm-gnu-toolchain/bin/../lib/gcc/arm-none-eabi/6.2.1/../../../../arm-none-eabi/lib/thumb/v7e-m\libc.a(lib_a-wcrtomb.o)
 .ARM.attributes
                0x00000979       0x2e c:/program files (x86)/atmel/studio/7.0/toolchain/arm/arm-gnu-toolchain/bin/../lib/gcc/arm-none-eabi/6.2.1/../../../../arm-none-eabi/lib/thumb/v7e-m\libc.a(lib_a-wctomb_r.o)
 .ARM.attributes
                0x000009a7       0x2e c:/program files (x86)/atmel/studio/7.0/toolchain/arm/arm-gnu-toolchain/bin/../lib/gcc/arm-none-eabi/6.2.1/../../../../arm-none-eabi/lib/thumb/v7e-m\libc.a(lib_a-writer.o)
 .ARM.attributes
                0x000009d5       0x2e c:/program files (x86)/atmel/studio/7.0/toolchain/arm/arm-gnu-toolchain/bin/../lib/gcc/arm-none-eabi/6.2.1/../../../../arm-none-eabi/lib/thumb/v7e-m\libc.a(lib_a-__atexit.o)
 .ARM.attributes
                0x00000a03       0x2e c:/program files (x86)/atmel/studio/7.0/toolchain/arm/arm-gnu-toolchain/bin/../lib/gcc/arm-none-eabi/6.2.1/../../../../arm-none-eabi/lib/thumb/v7e-m\libc.a(lib_a-closer.o)
 .ARM.attributes
                0x00000a31       0x2e c:/program files (x86)/atmel/studio/7.0/toolchain/arm/arm-gnu-toolchain/bin/../lib/gcc/arm-none-eabi/6.2.1/../../../../arm-none-eabi/lib/thumb/v7e-m\libc.a(lib_a-ctype_.o)
 .ARM.attributes
                0x00000a5f       0x2e c:/program files (x86)/atmel/studio/7.0/toolchain/arm/arm-gnu-toolchain/bin/../lib/gcc/arm-none-eabi/6.2.1/../../../../arm-none-eabi/lib/thumb/v7e-m\libc.a(lib_a-fclose.o)
 .ARM.attributes
                0x00000a8d       0x2e c:/program files (x86)/atmel/studio/7.0/toolchain/arm/arm-gnu-toolchain/bin/../lib/gcc/arm-none-eabi/6.2.1/../../../../arm-none-eabi/lib/thumb/v7e-m\libc.a(lib_a-fstatr.o)
 .ARM.attributes
                0x00000abb       0x2e c:/program files (x86)/atmel/studio/7.0/toolchain/arm/arm-gnu-toolchain/bin/../lib/gcc/arm-none-eabi/6.2.1/../../../../arm-none-eabi/lib/thumb/v7e-m\libc.a(lib_a-isattyr.o)
 .ARM.attributes
                0x00000ae9       0x2e c:/program files (x86)/atmel/studio/7.0/toolchain/arm/arm-gnu-toolchain/bin/../lib/gcc/arm-none-eabi/6.2.1/../../../../arm-none-eabi/lib/thumb/v7e-m\libc.a(lib_a-lseekr.o)
 .ARM.attributes
                0x00000b17       0x2e c:/program files (x86)/atmel/studio/7.0/toolchain/arm/arm-gnu-toolchain/bin/../lib/gcc/arm-none-eabi/6.2.1/../../../../arm-none-eabi/lib/thumb/v7e-m\libc.a(lib_a-readr.o)
 .ARM.attributes
                0x00000b45       0x2e c:/program files (x86)/atmel/studio/7.0/toolchain/arm/arm-gnu-toolchain/bin/../lib/gcc/arm-none-eabi/6.2.1/../../../../arm-none-eabi/lib/thumb/v7e-m\libc.a(lib_a-reent.o)
 .ARM.attributes
                0x00000b73       0x1e c:/program files (x86)/atmel/studio/7.0/toolchain/arm/arm-gnu-toolchain/bin/../lib/gcc/arm-none-eabi/6.2.1/thumb/v7e-m/crtn.o

.comment        0x00000000       0x59
 .comment       0x00000000       0x59 src/ASF/common/services/clock/same70/sysclk.o
                                 0x5a (size before relaxing)
 .comment       0x00000059       0x5a src/ASF/common/services/delay/sam/cycle_counter.o
 .comment       0x00000059       0x5a src/ASF/common/utils/interrupt/interrupt_sam_nvic.o
 .comment       0x00000059       0x5a src/ASF/common/utils/stdio/read.o
 .comment       0x00000059       0x5a src/ASF/common/utils/stdio/write.o
 .comment       0x00000059       0x5a src/ASF/sam/boards/same70_xplained/init.o
 .comment       0x00000059       0x5a src/ASF/sam/drivers/pio/pio.o
 .comment       0x00000059       0x5a src/ASF/sam/drivers/pio/pio_handler.o
 .comment       0x00000059       0x5a src/ASF/sam/drivers/pmc/pmc.o
 .comment       0x00000059       0x5a src/ASF/sam/drivers/uart/uart.o
 .comment       0x00000059       0x5a src/ASF/sam/drivers/usart/usart.o
 .comment       0x00000059       0x5a src/ASF/sam/utils/cmsis/same70/source/templates/gcc/startup_same70.o
 .comment       0x00000059       0x5a src/ASF/sam/utils/cmsis/same70/source/templates/system_same70.o
 .comment       0x00000059       0x5a src/ASF/sam/utils/syscalls/gcc/syscalls.o
 .comment       0x00000059       0x5a src/main.o

.debug_info     0x00000000    0x12e3e
 .debug_info    0x00000000     0x12c8 src/ASF/common/services/clock/same70/sysclk.o
 .debug_info    0x000012c8      0xa39 src/ASF/common/services/delay/sam/cycle_counter.o
 .debug_info    0x00001d01      0xafa src/ASF/common/utils/interrupt/interrupt_sam_nvic.o
 .debug_info    0x000027fb      0xaad src/ASF/common/utils/stdio/read.o
 .debug_info    0x000032a8      0xab6 src/ASF/common/utils/stdio/write.o
 .debug_info    0x00003d5e     0x1fd2 src/ASF/sam/boards/same70_xplained/init.o
 .debug_info    0x00005d30     0x1cb3 src/ASF/sam/drivers/pio/pio.o
 .debug_info    0x000079e3     0x1a0c src/ASF/sam/drivers/pio/pio_handler.o
 .debug_info    0x000093ef     0x1db4 src/ASF/sam/drivers/pmc/pmc.o
 .debug_info    0x0000b1a3     0x104e src/ASF/sam/drivers/uart/uart.o
 .debug_info    0x0000c1f1     0x20e9 src/ASF/sam/drivers/usart/usart.o
 .debug_info    0x0000e2da     0x1570 src/ASF/sam/utils/cmsis/same70/source/templates/gcc/startup_same70.o
 .debug_info    0x0000f84a      0x55f src/ASF/sam/utils/cmsis/same70/source/templates/system_same70.o
 .debug_info    0x0000fda9      0xdb0 src/ASF/sam/utils/syscalls/gcc/syscalls.o
 .debug_info    0x00010b59     0x22e5 src/main.o

.debug_abbrev   0x00000000     0x2424
 .debug_abbrev  0x00000000      0x296 src/ASF/common/services/clock/same70/sysclk.o
 .debug_abbrev  0x00000296      0x1b3 src/ASF/common/services/delay/sam/cycle_counter.o
 .debug_abbrev  0x00000449      0x214 src/ASF/common/utils/interrupt/interrupt_sam_nvic.o
 .debug_abbrev  0x0000065d      0x1da src/ASF/common/utils/stdio/read.o
 .debug_abbrev  0x00000837      0x1da src/ASF/common/utils/stdio/write.o
 .debug_abbrev  0x00000a11      0x3eb src/ASF/sam/boards/same70_xplained/init.o
 .debug_abbrev  0x00000dfc      0x296 src/ASF/sam/drivers/pio/pio.o
 .debug_abbrev  0x00001092      0x2c9 src/ASF/sam/drivers/pio/pio_handler.o
 .debug_abbrev  0x0000135b      0x2c5 src/ASF/sam/drivers/pmc/pmc.o
 .debug_abbrev  0x00001620      0x234 src/ASF/sam/drivers/uart/uart.o
 .debug_abbrev  0x00001854      0x287 src/ASF/sam/drivers/usart/usart.o
 .debug_abbrev  0x00001adb      0x2e8 src/ASF/sam/utils/cmsis/same70/source/templates/gcc/startup_same70.o
 .debug_abbrev  0x00001dc3      0x102 src/ASF/sam/utils/cmsis/same70/source/templates/system_same70.o
 .debug_abbrev  0x00001ec5      0x22a src/ASF/sam/utils/syscalls/gcc/syscalls.o
 .debug_abbrev  0x000020ef      0x335 src/main.o

.debug_loc      0x00000000     0x669e
 .debug_loc     0x00000000      0x4a0 src/ASF/common/services/clock/same70/sysclk.o
 .debug_loc     0x000004a0       0xa0 src/ASF/common/utils/interrupt/interrupt_sam_nvic.o
 .debug_loc     0x00000540       0x50 src/ASF/common/utils/stdio/read.o
 .debug_loc     0x00000590       0x50 src/ASF/common/utils/stdio/write.o
 .debug_loc     0x000005e0      0x358 src/ASF/sam/boards/same70_xplained/init.o
 .debug_loc     0x00000938     0x1174 src/ASF/sam/drivers/pio/pio.o
 .debug_loc     0x00001aac      0x38c src/ASF/sam/drivers/pio/pio_handler.o
 .debug_loc     0x00001e38     0x1714 src/ASF/sam/drivers/pmc/pmc.o
 .debug_loc     0x0000354c      0x8a0 src/ASF/sam/drivers/uart/uart.o
 .debug_loc     0x00003dec     0x1e4c src/ASF/sam/drivers/usart/usart.o
 .debug_loc     0x00005c38      0x16c src/ASF/sam/utils/cmsis/same70/source/templates/gcc/startup_same70.o
 .debug_loc     0x00005da4       0xe4 src/ASF/sam/utils/cmsis/same70/source/templates/system_same70.o
 .debug_loc     0x00005e88      0x324 src/ASF/sam/utils/syscalls/gcc/syscalls.o
 .debug_loc     0x000061ac      0x4f2 src/main.o

.debug_aranges  0x00000000      0xb18
 .debug_aranges
                0x00000000       0x98 src/ASF/common/services/clock/same70/sysclk.o
 .debug_aranges
                0x00000098       0x20 src/ASF/common/services/delay/sam/cycle_counter.o
 .debug_aranges
                0x000000b8       0x28 src/ASF/common/utils/interrupt/interrupt_sam_nvic.o
 .debug_aranges
                0x000000e0       0x20 src/ASF/common/utils/stdio/read.o
 .debug_aranges
                0x00000100       0x20 src/ASF/common/utils/stdio/write.o
 .debug_aranges
                0x00000120       0x70 src/ASF/sam/boards/same70_xplained/init.o
 .debug_aranges
                0x00000190      0x1a8 src/ASF/sam/drivers/pio/pio.o
 .debug_aranges
                0x00000338       0x80 src/ASF/sam/drivers/pio/pio_handler.o
 .debug_aranges
                0x000003b8      0x250 src/ASF/sam/drivers/pmc/pmc.o
 .debug_aranges
                0x00000608       0xd8 src/ASF/sam/drivers/uart/uart.o
 .debug_aranges
                0x000006e0      0x2c8 src/ASF/sam/drivers/usart/usart.o
 .debug_aranges
                0x000009a8       0x40 src/ASF/sam/utils/cmsis/same70/source/templates/gcc/startup_same70.o
 .debug_aranges
                0x000009e8       0x30 src/ASF/sam/utils/cmsis/same70/source/templates/system_same70.o
 .debug_aranges
                0x00000a18       0x60 src/ASF/sam/utils/syscalls/gcc/syscalls.o
 .debug_aranges
                0x00000a78       0xa0 src/main.o

.debug_ranges   0x00000000      0xaa0
 .debug_ranges  0x00000000       0x88 src/ASF/common/services/clock/same70/sysclk.o
 .debug_ranges  0x00000088       0x10 src/ASF/common/services/delay/sam/cycle_counter.o
 .debug_ranges  0x00000098       0x18 src/ASF/common/utils/interrupt/interrupt_sam_nvic.o
 .debug_ranges  0x000000b0       0x10 src/ASF/common/utils/stdio/read.o
 .debug_ranges  0x000000c0       0x10 src/ASF/common/utils/stdio/write.o
 .debug_ranges  0x000000d0       0xd8 src/ASF/sam/boards/same70_xplained/init.o
 .debug_ranges  0x000001a8      0x198 src/ASF/sam/drivers/pio/pio.o
 .debug_ranges  0x00000340       0x70 src/ASF/sam/drivers/pio/pio_handler.o
 .debug_ranges  0x000003b0      0x240 src/ASF/sam/drivers/pmc/pmc.o
 .debug_ranges  0x000005f0       0xc8 src/ASF/sam/drivers/uart/uart.o
 .debug_ranges  0x000006b8      0x2b8 src/ASF/sam/drivers/usart/usart.o
 .debug_ranges  0x00000970       0x30 src/ASF/sam/utils/cmsis/same70/source/templates/gcc/startup_same70.o
 .debug_ranges  0x000009a0       0x20 src/ASF/sam/utils/cmsis/same70/source/templates/system_same70.o
 .debug_ranges  0x000009c0       0x50 src/ASF/sam/utils/syscalls/gcc/syscalls.o
 .debug_ranges  0x00000a10       0x90 src/main.o

.debug_macro    0x00000000    0x1e8c2
 .debug_macro   0x00000000      0x6d1 src/ASF/common/services/clock/same70/sysclk.o
 .debug_macro   0x000006d1      0x8c8 src/ASF/common/services/clock/same70/sysclk.o
 .debug_macro   0x00000f99      0x652 src/ASF/common/services/clock/same70/sysclk.o
 .debug_macro   0x000015eb       0x3a src/ASF/common/services/clock/same70/sysclk.o
 .debug_macro   0x00001625      0x16d src/ASF/common/services/clock/same70/sysclk.o
 .debug_macro   0x00001792       0x76 src/ASF/common/services/clock/same70/sysclk.o
 .debug_macro   0x00001808       0x16 src/ASF/common/services/clock/same70/sysclk.o
 .debug_macro   0x0000181e      0x6e4 src/ASF/common/services/clock/same70/sysclk.o
 .debug_macro   0x00001f02       0x22 src/ASF/common/services/clock/same70/sysclk.o
 .debug_macro   0x00001f24       0x87 src/ASF/common/services/clock/same70/sysclk.o
 .debug_macro   0x00001fab       0x51 src/ASF/common/services/clock/same70/sysclk.o
 .debug_macro   0x00001ffc       0xef src/ASF/common/services/clock/same70/sysclk.o
 .debug_macro   0x000020eb       0x6a src/ASF/common/services/clock/same70/sysclk.o
 .debug_macro   0x00002155      0x1df src/ASF/common/services/clock/same70/sysclk.o
 .debug_macro   0x00002334       0x4a src/ASF/common/services/clock/same70/sysclk.o
 .debug_macro   0x0000237e       0x3b src/ASF/common/services/clock/same70/sysclk.o
 .debug_macro   0x000023b9       0x2d src/ASF/common/services/clock/same70/sysclk.o
 .debug_macro   0x000023e6       0x26 src/ASF/common/services/clock/same70/sysclk.o
 .debug_macro   0x0000240c      0xf9a src/ASF/common/services/clock/same70/sysclk.o
 .debug_macro   0x000033a6      0x175 src/ASF/common/services/clock/same70/sysclk.o
 .debug_macro   0x0000351b      0x257 src/ASF/common/services/clock/same70/sysclk.o
 .debug_macro   0x00003772      0xa0f src/ASF/common/services/clock/same70/sysclk.o
 .debug_macro   0x00004181      0x1b9 src/ASF/common/services/clock/same70/sysclk.o
 .debug_macro   0x0000433a      0x336 src/ASF/common/services/clock/same70/sysclk.o
 .debug_macro   0x00004670      0x15b src/ASF/common/services/clock/same70/sysclk.o
 .debug_macro   0x000047cb     0x1851 src/ASF/common/services/clock/same70/sysclk.o
 .debug_macro   0x0000601c       0x1c src/ASF/common/services/clock/same70/sysclk.o
 .debug_macro   0x00006038      0x68d src/ASF/common/services/clock/same70/sysclk.o
 .debug_macro   0x000066c5      0x31e src/ASF/common/services/clock/same70/sysclk.o
 .debug_macro   0x000069e3      0x4d4 src/ASF/common/services/clock/same70/sysclk.o
 .debug_macro   0x00006eb7      0x56e src/ASF/common/services/clock/same70/sysclk.o
 .debug_macro   0x00007425     0x1332 src/ASF/common/services/clock/same70/sysclk.o
 .debug_macro   0x00008757     0x278d src/ASF/common/services/clock/same70/sysclk.o
 .debug_macro   0x0000aee4     0x102b src/ASF/common/services/clock/same70/sysclk.o
 .debug_macro   0x0000bf0f      0xe01 src/ASF/common/services/clock/same70/sysclk.o
 .debug_macro   0x0000cd10      0x3b1 src/ASF/common/services/clock/same70/sysclk.o
 .debug_macro   0x0000d0c1       0xa0 src/ASF/common/services/clock/same70/sysclk.o
 .debug_macro   0x0000d161       0x76 src/ASF/common/services/clock/same70/sysclk.o
 .debug_macro   0x0000d1d7      0x409 src/ASF/common/services/clock/same70/sysclk.o
 .debug_macro   0x0000d5e0       0x64 src/ASF/common/services/clock/same70/sysclk.o
 .debug_macro   0x0000d644      0x284 src/ASF/common/services/clock/same70/sysclk.o
 .debug_macro   0x0000d8c8      0x1d0 src/ASF/common/services/clock/same70/sysclk.o
 .debug_macro   0x0000da98      0x248 src/ASF/common/services/clock/same70/sysclk.o
 .debug_macro   0x0000dce0      0x524 src/ASF/common/services/clock/same70/sysclk.o
 .debug_macro   0x0000e204      0x63b src/ASF/common/services/clock/same70/sysclk.o
 .debug_macro   0x0000e83f      0x6b8 src/ASF/common/services/clock/same70/sysclk.o
 .debug_macro   0x0000eef7       0x4c src/ASF/common/services/clock/same70/sysclk.o
 .debug_macro   0x0000ef43      0x468 src/ASF/common/services/clock/same70/sysclk.o
 .debug_macro   0x0000f3ab      0x207 src/ASF/common/services/clock/same70/sysclk.o
 .debug_macro   0x0000f5b2      0x866 src/ASF/common/services/clock/same70/sysclk.o
 .debug_macro   0x0000fe18     0x1547 src/ASF/common/services/clock/same70/sysclk.o
 .debug_macro   0x0001135f       0x40 src/ASF/common/services/clock/same70/sysclk.o
 .debug_macro   0x0001139f       0x76 src/ASF/common/services/clock/same70/sysclk.o
 .debug_macro   0x00011415      0xdaf src/ASF/common/services/clock/same70/sysclk.o
 .debug_macro   0x000121c4       0x82 src/ASF/common/services/clock/same70/sysclk.o
 .debug_macro   0x00012246       0x76 src/ASF/common/services/clock/same70/sysclk.o
 .debug_macro   0x000122bc       0x4c src/ASF/common/services/clock/same70/sysclk.o
 .debug_macro   0x00012308      0x135 src/ASF/common/services/clock/same70/sysclk.o
 .debug_macro   0x0001243d      0x135 src/ASF/common/services/clock/same70/sysclk.o
 .debug_macro   0x00012572      0x135 src/ASF/common/services/clock/same70/sysclk.o
 .debug_macro   0x000126a7       0x6a src/ASF/common/services/clock/same70/sysclk.o
 .debug_macro   0x00012711       0x6a src/ASF/common/services/clock/same70/sysclk.o
 .debug_macro   0x0001277b      0x313 src/ASF/common/services/clock/same70/sysclk.o
 .debug_macro   0x00012a8e       0xb2 src/ASF/common/services/clock/same70/sysclk.o
 .debug_macro   0x00012b40       0xb2 src/ASF/common/services/clock/same70/sysclk.o
 .debug_macro   0x00012bf2       0xb2 src/ASF/common/services/clock/same70/sysclk.o
 .debug_macro   0x00012ca4      0x11d src/ASF/common/services/clock/same70/sysclk.o
 .debug_macro   0x00012dc1      0x11d src/ASF/common/services/clock/same70/sysclk.o
 .debug_macro   0x00012ede      0x2cd src/ASF/common/services/clock/same70/sysclk.o
 .debug_macro   0x000131ab       0xb8 src/ASF/common/services/clock/same70/sysclk.o
 .debug_macro   0x00013263       0x5e src/ASF/common/services/clock/same70/sysclk.o
 .debug_macro   0x000132c1       0x40 src/ASF/common/services/clock/same70/sysclk.o
 .debug_macro   0x00013301       0x4c src/ASF/common/services/clock/same70/sysclk.o
 .debug_macro   0x0001334d       0xa0 src/ASF/common/services/clock/same70/sysclk.o
 .debug_macro   0x000133ed      0x494 src/ASF/common/services/clock/same70/sysclk.o
 .debug_macro   0x00013881      0x135 src/ASF/common/services/clock/same70/sysclk.o
 .debug_macro   0x000139b6       0x4c src/ASF/common/services/clock/same70/sysclk.o
 .debug_macro   0x00013a02      0x313 src/ASF/common/services/clock/same70/sysclk.o
 .debug_macro   0x00013d15       0x6a src/ASF/common/services/clock/same70/sysclk.o
 .debug_macro   0x00013d7f       0xb8 src/ASF/common/services/clock/same70/sysclk.o
 .debug_macro   0x00013e37       0x6a src/ASF/common/services/clock/same70/sysclk.o
 .debug_macro   0x00013ea1       0x2e src/ASF/common/services/clock/same70/sysclk.o
 .debug_macro   0x00013ecf      0x9b1 src/ASF/common/services/clock/same70/sysclk.o
 .debug_macro   0x00014880       0x6a src/ASF/common/services/clock/same70/sysclk.o
 .debug_macro   0x000148ea       0x88 src/ASF/common/services/clock/same70/sysclk.o
 .debug_macro   0x00014972       0x58 src/ASF/common/services/clock/same70/sysclk.o
 .debug_macro   0x000149ca       0xe2 src/ASF/common/services/clock/same70/sysclk.o
 .debug_macro   0x00014aac       0x16 src/ASF/common/services/clock/same70/sysclk.o
 .debug_macro   0x00014ac2       0xe2 src/ASF/common/services/clock/same70/sysclk.o
 .debug_macro   0x00014ba4       0x4c src/ASF/common/services/clock/same70/sysclk.o
 .debug_macro   0x00014bf0       0x16 src/ASF/common/services/clock/same70/sysclk.o
 .debug_macro   0x00014c06       0x4c src/ASF/common/services/clock/same70/sysclk.o
 .debug_macro   0x00014c52       0x2e src/ASF/common/services/clock/same70/sysclk.o
 .debug_macro   0x00014c80      0x1b5 src/ASF/common/services/clock/same70/sysclk.o
 .debug_macro   0x00014e35      0x1b5 src/ASF/common/services/clock/same70/sysclk.o
 .debug_macro   0x00014fea      0x1b5 src/ASF/common/services/clock/same70/sysclk.o
 .debug_macro   0x0001519f      0x1b5 src/ASF/common/services/clock/same70/sysclk.o
 .debug_macro   0x00015354      0x1b5 src/ASF/common/services/clock/same70/sysclk.o
 .debug_macro   0x00015509       0x1c src/ASF/common/services/clock/same70/sysclk.o
 .debug_macro   0x00015525       0x2e src/ASF/common/services/clock/same70/sysclk.o
 .debug_macro   0x00015553       0x22 src/ASF/common/services/clock/same70/sysclk.o
 .debug_macro   0x00015575       0x1c src/ASF/common/services/clock/same70/sysclk.o
 .debug_macro   0x00015591       0x52 src/ASF/common/services/clock/same70/sysclk.o
 .debug_macro   0x000155e3       0x10 src/ASF/common/services/clock/same70/sysclk.o
 .debug_macro   0x000155f3       0x1c src/ASF/common/services/clock/same70/sysclk.o
 .debug_macro   0x0001560f       0x4c src/ASF/common/services/clock/same70/sysclk.o
 .debug_macro   0x0001565b       0x4c src/ASF/common/services/clock/same70/sysclk.o
 .debug_macro   0x000156a7       0x4c src/ASF/common/services/clock/same70/sysclk.o
 .debug_macro   0x000156f3      0x31b src/ASF/common/services/clock/same70/sysclk.o
 .debug_macro   0x00015a0e     0x1022 src/ASF/common/services/clock/same70/sysclk.o
 .debug_macro   0x00016a30      0x100 src/ASF/common/services/clock/same70/sysclk.o
 .debug_macro   0x00016b30       0x52 src/ASF/common/services/clock/same70/sysclk.o
 .debug_macro   0x00016b82       0x35 src/ASF/common/services/clock/same70/sysclk.o
 .debug_macro   0x00016bb7       0x9c src/ASF/common/services/clock/same70/sysclk.o
 .debug_macro   0x00016c53       0x16 src/ASF/common/services/clock/same70/sysclk.o
 .debug_macro   0x00016c69       0x35 src/ASF/common/services/clock/same70/sysclk.o
 .debug_macro   0x00016c9e      0x330 src/ASF/common/services/clock/same70/sysclk.o
 .debug_macro   0x00016fce       0x10 src/ASF/common/services/clock/same70/sysclk.o
 .debug_macro   0x00016fde       0x52 src/ASF/common/services/clock/same70/sysclk.o
 .debug_macro   0x00017030       0x1f src/ASF/common/services/clock/same70/sysclk.o
 .debug_macro   0x0001704f       0x43 src/ASF/common/services/clock/same70/sysclk.o
 .debug_macro   0x00017092       0x20 src/ASF/common/services/clock/same70/sysclk.o
 .debug_macro   0x000170b2      0x187 src/ASF/common/services/clock/same70/sysclk.o
 .debug_macro   0x00017239       0x10 src/ASF/common/services/clock/same70/sysclk.o
 .debug_macro   0x00017249       0x1c src/ASF/common/services/clock/same70/sysclk.o
 .debug_macro   0x00017265       0x52 src/ASF/common/services/clock/same70/sysclk.o
 .debug_macro   0x000172b7       0x40 src/ASF/common/services/clock/same70/sysclk.o
 .debug_macro   0x000172f7       0x10 src/ASF/common/services/clock/same70/sysclk.o
 .debug_macro   0x00017307       0x40 src/ASF/common/services/clock/same70/sysclk.o
 .debug_macro   0x00017347       0xd7 src/ASF/common/services/clock/same70/sysclk.o
 .debug_macro   0x0001741e       0x16 src/ASF/common/services/clock/same70/sysclk.o
 .debug_macro   0x00017434      0x18b src/ASF/common/services/clock/same70/sysclk.o
 .debug_macro   0x000175bf       0x22 src/ASF/common/services/clock/same70/sysclk.o
 .debug_macro   0x000175e1       0x16 src/ASF/common/services/clock/same70/sysclk.o
 .debug_macro   0x000175f7       0x16 src/ASF/common/services/clock/same70/sysclk.o
 .debug_macro   0x0001760d       0x29 src/ASF/common/services/clock/same70/sysclk.o
 .debug_macro   0x00017636       0x75 src/ASF/common/services/clock/same70/sysclk.o
 .debug_macro   0x000176ab       0x3f src/ASF/common/services/clock/same70/sysclk.o
 .debug_macro   0x000176ea      0x3ca src/ASF/common/services/clock/same70/sysclk.o
 .debug_macro   0x00017ab4      0x2b9 src/ASF/common/services/clock/same70/sysclk.o
 .debug_macro   0x00017d6d      0x8d6 src/ASF/common/services/clock/same70/sysclk.o
 .debug_macro   0x00018643       0x70 src/ASF/common/services/clock/same70/sysclk.o
 .debug_macro   0x000186b3       0x64 src/ASF/common/services/clock/same70/sysclk.o
 .debug_macro   0x00018717       0x5f src/ASF/common/services/clock/same70/sysclk.o
 .debug_macro   0x00018776       0xac src/ASF/common/services/clock/same70/sysclk.o
 .debug_macro   0x00018822      0x665 src/ASF/common/services/delay/sam/cycle_counter.o
 .debug_macro   0x00018e87       0x22 src/ASF/common/services/delay/sam/cycle_counter.o
 .debug_macro   0x00018ea9      0x655 src/ASF/common/utils/interrupt/interrupt_sam_nvic.o
 .debug_macro   0x000194fe      0x655 src/ASF/common/utils/stdio/read.o
 .debug_macro   0x00019b53      0x655 src/ASF/common/utils/stdio/write.o
 .debug_macro   0x0001a1a8      0x70b src/ASF/sam/boards/same70_xplained/init.o
 .debug_macro   0x0001a8b3       0x22 src/ASF/sam/boards/same70_xplained/init.o
 .debug_macro   0x0001a8d5       0x82 src/ASF/sam/boards/same70_xplained/init.o
 .debug_macro   0x0001a957       0x94 src/ASF/sam/boards/same70_xplained/init.o
 .debug_macro   0x0001a9eb      0x66b src/ASF/sam/drivers/pio/pio.o
 .debug_macro   0x0001b056       0x8e src/ASF/sam/drivers/pio/pio.o
 .debug_macro   0x0001b0e4      0x676 src/ASF/sam/drivers/pio/pio_handler.o
 .debug_macro   0x0001b75a      0x66b src/ASF/sam/drivers/pmc/pmc.o
 .debug_macro   0x0001bdc5       0x6a src/ASF/sam/drivers/pmc/pmc.o
 .debug_macro   0x0001be2f      0x665 src/ASF/sam/drivers/uart/uart.o
 .debug_macro   0x0001c494       0x16 src/ASF/sam/drivers/uart/uart.o
 .debug_macro   0x0001c4aa      0x69b src/ASF/sam/drivers/usart/usart.o
 .debug_macro   0x0001cb45       0x34 src/ASF/sam/drivers/usart/usart.o
 .debug_macro   0x0001cb79      0x664 src/ASF/sam/utils/cmsis/same70/source/templates/gcc/startup_same70.o
 .debug_macro   0x0001d1dd       0x10 src/ASF/sam/utils/cmsis/same70/source/templates/gcc/startup_same70.o
 .debug_macro   0x0001d1ed      0x455 src/ASF/sam/utils/cmsis/same70/source/templates/system_same70.o
 .debug_macro   0x0001d642      0x1d6 src/ASF/sam/utils/syscalls/gcc/syscalls.o
 .debug_macro   0x0001d818       0x97 src/ASF/sam/utils/syscalls/gcc/syscalls.o
 .debug_macro   0x0001d8af       0xf6 src/ASF/sam/utils/syscalls/gcc/syscalls.o
 .debug_macro   0x0001d9a5       0x4c src/ASF/sam/utils/syscalls/gcc/syscalls.o
 .debug_macro   0x0001d9f1       0x16 src/ASF/sam/utils/syscalls/gcc/syscalls.o
 .debug_macro   0x0001da07       0x10 src/ASF/sam/utils/syscalls/gcc/syscalls.o
 .debug_macro   0x0001da17       0x10 src/ASF/sam/utils/syscalls/gcc/syscalls.o
 .debug_macro   0x0001da27       0x35 src/ASF/sam/utils/syscalls/gcc/syscalls.o
 .debug_macro   0x0001da5c      0x122 src/ASF/sam/utils/syscalls/gcc/syscalls.o
 .debug_macro   0x0001db7e      0x874 src/main.o
 .debug_macro   0x0001e3f2       0x28 src/main.o
 .debug_macro   0x0001e41a       0x23 src/main.o
 .debug_macro   0x0001e43d       0x40 src/main.o
 .debug_macro   0x0001e47d       0x88 src/main.o
 .debug_macro   0x0001e505       0x10 src/main.o
 .debug_macro   0x0001e515      0x1ce src/main.o
 .debug_macro   0x0001e6e3       0x16 src/main.o
 .debug_macro   0x0001e6f9       0x1c src/main.o
 .debug_macro   0x0001e715      0x1ad src/main.o

.debug_line     0x00000000     0xb012
 .debug_line    0x00000000      0xc67 src/ASF/common/services/clock/same70/sysclk.o
 .debug_line    0x00000c67      0x9ed src/ASF/common/services/delay/sam/cycle_counter.o
 .debug_line    0x00001654      0xa09 src/ASF/common/utils/interrupt/interrupt_sam_nvic.o
 .debug_line    0x0000205d      0x9ea src/ASF/common/utils/stdio/read.o
 .debug_line    0x00002a47      0x9e7 src/ASF/common/utils/stdio/write.o
 .debug_line    0x0000342e      0xd8a src/ASF/sam/boards/same70_xplained/init.o
 .debug_line    0x000041b8      0xe17 src/ASF/sam/drivers/pio/pio.o
 .debug_line    0x00004fcf      0xb18 src/ASF/sam/drivers/pio/pio_handler.o
 .debug_line    0x00005ae7     0x10d5 src/ASF/sam/drivers/pmc/pmc.o
 .debug_line    0x00006bbc      0xb91 src/ASF/sam/drivers/uart/uart.o
 .debug_line    0x0000774d     0x10cd src/ASF/sam/drivers/usart/usart.o
 .debug_line    0x0000881a      0xac0 src/ASF/sam/utils/cmsis/same70/source/templates/gcc/startup_same70.o
 .debug_line    0x000092da      0x819 src/ASF/sam/utils/cmsis/same70/source/templates/system_same70.o
 .debug_line    0x00009af3      0x413 src/ASF/sam/utils/syscalls/gcc/syscalls.o
 .debug_line    0x00009f06     0x110c src/main.o

.debug_str      0x00000000    0x8b5ae
 .debug_str     0x00000000    0x85682 src/ASF/common/services/clock/same70/sysclk.o
                              0x85d3b (size before relaxing)
 .debug_str     0x00085682      0x1b5 src/ASF/common/services/delay/sam/cycle_counter.o
                              0x81e59 (size before relaxing)
 .debug_str     0x00085837       0x94 src/ASF/common/utils/interrupt/interrupt_sam_nvic.o
                              0x81d29 (size before relaxing)
 .debug_str     0x000858cb       0x3f src/ASF/common/utils/stdio/read.o
                              0x81cd2 (size before relaxing)
 .debug_str     0x0008590a       0x2e src/ASF/common/utils/stdio/write.o
                              0x81cd3 (size before relaxing)
 .debug_str     0x00085938      0xffc src/ASF/sam/boards/same70_xplained/init.o
                              0x868fd (size before relaxing)
 .debug_str     0x00086934      0x5b8 src/ASF/sam/drivers/pio/pio.o
                              0x8287f (size before relaxing)
 .debug_str     0x00086eec      0x44f src/ASF/sam/drivers/pio/pio_handler.o
                              0x829a1 (size before relaxing)
 .debug_str     0x0008733b      0x649 src/ASF/sam/drivers/pmc/pmc.o
                              0x829d4 (size before relaxing)
 .debug_str     0x00087984      0x301 src/ASF/sam/drivers/uart/uart.o
                              0x81fd9 (size before relaxing)
 .debug_str     0x00087c85      0xb6a src/ASF/sam/drivers/usart/usart.o
                              0x82871 (size before relaxing)
 .debug_str     0x000887ef      0x6a3 src/ASF/sam/utils/cmsis/same70/source/templates/gcc/startup_same70.o
                              0x824f6 (size before relaxing)
 .debug_str     0x00088e92      0x137 src/ASF/sam/utils/cmsis/same70/source/templates/system_same70.o
                              0x727f0 (size before relaxing)
 .debug_str     0x00088fc9      0x778 src/ASF/sam/utils/syscalls/gcc/syscalls.o
                               0x72d4 (size before relaxing)
 .debug_str     0x00089741     0x1e6d src/main.o
                              0x88b36 (size before relaxing)

.debug_frame    0x00000000     0x3b30
 .debug_frame   0x00000000      0x240 src/ASF/common/services/clock/same70/sysclk.o
 .debug_frame   0x00000240       0x20 src/ASF/common/services/delay/sam/cycle_counter.o
 .debug_frame   0x00000260       0x58 src/ASF/common/utils/interrupt/interrupt_sam_nvic.o
 .debug_frame   0x000002b8       0x34 src/ASF/common/utils/stdio/read.o
 .debug_frame   0x000002ec       0x34 src/ASF/common/utils/stdio/write.o
 .debug_frame   0x00000320      0x19c src/ASF/sam/boards/same70_xplained/init.o
 .debug_frame   0x000004bc      0x7c0 src/ASF/sam/drivers/pio/pio.o
 .debug_frame   0x00000c7c      0x1d0 src/ASF/sam/drivers/pio/pio_handler.o
 .debug_frame   0x00000e4c      0xa58 src/ASF/sam/drivers/pmc/pmc.o
 .debug_frame   0x000018a4      0x3d0 src/ASF/sam/drivers/uart/uart.o
 .debug_frame   0x00001c74      0xd4c src/ASF/sam/drivers/usart/usart.o
 .debug_frame   0x000029c0       0xbc src/ASF/sam/utils/cmsis/same70/source/templates/gcc/startup_same70.o
 .debug_frame   0x00002a7c       0x78 src/ASF/sam/utils/cmsis/same70/source/templates/system_same70.o
 .debug_frame   0x00002af4      0x170 src/ASF/sam/utils/syscalls/gcc/syscalls.o
 .debug_frame   0x00002c64      0x27c src/main.o
 .debug_frame   0x00002ee0       0x2c c:/program files (x86)/atmel/studio/7.0/toolchain/arm/arm-gnu-toolchain/bin/../lib/gcc/arm-none-eabi/6.2.1/thumb/v7e-m\libgcc.a(_aeabi_uldivmod.o)
 .debug_frame   0x00002f0c       0x34 c:/program files (x86)/atmel/studio/7.0/toolchain/arm/arm-gnu-toolchain/bin/../lib/gcc/arm-none-eabi/6.2.1/thumb/v7e-m\libgcc.a(_udivmoddi4.o)
 .debug_frame   0x00002f40       0x2c c:/program files (x86)/atmel/studio/7.0/toolchain/arm/arm-gnu-toolchain/bin/../lib/gcc/arm-none-eabi/6.2.1/../../../../arm-none-eabi/lib/thumb/v7e-m\libc.a(lib_a-init.o)
 .debug_frame   0x00002f6c       0x74 c:/program files (x86)/atmel/studio/7.0/toolchain/arm/arm-gnu-toolchain/bin/../lib/gcc/arm-none-eabi/6.2.1/../../../../arm-none-eabi/lib/thumb/v7e-m\libc.a(lib_a-iprintf.o)
 .debug_frame   0x00002fe0       0x34 c:/program files (x86)/atmel/studio/7.0/toolchain/arm/arm-gnu-toolchain/bin/../lib/gcc/arm-none-eabi/6.2.1/../../../../arm-none-eabi/lib/thumb/v7e-m\libc.a(lib_a-memset.o)
 .debug_frame   0x00003014       0x20 c:/program files (x86)/atmel/studio/7.0/toolchain/arm/arm-gnu-toolchain/bin/../lib/gcc/arm-none-eabi/6.2.1/../../../../arm-none-eabi/lib/thumb/v7e-m\libc.a(lib_a-setbuf.o)
 .debug_frame   0x00003034       0x50 c:/program files (x86)/atmel/studio/7.0/toolchain/arm/arm-gnu-toolchain/bin/../lib/gcc/arm-none-eabi/6.2.1/../../../../arm-none-eabi/lib/thumb/v7e-m\libc.a(lib_a-setvbuf.o)
 .debug_frame   0x00003084       0xc4 c:/program files (x86)/atmel/studio/7.0/toolchain/arm/arm-gnu-toolchain/bin/../lib/gcc/arm-none-eabi/6.2.1/../../../../arm-none-eabi/lib/thumb/v7e-m\libc.a(lib_a-vfiprintf.o)
 .debug_frame   0x00003148       0x2c c:/program files (x86)/atmel/studio/7.0/toolchain/arm/arm-gnu-toolchain/bin/../lib/gcc/arm-none-eabi/6.2.1/../../../../arm-none-eabi/lib/thumb/v7e-m\libc.a(lib_a-wsetup.o)
 .debug_frame   0x00003174       0x50 c:/program files (x86)/atmel/studio/7.0/toolchain/arm/arm-gnu-toolchain/bin/../lib/gcc/arm-none-eabi/6.2.1/../../../../arm-none-eabi/lib/thumb/v7e-m\libc.a(lib_a-__call_atexit.o)
 .debug_frame   0x000031c4       0x20 c:/program files (x86)/atmel/studio/7.0/toolchain/arm/arm-gnu-toolchain/bin/../lib/gcc/arm-none-eabi/6.2.1/../../../../arm-none-eabi/lib/thumb/v7e-m\libc.a(lib_a-atexit.o)
 .debug_frame   0x000031e4       0x6c c:/program files (x86)/atmel/studio/7.0/toolchain/arm/arm-gnu-toolchain/bin/../lib/gcc/arm-none-eabi/6.2.1/../../../../arm-none-eabi/lib/thumb/v7e-m\libc.a(lib_a-fflush.o)
 .debug_frame   0x00003250      0x124 c:/program files (x86)/atmel/studio/7.0/toolchain/arm/arm-gnu-toolchain/bin/../lib/gcc/arm-none-eabi/6.2.1/../../../../arm-none-eabi/lib/thumb/v7e-m\libc.a(lib_a-findfp.o)
 .debug_frame   0x00003374       0x34 c:/program files (x86)/atmel/studio/7.0/toolchain/arm/arm-gnu-toolchain/bin/../lib/gcc/arm-none-eabi/6.2.1/../../../../arm-none-eabi/lib/thumb/v7e-m\libc.a(lib_a-fini.o)
 .debug_frame   0x000033a8       0x8c c:/program files (x86)/atmel/studio/7.0/toolchain/arm/arm-gnu-toolchain/bin/../lib/gcc/arm-none-eabi/6.2.1/../../../../arm-none-eabi/lib/thumb/v7e-m\libc.a(lib_a-fputwc.o)
 .debug_frame   0x00003434       0x74 c:/program files (x86)/atmel/studio/7.0/toolchain/arm/arm-gnu-toolchain/bin/../lib/gcc/arm-none-eabi/6.2.1/../../../../arm-none-eabi/lib/thumb/v7e-m\libc.a(lib_a-freer.o)
 .debug_frame   0x000034a8       0x68 c:/program files (x86)/atmel/studio/7.0/toolchain/arm/arm-gnu-toolchain/bin/../lib/gcc/arm-none-eabi/6.2.1/../../../../arm-none-eabi/lib/thumb/v7e-m\libc.a(lib_a-fvwrite.o)
 .debug_frame   0x00003510       0x54 c:/program files (x86)/atmel/studio/7.0/toolchain/arm/arm-gnu-toolchain/bin/../lib/gcc/arm-none-eabi/6.2.1/../../../../arm-none-eabi/lib/thumb/v7e-m\libc.a(lib_a-fwalk.o)
 .debug_frame   0x00003564       0x6c c:/program files (x86)/atmel/studio/7.0/toolchain/arm/arm-gnu-toolchain/bin/../lib/gcc/arm-none-eabi/6.2.1/../../../../arm-none-eabi/lib/thumb/v7e-m\libc.a(lib_a-locale.o)
 .debug_frame   0x000035d0       0x68 c:/program files (x86)/atmel/studio/7.0/toolchain/arm/arm-gnu-toolchain/bin/../lib/gcc/arm-none-eabi/6.2.1/../../../../arm-none-eabi/lib/thumb/v7e-m\libc.a(lib_a-makebuf.o)
 .debug_frame   0x00003638       0x30 c:/program files (x86)/atmel/studio/7.0/toolchain/arm/arm-gnu-toolchain/bin/../lib/gcc/arm-none-eabi/6.2.1/../../../../arm-none-eabi/lib/thumb/v7e-m\libc.a(lib_a-malloc.o)
 .debug_frame   0x00003668       0x58 c:/program files (x86)/atmel/studio/7.0/toolchain/arm/arm-gnu-toolchain/bin/../lib/gcc/arm-none-eabi/6.2.1/../../../../arm-none-eabi/lib/thumb/v7e-m\libc.a(lib_a-mallocr.o)
 .debug_frame   0x000036c0       0x4c c:/program files (x86)/atmel/studio/7.0/toolchain/arm/arm-gnu-toolchain/bin/../lib/gcc/arm-none-eabi/6.2.1/../../../../arm-none-eabi/lib/thumb/v7e-m\libc.a(lib_a-mbtowc_r.o)
 .debug_frame   0x0000370c       0x30 c:/program files (x86)/atmel/studio/7.0/toolchain/arm/arm-gnu-toolchain/bin/../lib/gcc/arm-none-eabi/6.2.1/../../../../arm-none-eabi/lib/thumb/v7e-m\libc.a(lib_a-memmove.o)
 .debug_frame   0x0000373c       0x30 c:/program files (x86)/atmel/studio/7.0/toolchain/arm/arm-gnu-toolchain/bin/../lib/gcc/arm-none-eabi/6.2.1/../../../../arm-none-eabi/lib/thumb/v7e-m\libc.a(lib_a-mlock.o)
 .debug_frame   0x0000376c       0x68 c:/program files (x86)/atmel/studio/7.0/toolchain/arm/arm-gnu-toolchain/bin/../lib/gcc/arm-none-eabi/6.2.1/../../../../arm-none-eabi/lib/thumb/v7e-m\libc.a(lib_a-reallocr.o)
 .debug_frame   0x000037d4       0x2c c:/program files (x86)/atmel/studio/7.0/toolchain/arm/arm-gnu-toolchain/bin/../lib/gcc/arm-none-eabi/6.2.1/../../../../arm-none-eabi/lib/thumb/v7e-m\libc.a(lib_a-sbrkr.o)
 .debug_frame   0x00003800       0x88 c:/program files (x86)/atmel/studio/7.0/toolchain/arm/arm-gnu-toolchain/bin/../lib/gcc/arm-none-eabi/6.2.1/../../../../arm-none-eabi/lib/thumb/v7e-m\libc.a(lib_a-stdio.o)
 .debug_frame   0x00003888       0x40 c:/program files (x86)/atmel/studio/7.0/toolchain/arm/arm-gnu-toolchain/bin/../lib/gcc/arm-none-eabi/6.2.1/../../../../arm-none-eabi/lib/thumb/v7e-m\libc.a(lib_a-wbuf.o)
 .debug_frame   0x000038c8       0x5c c:/program files (x86)/atmel/studio/7.0/toolchain/arm/arm-gnu-toolchain/bin/../lib/gcc/arm-none-eabi/6.2.1/../../../../arm-none-eabi/lib/thumb/v7e-m\libc.a(lib_a-wcrtomb.o)
 .debug_frame   0x00003924       0x3c c:/program files (x86)/atmel/studio/7.0/toolchain/arm/arm-gnu-toolchain/bin/../lib/gcc/arm-none-eabi/6.2.1/../../../../arm-none-eabi/lib/thumb/v7e-m\libc.a(lib_a-wctomb_r.o)
 .debug_frame   0x00003960       0x2c c:/program files (x86)/atmel/studio/7.0/toolchain/arm/arm-gnu-toolchain/bin/../lib/gcc/arm-none-eabi/6.2.1/../../../../arm-none-eabi/lib/thumb/v7e-m\libc.a(lib_a-writer.o)
 .debug_frame   0x0000398c       0x34 c:/program files (x86)/atmel/studio/7.0/toolchain/arm/arm-gnu-toolchain/bin/../lib/gcc/arm-none-eabi/6.2.1/../../../../arm-none-eabi/lib/thumb/v7e-m\libc.a(lib_a-__atexit.o)
 .debug_frame   0x000039c0       0x2c c:/program files (x86)/atmel/studio/7.0/toolchain/arm/arm-gnu-toolchain/bin/../lib/gcc/arm-none-eabi/6.2.1/../../../../arm-none-eabi/lib/thumb/v7e-m\libc.a(lib_a-closer.o)