Archive member included to satisfy reference by file (symbol)

c:/program files (x86)/atmel/studio/7.0/toolchain/arm/arm-gnu-toolchain/bin/../lib/gcc/arm-none-eabi/6.2.1/../../../../arm-none-eabi/lib/thumb/v7e-m\libc.a(lib_a-exit.o)
                              c:/program files (x86)/atmel/studio/7.0/toolchain/arm/arm-gnu-toolchain/bin/../lib/gcc/arm-none-eabi/6.2.1/../../../../arm-none-eabi/lib/thumb/v7e-m/crt0.o (exit)
c:/program files (x86)/atmel/studio/7.0/toolchain/arm/arm-gnu-toolchain/bin/../lib/gcc/arm-none-eabi/6.2.1/../../../../arm-none-eabi/lib/thumb/v7e-m\libc.a(lib_a-impure.o)
                              c:/program files (x86)/atmel/studio/7.0/toolchain/arm/arm-gnu-toolchain/bin/../lib/gcc/arm-none-eabi/6.2.1/../../../../arm-none-eabi/lib/thumb/v7e-m\libc.a(lib_a-exit.o) (_global_impure_ptr)
c:/program files (x86)/atmel/studio/7.0/toolchain/arm/arm-gnu-toolchain/bin/../lib/gcc/arm-none-eabi/6.2.1/../../../../arm-none-eabi/lib/thumb/v7e-m\libc.a(lib_a-init.o)
                              c:/program files (x86)/atmel/studio/7.0/toolchain/arm/arm-gnu-toolchain/bin/../lib/gcc/arm-none-eabi/6.2.1/../../../../arm-none-eabi/lib/thumb/v7e-m/crt0.o (__libc_init_array)
c:/program files (x86)/atmel/studio/7.0/toolchain/arm/arm-gnu-toolchain/bin/../lib/gcc/arm-none-eabi/6.2.1/../../../../arm-none-eabi/lib/thumb/v7e-m\libc.a(lib_a-iprintf.o)
                              src/main.o (iprintf)
c:/program files (x86)/atmel/studio/7.0/toolchain/arm/arm-gnu-toolchain/bin/../lib/gcc/arm-none-eabi/6.2.1/../../../../arm-none-eabi/lib/thumb/v7e-m\libc.a(lib_a-memset.o)
                              c:/program files (x86)/atmel/studio/7.0/toolchain/arm/arm-gnu-toolchain/bin/../lib/gcc/arm-none-eabi/6.2.1/../../../../arm-none-eabi/lib/thumb/v7e-m/crt0.o (memset)
c:/program files (x86)/atmel/studio/7.0/toolchain/arm/arm-gnu-toolchain/bin/../lib/gcc/arm-none-eabi/6.2.1/../../../../arm-none-eabi/lib/thumb/v7e-m\libc.a(lib_a-puts.o)
                              src/main.o (puts)
c:/program files (x86)/atmel/studio/7.0/toolchain/arm/arm-gnu-toolchain/bin/../lib/gcc/arm-none-eabi/6.2.1/../../../../arm-none-eabi/lib/thumb/v7e-m\libc.a(lib_a-setbuf.o)
                              src/main.o (setbuf)
c:/program files (x86)/atmel/studio/7.0/toolchain/arm/arm-gnu-toolchain/bin/../lib/gcc/arm-none-eabi/6.2.1/../../../../arm-none-eabi/lib/thumb/v7e-m\libc.a(lib_a-setvbuf.o)
                              c:/program files (x86)/atmel/studio/7.0/toolchain/arm/arm-gnu-toolchain/bin/../lib/gcc/arm-none-eabi/6.2.1/../../../../arm-none-eabi/lib/thumb/v7e-m\libc.a(lib_a-setbuf.o) (setvbuf)
c:/program files (x86)/atmel/studio/7.0/toolchain/arm/arm-gnu-toolchain/bin/../lib/gcc/arm-none-eabi/6.2.1/../../../../arm-none-eabi/lib/thumb/v7e-m\libc.a(lib_a-strlen.o)
                              c:/program files (x86)/atmel/studio/7.0/toolchain/arm/arm-gnu-toolchain/bin/../lib/gcc/arm-none-eabi/6.2.1/../../../../arm-none-eabi/lib/thumb/v7e-m\libc.a(lib_a-puts.o) (strlen)
c:/program files (x86)/atmel/studio/7.0/toolchain/arm/arm-gnu-toolchain/bin/../lib/gcc/arm-none-eabi/6.2.1/../../../../arm-none-eabi/lib/thumb/v7e-m\libc.a(lib_a-vfiprintf.o)
                              c:/program files (x86)/atmel/studio/7.0/toolchain/arm/arm-gnu-toolchain/bin/../lib/gcc/arm-none-eabi/6.2.1/../../../../arm-none-eabi/lib/thumb/v7e-m\libc.a(lib_a-iprintf.o) (_vfiprintf_r)
c:/program files (x86)/atmel/studio/7.0/toolchain/arm/arm-gnu-toolchain/bin/../lib/gcc/arm-none-eabi/6.2.1/../../../../arm-none-eabi/lib/thumb/v7e-m\libc.a(lib_a-wsetup.o)
                              c:/program files (x86)/atmel/studio/7.0/toolchain/arm/arm-gnu-toolchain/bin/../lib/gcc/arm-none-eabi/6.2.1/../../../../arm-none-eabi/lib/thumb/v7e-m\libc.a(lib_a-vfiprintf.o) (__swsetup_r)
c:/program files (x86)/atmel/studio/7.0/toolchain/arm/arm-gnu-toolchain/bin/../lib/gcc/arm-none-eabi/6.2.1/../../../../arm-none-eabi/lib/thumb/v7e-m\libc.a(lib_a-__call_atexit.o)
                              c:/program files (x86)/atmel/studio/7.0/toolchain/arm/arm-gnu-toolchain/bin/../lib/gcc/arm-none-eabi/6.2.1/../../../../arm-none-eabi/lib/thumb/v7e-m\libc.a(lib_a-exit.o) (__call_exitprocs)
c:/program files (x86)/atmel/studio/7.0/toolchain/arm/arm-gnu-toolchain/bin/../lib/gcc/arm-none-eabi/6.2.1/../../../../arm-none-eabi/lib/thumb/v7e-m\libc.a(lib_a-atexit.o)
                              c:/program files (x86)/atmel/studio/7.0/toolchain/arm/arm-gnu-toolchain/bin/../lib/gcc/arm-none-eabi/6.2.1/../../../../arm-none-eabi/lib/thumb/v7e-m\libc.a(lib_a-__call_atexit.o) (atexit)
c:/program files (x86)/atmel/studio/7.0/toolchain/arm/arm-gnu-toolchain/bin/../lib/gcc/arm-none-eabi/6.2.1/../../../../arm-none-eabi/lib/thumb/v7e-m\libc.a(lib_a-fflush.o)
                              c:/program files (x86)/atmel/studio/7.0/toolchain/arm/arm-gnu-toolchain/bin/../lib/gcc/arm-none-eabi/6.2.1/../../../../arm-none-eabi/lib/thumb/v7e-m\libc.a(lib_a-setvbuf.o) (_fflush_r)
[...]
Memory Configuration

Name             Origin             Length             Attributes
rom              0x00400000         0x00200000         xr
ram              0x20400000         0x00060000         xrw
*default*        0x00000000         0xffffffff

Linker script and memory map

LOAD c:/program files (x86)/atmel/studio/7.0/toolchain/arm/arm-gnu-toolchain/bin/../lib/gcc/arm-none-eabi/6.2.1/thumb/v7e-m/crti.o
LOAD c:/program files (x86)/atmel/studio/7.0/toolchain/arm/arm-gnu-toolchain/bin/../lib/gcc/arm-none-eabi/6.2.1/thumb/v7e-m/crtbegin.o
LOAD c:/program files (x86)/atmel/studio/7.0/toolchain/arm/arm-gnu-toolchain/bin/../lib/gcc/arm-none-eabi/6.2.1/../../../../arm-none-eabi/lib/thumb/v7e-m/crt0.o
LOAD src/main.o
LOAD src/ASF/common/services/delay/sam/cycle_counter.o
LOAD src/ASF/sam/drivers/rtc/rtc.o
LOAD src/ASF/sam/drivers/tc/tc.o
LOAD src/ASF/common/services/clock/same70/sysclk.o
LOAD src/ASF/common/services/serial/usart_serial.o
LOAD src/ASF/common/services/sleepmgr/sam/sleepmgr.o
LOAD src/ASF/common/utils/interrupt/interrupt_sam_nvic.o
LOAD src/ASF/common/utils/stdio/read.o
LOAD src/ASF/common/utils/stdio/write.o
LOAD src/ASF/sam/boards/same70_xplained/init.o
LOAD src/ASF/sam/drivers/afec/afec.o
LOAD src/ASF/sam/drivers/mpu/mpu.o
LOAD src/ASF/sam/drivers/pio/pio.o
LOAD src/ASF/sam/drivers/pio/pio_handler.o
LOAD src/ASF/sam/drivers/pmc/pmc.o
LOAD src/ASF/sam/drivers/pmc/sleep.o
LOAD src/ASF/sam/drivers/uart/uart.o
LOAD src/ASF/sam/drivers/usart/usart.o
LOAD src/ASF/sam/utils/cmsis/same70/source/templates/gcc/startup_same70.o
LOAD src/ASF/sam/utils/cmsis/same70/source/templates/system_same70.o
LOAD src/ASF/sam/utils/syscalls/gcc/syscalls.o
START GROUP
LOAD ../src/ASF/thirdparty/CMSIS/Lib/GCC\libarm_cortexM7lfsp_math_softfp.a
LOAD c:/program files (x86)/atmel/studio/7.0/toolchain/arm/arm-gnu-toolchain/bin/../lib/gcc/arm-none-eabi/6.2.1/../../../../arm-none-eabi/lib/thumb/v7e-m\libm.a
END GROUP
START GROUP
LOAD c:/program files (x86)/atmel/studio/7.0/toolchain/arm/arm-gnu-toolchain/bin/../lib/gcc/arm-none-eabi/6.2.1/thumb/v7e-m\libgcc.a
LOAD c:/program files (x86)/atmel/studio/7.0/toolchain/arm/arm-gnu-toolchain/bin/../lib/gcc/arm-none-eabi/6.2.1/../../../../arm-none-eabi/lib/thumb/v7e-m\libc.a
END GROUP
LOAD c:/program files (x86)/atmel/studio/7.0/toolchain/arm/arm-gnu-toolchain/bin/../lib/gcc/arm-none-eabi/6.2.1/thumb/v7e-m/crtend.o
LOAD c:/program files (x86)/atmel/studio/7.0/toolchain/arm/arm-gnu-toolchain/bin/../lib/gcc/arm-none-eabi/6.2.1/thumb/v7e-m/crtn.o
                0x00002000                STACK_SIZE = DEFINED (STACK_SIZE)?STACK_SIZE:0x2000
                0x2045fffc                __ram_end__ = ((ORIGIN (ram) + LENGTH (ram)) - 0x4)
                0x00000200                HEAP_SIZE = DEFINED (HEAP_SIZE)?HEAP_SIZE:0x200

.text           0x00400000     0x4578
                0x00400000                . = ALIGN (0x4)
                0x00400000                _sfixed = .
 *(.vectors .vectors.*)
 .vectors       0x00400000      0x140 src/ASF/sam/utils/cmsis/same70/source/templates/gcc/startup_same70.o
                0x00400000                exception_table
 *(.text .text.* .gnu.linkonce.t.*)
 .text          0x00400140       0x6c c:/program files (x86)/atmel/studio/7.0/toolchain/arm/arm-gnu-toolchain/bin/../lib/gcc/arm-none-eabi/6.2.1/thumb/v7e-m/crtbegin.o
 .text.AFEC_Temp_callback
                0x004001ac       0x20 src/main.o
 .text.usart_serial_getchar
                0x004001cc       0xdc src/main.o
 .text.usart_serial_putchar
                0x004002a8       0xd4 src/main.o
 .text.TC1_Handler
                0x0040037c       0xc0 src/main.o
                0x0040037c                TC1_Handler
 .text.TC1_init
                0x0040043c       0x7c src/main.o
                0x0040043c                TC1_init
 .text.RTC_init
                0x004004b8       0x4c src/main.o
                0x004004b8                RTC_init
 .text.main     0x00400504      0x15c src/main.o
                0x00400504                main
 .text.rtc_set_hour_mode
                0x00400660       0x16 src/ASF/sam/drivers/rtc/rtc.o
                0x00400660                rtc_set_hour_mode
 .text.rtc_get_time
                0x00400676       0x5a src/ASF/sam/drivers/rtc/rtc.o
                0x00400676                rtc_get_time
 .text.rtc_set_time
                0x004006d0       0x90 src/ASF/sam/drivers/rtc/rtc.o
                0x004006d0                rtc_set_time
 .text.rtc_get_date
                0x00400760       0x72 src/ASF/sam/drivers/rtc/rtc.o
                0x00400760                rtc_get_date
 *fill*         0x004007d2        0x2 
 .text.rtc_set_date
                0x004007d4       0xb8 src/ASF/sam/drivers/rtc/rtc.o
                0x004007d4                rtc_set_date
 .text.tc_init  0x0040088c       0x1a src/ASF/sam/drivers/tc/tc.o
                0x0040088c                tc_init
 .text.tc_start
                0x004008a6        0x8 src/ASF/sam/drivers/tc/tc.o
                0x004008a6                tc_start
 .text.tc_write_rc
                0x004008ae        0x8 src/ASF/sam/drivers/tc/tc.o
                0x004008ae                tc_write_rc
 .text.tc_enable_interrupt
                0x004008b6        0x8 src/ASF/sam/drivers/tc/tc.o
                0x004008b6                tc_enable_interrupt
 .text.tc_get_status
                0x004008be        0x8 src/ASF/sam/drivers/tc/tc.o
                0x004008be                tc_get_status
 .text.tc_find_mck_divisor
                0x004008c6       0x70 src/ASF/sam/drivers/tc/tc.o
                0x004008c6                tc_find_mck_divisor
 *fill*         0x00400936        0x2 
 .text.sysclk_init
                0x00400938       0x70 src/ASF/common/services/clock/same70/sysclk.o
                0x00400938                sysclk_init
 .text._read    0x004009a8       0x3c src/ASF/common/utils/stdio/read.o
                0x004009a8                _read
 .text._write   0x004009e4       0x50 src/ASF/common/utils/stdio/write.o
                0x004009e4                _write
 .text.board_init
                0x00400a34      0x198 src/ASF/sam/boards/same70_xplained/init.o
                0x00400a34                board_init
 .text.afec_process_callback
                0x00400bcc       0x88 src/ASF/sam/drivers/afec/afec.o
 .text.afec_ch_set_config
                0x00400c54       0x30 src/ASF/sam/drivers/afec/afec.o
                0x00400c54                afec_ch_set_config
 .text.afec_temp_sensor_set_config
                0x00400c84       0x14 src/ASF/sam/drivers/afec/afec.o
                0x00400c84                afec_temp_sensor_set_config
 .text.afec_get_config_defaults
                0x00400c98       0x30 src/ASF/sam/drivers/afec/afec.o
                0x00400c98                afec_get_config_defaults
 .text.afec_ch_get_config_defaults
                0x00400cc8        0xa src/ASF/sam/drivers/afec/afec.o
                0x00400cc8                afec_ch_get_config_defaults
 .text.afec_temp_sensor_get_config_defaults
                0x00400cd2       0x14 src/ASF/sam/drivers/afec/afec.o
                0x00400cd2                afec_temp_sensor_get_config_defaults
 *fill*         0x00400ce6        0x2 
 .text.afec_init
                0x00400ce8       0xc8 src/ASF/sam/drivers/afec/afec.o
                0x00400ce8                afec_init
 .text.afec_enable_interrupt
                0x00400db0       0x38 src/ASF/sam/drivers/afec/afec.o
                0x00400db0                afec_enable_interrupt
 .text.afec_set_callback
                0x00400de8       0x58 src/ASF/sam/drivers/afec/afec.o
                0x00400de8                afec_set_callback
 .text.AFEC0_Handler
                0x00400e40       0x14 src/ASF/sam/drivers/afec/afec.o
                0x00400e40                AFEC0_Handler
 .text.AFEC1_Handler
                0x00400e54       0x14 src/ASF/sam/drivers/afec/afec.o
                0x00400e54                AFEC1_Handler
 .text.afec_enable
                0x00400e68       0x64 src/ASF/sam/drivers/afec/afec.o
                0x00400e68                afec_enable
 .text.pio_get_interrupt_status
                0x00400ecc        0x4 src/ASF/sam/drivers/pio/pio.o
                0x00400ecc                pio_get_interrupt_status
 .text.pio_get_interrupt_mask
                0x00400ed0        0x4 src/ASF/sam/drivers/pio/pio.o
                0x00400ed0                pio_get_interrupt_mask
 .text.pio_handler_process
                0x00400ed4       0x50 src/ASF/sam/drivers/pio/pio_handler.o
                0x00400ed4                pio_handler_process
 .text.PIOA_Handler
                0x00400f24       0x14 src/ASF/sam/drivers/pio/pio_handler.o
                0x00400f24                PIOA_Handler
 .text.PIOB_Handler
                0x00400f38       0x14 src/ASF/sam/drivers/pio/pio_handler.o
                0x00400f38                PIOB_Handler
 .text.PIOC_Handler
                0x00400f4c       0x14 src/ASF/sam/drivers/pio/pio_handler.o
                0x00400f4c                PIOC_Handler
 .text.PIOD_Handler
                0x00400f60       0x14 src/ASF/sam/drivers/pio/pio_handler.o
                0x00400f60                PIOD_Handler
 .text.PIOE_Handler
                0x00400f74       0x14 src/ASF/sam/drivers/pio/pio_handler.o
                0x00400f74                PIOE_Handler
 .text.pmc_mck_set_division
                0x00400f88       0x38 src/ASF/sam/drivers/pmc/pmc.o
                0x00400f88                pmc_mck_set_division
 .text.pmc_switch_mck_to_pllack
                0x00400fc0       0x64 src/ASF/sam/drivers/pmc/pmc.o
                0x00400fc0                pmc_switch_mck_to_pllack
 .text.pmc_switch_mainck_to_xtal
                0x00401024       0x54 src/ASF/sam/drivers/pmc/pmc.o
                0x00401024                pmc_switch_mainck_to_xtal
 .text.pmc_osc_is_ready_mainck
                0x00401078       0x10 src/ASF/sam/drivers/pmc/pmc.o
                0x00401078                pmc_osc_is_ready_mainck
 .text.pmc_disable_pllack
                0x00401088       0x10 src/ASF/sam/drivers/pmc/pmc.o
                0x00401088                pmc_disable_pllack
 .text.pmc_is_locked_pllack
                0x00401098       0x10 src/ASF/sam/drivers/pmc/pmc.o
                0x00401098                pmc_is_locked_pllack
 .text.pmc_enable_periph_clk
                0x004010a8       0x54 src/ASF/sam/drivers/pmc/pmc.o
                0x004010a8                pmc_enable_periph_clk
 .text.uart_write
                0x004010fc       0x12 src/ASF/sam/drivers/uart/uart.o
                0x004010fc                uart_write
 .text.uart_read
                0x0040110e       0x14 src/ASF/sam/drivers/uart/uart.o
                0x0040110e                uart_read
 .text.usart_set_async_baudrate
                0x00401122       0x5a src/ASF/sam/drivers/usart/usart.o
                0x00401122                usart_set_async_baudrate
 .text.usart_reset
                0x0040117c       0x28 src/ASF/sam/drivers/usart/usart.o
                0x0040117c                usart_reset
 .text.usart_init_rs232
                0x004011a4       0x54 src/ASF/sam/drivers/usart/usart.o
                0x004011a4                usart_init_rs232
 .text.usart_enable_tx
                0x004011f8        0x6 src/ASF/sam/drivers/usart/usart.o
                0x004011f8                usart_enable_tx
 .text.usart_enable_rx
                0x004011fe        0x6 src/ASF/sam/drivers/usart/usart.o
                0x004011fe                usart_enable_rx
 .text.usart_write
                0x00401204       0x16 src/ASF/sam/drivers/usart/usart.o
                0x00401204                usart_write
 .text.usart_read
                0x0040121a       0x18 src/ASF/sam/drivers/usart/usart.o
                0x0040121a                usart_read
 .text.Dummy_Handler
                0x00401232        0x2 src/ASF/sam/utils/cmsis/same70/source/templates/gcc/startup_same70.o
                0x00401232                DACC_Handler
                0x00401232                DebugMon_Handler
                0x00401232                UART3_Handler
                0x00401232                UART2_Handler
                0x00401232                TRNG_Handler
                0x00401232                HardFault_Handler
                0x00401232                TC2_Handler
                0x00401232                SysTick_Handler
                0x00401232                PendSV_Handler
                0x00401232                NMI_Handler
                0x00401232                TC7_Handler
                0x00401232                QSPI_Handler
                0x00401232                ISI_Handler
                0x00401232                TC9_Handler
                0x00401232                RSWDT_Handler
                0x00401232                MCAN1_Handler
                0x00401232                USART0_Handler
                0x00401232                RTT_Handler
                0x00401232                USBHS_Handler
                0x00401232                RTC_Handler
                0x00401232                UsageFault_Handler
                0x00401232                TC6_Handler
                0x00401232                WDT_Handler
                0x00401232                TC4_Handler
                0x00401232                HSMCI_Handler
                0x00401232                UART1_Handler
                0x00401232                TC3_Handler
                0x00401232                Dummy_Handler
                0x00401232                TWIHS1_Handler
                0x00401232                XDMAC_Handler
                0x00401232                UART4_Handler
                0x00401232                PWM1_Handler
                0x00401232                USART1_Handler
                0x00401232                PWM0_Handler
                0x00401232                SSC_Handler
                0x00401232                TC11_Handler
                0x00401232                ACC_Handler
                0x00401232                PMC_Handler
                0x00401232                GMAC_Handler
                0x00401232                MemManage_Handler
                0x00401232                SUPC_Handler
                0x00401232                SVC_Handler
                0x00401232                TC8_Handler
                0x00401232                EFC_Handler
                0x00401232                USART2_Handler
                0x00401232                SDRAMC_Handler
                0x00401232                SPI1_Handler
                0x00401232                MCAN0_Handler
                0x00401232                TC10_Handler
                0x00401232                TWIHS2_Handler
                0x00401232                UART0_Handler
                0x00401232                BusFault_Handler
                0x00401232                RSTC_Handler
                0x00401232                TC0_Handler
                0x00401232                TC5_Handler
                0x00401232                ICM_Handler
                0x00401232                AES_Handler
                0x00401232                TWIHS0_Handler
                0x00401232                SPI0_Handler
 .text.Reset_Handler
                0x00401234       0xc8 src/ASF/sam/utils/cmsis/same70/source/templates/gcc/startup_same70.o
                0x00401234                Reset_Handler
 .text.SystemCoreClockUpdate
                0x004012fc      0x10c src/ASF/sam/utils/cmsis/same70/source/templates/system_same70.o
                0x004012fc                SystemCoreClockUpdate
 .text.system_init_flash
                0x00401408       0x8c src/ASF/sam/utils/cmsis/same70/source/templates/system_same70.o
                0x00401408                system_init_flash
 .text._sbrk    0x00401494       0x38 src/ASF/sam/utils/syscalls/gcc/syscalls.o
                0x00401494                _sbrk
 .text._close   0x004014cc        0x6 src/ASF/sam/utils/syscalls/gcc/syscalls.o
                0x004014cc                _close
 .text._fstat   0x004014d2        0xa src/ASF/sam/utils/syscalls/gcc/syscalls.o
                0x004014d2                _fstat
 .text._isatty  0x004014dc        0x4 src/ASF/sam/utils/syscalls/gcc/syscalls.o
                0x004014dc                _isatty
 .text._lseek   0x004014e0        0x4 src/ASF/sam/utils/syscalls/gcc/syscalls.o
                0x004014e0                _lseek
 .text.__libc_init_array
                0x004014e4       0x50 c:/program files (x86)/atmel/studio/7.0/toolchain/arm/arm-gnu-toolchain/bin/../lib/gcc/arm-none-eabi/6.2.1/../../../../arm-none-eabi/lib/thumb/v7e-m\libc.a(lib_a-init.o)
                0x004014e4                __libc_init_array
 .text.iprintf  0x00401534       0x28 c:/program files (x86)/atmel/studio/7.0/toolchain/arm/arm-gnu-toolchain/bin/../lib/gcc/arm-none-eabi/6.2.1/../../../../arm-none-eabi/lib/thumb/v7e-m\libc.a(lib_a-iprintf.o)
                0x00401534                iprintf
 .text.memset   0x0040155c       0x9c c:/program files (x86)/atmel/studio/7.0/toolchain/arm/arm-gnu-toolchain/bin/../lib/gcc/arm-none-eabi/6.2.1/../../../../arm-none-eabi/lib/thumb/v7e-m\libc.a(lib_a-memset.o)
                0x0040155c                memset
 .text._puts_r  0x004015f8       0x68 c:/program files (x86)/atmel/studio/7.0/toolchain/arm/arm-gnu-toolchain/bin/../lib/gcc/arm-none-eabi/6.2.1/../../../../arm-none-eabi/lib/thumb/v7e-m\libc.a(lib_a-puts.o)
                0x004015f8                _puts_r
 .text.puts     0x00401660       0x10 c:/program files (x86)/atmel/studio/7.0/toolchain/arm/arm-gnu-toolchain/bin/../lib/gcc/arm-none-eabi/6.2.1/../../../../arm-none-eabi/lib/thumb/v7e-m\libc.a(lib_a-puts.o)
                0x00401660                puts
 .text.setbuf   0x00401670       0x10 c:/program files (x86)/atmel/studio/7.0/toolchain/arm/arm-gnu-toolchain/bin/../lib/gcc/arm-none-eabi/6.2.1/../../../../arm-none-eabi/lib/thumb/v7e-m\libc.a(lib_a-setbuf.o)
                0x00401670                setbuf
 .text.setvbuf  0x00401680      0x14c c:/program files (x86)/atmel/studio/7.0/toolchain/arm/arm-gnu-toolchain/bin/../lib/gcc/arm-none-eabi/6.2.1/../../../../arm-none-eabi/lib/thumb/v7e-m\libc.a(lib_a-setvbuf.o)
                0x00401680                setvbuf
 *fill*         0x004017cc       0x34 
 .text          0x00401800       0xdc c:/program files (x86)/atmel/studio/7.0/toolchain/arm/arm-gnu-toolchain/bin/../lib/gcc/arm-none-eabi/6.2.1/../../../../arm-none-eabi/lib/thumb/v7e-m\libc.a(lib_a-strlen.o)
                0x00401800                strlen
 .text.__sprint_r.part.0
                0x004018dc       0x80 c:/program files (x86)/atmel/studio/7.0/toolchain/arm/arm-gnu-toolchain/bin/../lib/gcc/arm-none-eabi/6.2.1/../../../../arm-none-eabi/lib/thumb/v7e-m\libc.a(lib_a-vfiprintf.o)
 .text._vfiprintf_r
                0x0040195c      0xc00 c:/program files (x86)/atmel/studio/7.0/toolchain/arm/arm-gnu-toolchain/bin/../lib/gcc/arm-none-eabi/6.2.1/../../../../arm-none-eabi/lib/thumb/v7e-m\libc.a(lib_a-vfiprintf.o)
                0x0040195c                _vfiprintf_r
 .text.__sbprintf
                0x0040255c       0x6c c:/program files (x86)/atmel/studio/7.0/toolchain/arm/arm-gnu-toolchain/bin/../lib/gcc/arm-none-eabi/6.2.1/../../../../arm-none-eabi/lib/thumb/v7e-m\libc.a(lib_a-vfiprintf.o)
 .text.__swsetup_r
                0x004025c8       0xc8 c:/program files (x86)/atmel/studio/7.0/toolchain/arm/arm-gnu-toolchain/bin/../lib/gcc/arm-none-eabi/6.2.1/../../../../arm-none-eabi/lib/thumb/v7e-m\libc.a(lib_a-wsetup.o)
                0x004025c8                __swsetup_r
 .text.startup.register_fini
                0x00402690       0x14 c:/program files (x86)/atmel/studio/7.0/toolchain/arm/arm-gnu-toolchain/bin/../lib/gcc/arm-none-eabi/6.2.1/../../../../arm-none-eabi/lib/thumb/v7e-m\libc.a(lib_a-__call_atexit.o)
 .text.atexit   0x004026a4        0xc c:/program files (x86)/atmel/studio/7.0/toolchain/arm/arm-gnu-toolchain/bin/../lib/gcc/arm-none-eabi/6.2.1/../../../../arm-none-eabi/lib/thumb/v7e-m\libc.a(lib_a-atexit.o)
                0x004026a4                atexit
 .text.__sflush_r
                0x004026b0      0x140 c:/program files (x86)/atmel/studio/7.0/toolchain/arm/arm-gnu-toolchain/bin/../lib/gcc/arm-none-eabi/6.2.1/../../../../arm-none-eabi/lib/thumb/v7e-m\libc.a(lib_a-fflush.o)
                0x004026b0                __sflush_r
 .text._fflush_r
                0x004027f0       0x2c c:/program files (x86)/atmel/studio/7.0/toolchain/arm/arm-gnu-toolchain/bin/../lib/gcc/arm-none-eabi/6.2.1/../../../../arm-none-eabi/lib/thumb/v7e-m\libc.a(lib_a-fflush.o)
                0x004027f0                _fflush_r
 .text._cleanup_r
                0x0040281c        0xc c:/program files (x86)/atmel/studio/7.0/toolchain/arm/arm-gnu-toolchain/bin/../lib/gcc/arm-none-eabi/6.2.1/../../../../arm-none-eabi/lib/thumb/v7e-m\libc.a(lib_a-findfp.o)
                0x0040281c                _cleanup_r
 .text.__sinit.part.1
                0x00402828       0xf0 c:/program files (x86)/atmel/studio/7.0/toolchain/arm/arm-gnu-toolchain/bin/../lib/gcc/arm-none-eabi/6.2.1/../../../../arm-none-eabi/lib/thumb/v7e-m\libc.a(lib_a-findfp.o)
 .text.__sinit  0x00402918        0xc c:/program files (x86)/atmel/studio/7.0/toolchain/arm/arm-gnu-toolchain/bin/../lib/gcc/arm-none-eabi/6.2.1/../../../../arm-none-eabi/lib/thumb/v7e-m\libc.a(lib_a-findfp.o)
                0x00402918                __sinit
 .text.__sfp_lock_acquire
                0x00402924        0x4 c:/program files (x86)/atmel/studio/7.0/toolchain/arm/arm-gnu-toolchain/bin/../lib/gcc/arm-none-eabi/6.2.1/../../../../arm-none-eabi/lib/thumb/v7e-m\libc.a(lib_a-findfp.o)
                0x00402924                __sfp_lock_acquire
 .text.__sfp_lock_release
                0x00402928        0x4 c:/program files (x86)/atmel/studio/7.0/toolchain/arm/arm-gnu-toolchain/bin/../lib/gcc/arm-none-eabi/6.2.1/../../../../arm-none-eabi/lib/thumb/v7e-m\libc.a(lib_a-findfp.o)
                0x00402928                __sfp_lock_release
 .text.__libc_fini_array
                0x0040292c       0x34 c:/program files (x86)/atmel/studio/7.0/toolchain/arm/arm-gnu-toolchain/bin/../lib/gcc/arm-none-eabi/6.2.1/../../../../arm-none-eabi/lib/thumb/v7e-m\libc.a(lib_a-fini.o)
                0x0040292c                __libc_fini_array
 .text.__fputwc
                0x00402960       0xa0 c:/program files (x86)/atmel/studio/7.0/toolchain/arm/arm-gnu-toolchain/bin/../lib/gcc/arm-none-eabi/6.2.1/../../../../arm-none-eabi/lib/thumb/v7e-m\libc.a(lib_a-fputwc.o)
                0x00402960                __fputwc
 .text._fputwc_r
                0x00402a00       0x24 c:/program files (x86)/atmel/studio/7.0/toolchain/arm/arm-gnu-toolchain/bin/../lib/gcc/arm-none-eabi/6.2.1/../../../../arm-none-eabi/lib/thumb/v7e-m\libc.a(lib_a-fputwc.o)
                0x00402a00                _fputwc_r
 .text._malloc_trim_r
                0x00402a24       0xa0 c:/program files (x86)/atmel/studio/7.0/toolchain/arm/arm-gnu-toolchain/bin/../lib/gcc/arm-none-eabi/6.2.1/../../../../arm-none-eabi/lib/thumb/v7e-m\libc.a(lib_a-freer.o)
                0x00402a24                _malloc_trim_r
 .text._free_r  0x00402ac4      0x1cc c:/program files (x86)/atmel/studio/7.0/toolchain/arm/arm-gnu-toolchain/bin/../lib/gcc/arm-none-eabi/6.2.1/../../../../arm-none-eabi/lib/thumb/v7e-m\libc.a(lib_a-freer.o)
                0x00402ac4                _free_r
 .text.__sfvwrite_r
                0x00402c90      0x2f0 c:/program files (x86)/atmel/studio/7.0/toolchain/arm/arm-gnu-toolchain/bin/../lib/gcc/arm-none-eabi/6.2.1/../../../../arm-none-eabi/lib/thumb/v7e-m\libc.a(lib_a-fvwrite.o)
                0x00402c90                __sfvwrite_r
 .text._fwalk_reent
                0x00402f80       0x54 c:/program files (x86)/atmel/studio/7.0/toolchain/arm/arm-gnu-toolchain/bin/../lib/gcc/arm-none-eabi/6.2.1/../../../../arm-none-eabi/lib/thumb/v7e-m\libc.a(lib_a-fwalk.o)
                0x00402f80                _fwalk_reent
 .text.__locale_mb_cur_max
                0x00402fd4       0x1c c:/program files (x86)/atmel/studio/7.0/toolchain/arm/arm-gnu-toolchain/bin/../lib/gcc/arm-none-eabi/6.2.1/../../../../arm-none-eabi/lib/thumb/v7e-m\libc.a(lib_a-locale.o)
                0x00402fd4                __locale_mb_cur_max
 .text.__swhatbuf_r
                0x00402ff0       0x5c c:/program files (x86)/atmel/studio/7.0/toolchain/arm/arm-gnu-toolchain/bin/../lib/gcc/arm-none-eabi/6.2.1/../../../../arm-none-eabi/lib/thumb/v7e-m\libc.a(lib_a-makebuf.o)
                0x00402ff0                __swhatbuf_r
 .text.__smakebuf_r
                0x0040304c       0x88 c:/program files (x86)/atmel/studio/7.0/toolchain/arm/arm-gnu-toolchain/bin/../lib/gcc/arm-none-eabi/6.2.1/../../../../arm-none-eabi/lib/thumb/v7e-m\libc.a(lib_a-makebuf.o)
                0x0040304c                __smakebuf_r
 .text.malloc   0x004030d4       0x10 c:/program files (x86)/atmel/studio/7.0/toolchain/arm/arm-gnu-toolchain/bin/../lib/gcc/arm-none-eabi/6.2.1/../../../../arm-none-eabi/lib/thumb/v7e-m\libc.a(lib_a-malloc.o)
                0x004030d4                malloc
 .text._malloc_r
                0x004030e4      0x560 c:/program files (x86)/atmel/studio/7.0/toolchain/arm/arm-gnu-toolchain/bin/../lib/gcc/arm-none-eabi/6.2.1/../../../../arm-none-eabi/lib/thumb/v7e-m\libc.a(lib_a-mallocr.o)
                0x004030e4                _malloc_r
 .text.__ascii_mbtowc
                0x00403644       0x2c c:/program files (x86)/atmel/studio/7.0/toolchain/arm/arm-gnu-toolchain/bin/../lib/gcc/arm-none-eabi/6.2.1/../../../../arm-none-eabi/lib/thumb/v7e-m\libc.a(lib_a-mbtowc_r.o)
                0x00403644                __ascii_mbtowc
 .text          0x00403670       0xa0 c:/program files (x86)/atmel/studio/7.0/toolchain/arm/arm-gnu-toolchain/bin/../lib/gcc/arm-none-eabi/6.2.1/../../../../arm-none-eabi/lib/thumb/v7e-m\libc.a(lib_a-memchr.o)
                0x00403670                memchr
 .text          0x00403710      0x134 c:/program files (x86)/atmel/studio/7.0/toolchain/arm/arm-gnu-toolchain/bin/../lib/gcc/arm-none-eabi/6.2.1/../../../../arm-none-eabi/lib/thumb/v7e-m\libc.a(lib_a-memcpy.o)
                0x00403710                memcpy
 .text.memmove  0x00403844       0xc8 c:/program files (x86)/atmel/studio/7.0/toolchain/arm/arm-gnu-toolchain/bin/../lib/gcc/arm-none-eabi/6.2.1/../../../../arm-none-eabi/lib/thumb/v7e-m\libc.a(lib_a-memmove.o)
                0x00403844                memmove
 .text.__malloc_lock
                0x0040390c        0x4 c:/program files (x86)/atmel/studio/7.0/toolchain/arm/arm-gnu-toolchain/bin/../lib/gcc/arm-none-eabi/6.2.1/../../../../arm-none-eabi/lib/thumb/v7e-m\libc.a(lib_a-mlock.o)
                0x0040390c                __malloc_lock
 .text.__malloc_unlock
                0x00403910        0x4 c:/program files (x86)/atmel/studio/7.0/toolchain/arm/arm-gnu-toolchain/bin/../lib/gcc/arm-none-eabi/6.2.1/../../../../arm-none-eabi/lib/thumb/v7e-m\libc.a(lib_a-mlock.o)
                0x00403910                __malloc_unlock
 .text._realloc_r
                0x00403914      0x34c c:/program files (x86)/atmel/studio/7.0/toolchain/arm/arm-gnu-toolchain/bin/../lib/gcc/arm-none-eabi/6.2.1/../../../../arm-none-eabi/lib/thumb/v7e-m\libc.a(lib_a-reallocr.o)
                0x00403914                _realloc_r
 .text._sbrk_r  0x00403c60       0x24 c:/program files (x86)/atmel/studio/7.0/toolchain/arm/arm-gnu-toolchain/bin/../lib/gcc/arm-none-eabi/6.2.1/../../../../arm-none-eabi/lib/thumb/v7e-m\libc.a(lib_a-sbrkr.o)
                0x00403c60                _sbrk_r
 .text.__sread  0x00403c84       0x24 c:/program files (x86)/atmel/studio/7.0/toolchain/arm/arm-gnu-toolchain/bin/../lib/gcc/arm-none-eabi/6.2.1/../../../../arm-none-eabi/lib/thumb/v7e-m\libc.a(lib_a-stdio.o)
                0x00403c84                __sread
 .text.__swrite
                0x00403ca8       0x3c c:/program files (x86)/atmel/studio/7.0/toolchain/arm/arm-gnu-toolchain/bin/../lib/gcc/arm-none-eabi/6.2.1/../../../../arm-none-eabi/lib/thumb/v7e-m\libc.a(lib_a-stdio.o)
                0x00403ca8                __swrite
 .text.__sseek  0x00403ce4       0x20 c:/program files (x86)/atmel/studio/7.0/toolchain/arm/arm-gnu-toolchain/bin/../lib/gcc/arm-none-eabi/6.2.1/../../../../arm-none-eabi/lib/thumb/v7e-m\libc.a(lib_a-stdio.o)
                0x00403ce4                __sseek
 .text.__sclose
                0x00403d04        0x8 c:/program files (x86)/atmel/studio/7.0/toolchain/arm/arm-gnu-toolchain/bin/../lib/gcc/arm-none-eabi/6.2.1/../../../../arm-none-eabi/lib/thumb/v7e-m\libc.a(lib_a-stdio.o)
                0x00403d04                __sclose
 .text.__swbuf_r
                0x00403d0c       0xb0 c:/program files (x86)/atmel/studio/7.0/toolchain/arm/arm-gnu-toolchain/bin/../lib/gcc/arm-none-eabi/6.2.1/../../../../arm-none-eabi/lib/thumb/v7e-m\libc.a(lib_a-wbuf.o)
                0x00403d0c                __swbuf_r
 .text._wcrtomb_r
                0x00403dbc       0x54 c:/program files (x86)/atmel/studio/7.0/toolchain/arm/arm-gnu-toolchain/bin/../lib/gcc/arm-none-eabi/6.2.1/../../../../arm-none-eabi/lib/thumb/v7e-m\libc.a(lib_a-wcrtomb.o)
                0x00403dbc                _wcrtomb_r
 .text.__ascii_wctomb
                0x00403e10       0x1c c:/program files (x86)/atmel/studio/7.0/toolchain/arm/arm-gnu-toolchain/bin/../lib/gcc/arm-none-eabi/6.2.1/../../../../arm-none-eabi/lib/thumb/v7e-m\libc.a(lib_a-wctomb_r.o)
                0x00403e10                __ascii_wctomb
 .text._write_r
                0x00403e2c       0x2c c:/program files (x86)/atmel/studio/7.0/toolchain/arm/arm-gnu-toolchain/bin/../lib/gcc/arm-none-eabi/6.2.1/../../../../arm-none-eabi/lib/thumb/v7e-m\libc.a(lib_a-writer.o)
                0x00403e2c                _write_r
 .text.__register_exitproc
                0x00403e58       0xa4 c:/program files (x86)/atmel/studio/7.0/toolchain/arm/arm-gnu-toolchain/bin/../lib/gcc/arm-none-eabi/6.2.1/../../../../arm-none-eabi/lib/thumb/v7e-m\libc.a(lib_a-__atexit.o)
                0x00403e58                __register_exitproc
 .text._close_r
                0x00403efc       0x24 c:/program files (x86)/atmel/studio/7.0/toolchain/arm/arm-gnu-toolchain/bin/../lib/gcc/arm-none-eabi/6.2.1/../../../../arm-none-eabi/lib/thumb/v7e-m\libc.a(lib_a-closer.o)
                0x00403efc                _close_r
 .text._fclose_r
                0x00403f20       0x80 c:/program files (x86)/atmel/studio/7.0/toolchain/arm/arm-gnu-toolchain/bin/../lib/gcc/arm-none-eabi/6.2.1/../../../../arm-none-eabi/lib/thumb/v7e-m\libc.a(lib_a-fclose.o)
                0x00403f20                _fclose_r
 .text._fstat_r
                0x00403fa0       0x28 c:/program files (x86)/atmel/studio/7.0/toolchain/arm/arm-gnu-toolchain/bin/../lib/gcc/arm-none-eabi/6.2.1/../../../../arm-none-eabi/lib/thumb/v7e-m\libc.a(lib_a-fstatr.o)
                0x00403fa0                _fstat_r
 .text._isatty_r
                0x00403fc8       0x24 c:/program files (x86)/atmel/studio/7.0/toolchain/arm/arm-gnu-toolchain/bin/../lib/gcc/arm-none-eabi/6.2.1/../../../../arm-none-eabi/lib/thumb/v7e-m\libc.a(lib_a-isattyr.o)
                0x00403fc8                _isatty_r
 .text._lseek_r
                0x00403fec       0x2c c:/program files (x86)/atmel/studio/7.0/toolchain/arm/arm-gnu-toolchain/bin/../lib/gcc/arm-none-eabi/6.2.1/../../../../arm-none-eabi/lib/thumb/v7e-m\libc.a(lib_a-lseekr.o)
                0x00403fec                _lseek_r
 .text._read_r  0x00404018       0x2c c:/program files (x86)/atmel/studio/7.0/toolchain/arm/arm-gnu-toolchain/bin/../lib/gcc/arm-none-eabi/6.2.1/../../../../arm-none-eabi/lib/thumb/v7e-m\libc.a(lib_a-readr.o)
                0x00404018                _read_r
 .text          0x00404044       0x30 c:/program files (x86)/atmel/studio/7.0/toolchain/arm/arm-gnu-toolchain/bin/../lib/gcc/arm-none-eabi/6.2.1/thumb/v7e-m\libgcc.a(_aeabi_uldivmod.o)
                0x00404044                __aeabi_uldivmod
 .text          0x00404074      0x2dc c:/program files (x86)/atmel/studio/7.0/toolchain/arm/arm-gnu-toolchain/bin/../lib/gcc/arm-none-eabi/6.2.1/thumb/v7e-m\libgcc.a(_udivmoddi4.o)
                0x00404074                __udivmoddi4
 .text          0x00404350        0x4 c:/program files (x86)/atmel/studio/7.0/toolchain/arm/arm-gnu-toolchain/bin/../lib/gcc/arm-none-eabi/6.2.1/thumb/v7e-m\libgcc.a(_dvmd_tls.o)
                0x00404350                __aeabi_idiv0
                0x00404350                __aeabi_ldiv0
 *(.glue_7t)
 .glue_7t       0x00404354        0x0 linker stubs
 *(.glue_7)
 .glue_7        0x00404354        0x0 linker stubs
 *(.rodata .rodata* .gnu.linkonce.r.*)
 .rodata.TC1_Handler.str1.4
                0x00404354       0x31 src/main.o
 *fill*         0x00404385        0x3 
 .rodata.main.str1.4
                0x00404388       0x60 src/main.o
 .rodata._global_impure_ptr
                0x004043e8        0x4 c:/program files (x86)/atmel/studio/7.0/toolchain/arm/arm-gnu-toolchain/bin/../lib/gcc/arm-none-eabi/6.2.1/../../../../arm-none-eabi/lib/thumb/v7e-m\libc.a(lib_a-impure.o)
                0x004043e8                _global_impure_ptr
 .rodata._puts_r.str1.4
                0x004043ec        0x2 c:/program files (x86)/atmel/studio/7.0/toolchain/arm/arm-gnu-toolchain/bin/../lib/gcc/arm-none-eabi/6.2.1/../../../../arm-none-eabi/lib/thumb/v7e-m\libc.a(lib_a-puts.o)
 *fill*         0x004043ee        0x2 
 .rodata._vfiprintf_r.str1.4
                0x004043f0       0x2f c:/program files (x86)/atmel/studio/7.0/toolchain/arm/arm-gnu-toolchain/bin/../lib/gcc/arm-none-eabi/6.2.1/../../../../arm-none-eabi/lib/thumb/v7e-m\libc.a(lib_a-vfiprintf.o)
 *fill*         0x0040441f        0x1 
 .rodata.blanks.7202
                0x00404420       0x10 c:/program files (x86)/atmel/studio/7.0/toolchain/arm/arm-gnu-toolchain/bin/../lib/gcc/arm-none-eabi/6.2.1/../../../../arm-none-eabi/lib/thumb/v7e-m\libc.a(lib_a-vfiprintf.o)
 .rodata.zeroes.7203
                0x00404430       0x10 c:/program files (x86)/atmel/studio/7.0/toolchain/arm/arm-gnu-toolchain/bin/../lib/gcc/arm-none-eabi/6.2.1/../../../../arm-none-eabi/lib/thumb/v7e-m\libc.a(lib_a-vfiprintf.o)
 .rodata._setlocale_r.str1.4
                0x00404440        0xa c:/program files (x86)/atmel/studio/7.0/toolchain/arm/arm-gnu-toolchain/bin/../lib/gcc/arm-none-eabi/6.2.1/../../../../arm-none-eabi/lib/thumb/v7e-m\libc.a(lib_a-locale.o)
                                  0xd (size before relaxing)
 *fill*         0x0040444a        0x2 
 .rodata.str1.4
                0x0040444c        0x4 c:/program files (x86)/atmel/studio/7.0/toolchain/arm/arm-gnu-toolchain/bin/../lib/gcc/arm-none-eabi/6.2.1/../../../../arm-none-eabi/lib/thumb/v7e-m\libc.a(lib_a-locale.o)
                                  0x2 (size before relaxing)
 .rodata._ctype_
                0x00404450      0x101 c:/program files (x86)/atmel/studio/7.0/toolchain/arm/arm-gnu-toolchain/bin/../lib/gcc/arm-none-eabi/6.2.1/../../../../arm-none-eabi/lib/thumb/v7e-m\libc.a(lib_a-ctype_.o)
                0x00404450                _ctype_
 *(.ARM.extab* .gnu.linkonce.armextab.*)
                0x00404554                . = ALIGN (0x4)
 *fill*         0x00404551        0x3 
 *(.init)
 .init          0x00404554        0x4 c:/program files (x86)/atmel/studio/7.0/toolchain/arm/arm-gnu-toolchain/bin/../lib/gcc/arm-none-eabi/6.2.1/thumb/v7e-m/crti.o
                0x00404554                _init
 .init          0x00404558        0x8 c:/program files (x86)/atmel/studio/7.0/toolchain/arm/arm-gnu-toolchain/bin/../lib/gcc/arm-none-eabi/6.2.1/thumb/v7e-m/crtn.o
                0x00404560                . = ALIGN (0x4)
                0x00404560                __preinit_array_start = .
 *(.preinit_array)
                0x00404560                __preinit_array_end = .
                0x00404560                . = ALIGN (0x4)
                0x00404560                __init_array_start = .
 *(SORT(.init_array.*))
 .init_array.00000
                0x00404560        0x4 c:/program files (x86)/atmel/studio/7.0/toolchain/arm/arm-gnu-toolchain/bin/../lib/gcc/arm-none-eabi/6.2.1/../../../../arm-none-eabi/lib/thumb/v7e-m\libc.a(lib_a-__call_atexit.o)
 *(.init_array)
 .init_array    0x00404564        0x4 c:/program files (x86)/atmel/studio/7.0/toolchain/arm/arm-gnu-toolchain/bin/../lib/gcc/arm-none-eabi/6.2.1/thumb/v7e-m/crtbegin.o
                0x00404568                __init_array_end = .
                0x00404568                . = ALIGN (0x4)
 *crtbegin.o(.ctors)
 *(EXCLUDE_FILE(*crtend.o) .ctors)
 *(SORT(.ctors.*))
 *crtend.o(.ctors)
                0x00404568                . = ALIGN (0x4)
 *(.fini)
 .fini          0x00404568        0x4 c:/program files (x86)/atmel/studio/7.0/toolchain/arm/arm-gnu-toolchain/bin/../lib/gcc/arm-none-eabi/6.2.1/thumb/v7e-m/crti.o
                0x00404568                _fini
 .fini          0x0040456c        0x8 c:/program files (x86)/atmel/studio/7.0/toolchain/arm/arm-gnu-toolchain/bin/../lib/gcc/arm-none-eabi/6.2.1/thumb/v7e-m/crtn.o
                0x00404574                . = ALIGN (0x4)
                0x00404574                __fini_array_start = .
 *(.fini_array)
 .fini_array    0x00404574        0x4 c:/program files (x86)/atmel/studio/7.0/toolchain/arm/arm-gnu-toolchain/bin/../lib/gcc/arm-none-eabi/6.2.1/thumb/v7e-m/crtbegin.o
 *(SORT(.fini_array.*))
                0x00404578                __fini_array_end = .
 *crtbegin.o(.dtors)
 *(EXCLUDE_FILE(*crtend.o) .dtors)
 *(SORT(.dtors.*))
 *crtend.o(.dtors)
                0x00404578                . = ALIGN (0x4)
                0x00404578                _efixed = .
                [!provide]                PROVIDE (__exidx_start, .)

.vfp11_veneer   0x00404578        0x0
 .vfp11_veneer  0x00404578        0x0 linker stubs

.v4_bx          0x00404578        0x0
 .v4_bx         0x00404578        0x0 linker stubs

.iplt           0x00404578        0x0
 .iplt          0x00404578        0x0 c:/program files (x86)/atmel/studio/7.0/toolchain/arm/arm-gnu-toolchain/bin/../lib/gcc/arm-none-eabi/6.2.1/thumb/v7e-m/crtbegin.o

.ARM.exidx      0x00404578        0x8
 *(.ARM.exidx* .gnu.linkonce.armexidx.*)
 .ARM.exidx     0x00404578        0x8 c:/program files (x86)/atmel/studio/7.0/toolchain/arm/arm-gnu-toolchain/bin/../lib/gcc/arm-none-eabi/6.2.1/thumb/v7e-m\libgcc.a(_udivmoddi4.o)
                [!provide]                PROVIDE (__exidx_end, .)

.eh_frame       0x00404580        0x0
 .eh_frame      0x00404580        0x0 c:/program files (x86)/atmel/studio/7.0/toolchain/arm/arm-gnu-toolchain/bin/../lib/gcc/arm-none-eabi/6.2.1/thumb/v7e-m/crtbegin.o

.rel.dyn        0x00404580        0x0
 .rel.iplt      0x00404580        0x0 c:/program files (x86)/atmel/studio/7.0/toolchain/arm/arm-gnu-toolchain/bin/../lib/gcc/arm-none-eabi/6.2.1/thumb/v7e-m/crtbegin.o

.jcr            0x00404580        0x0
 .jcr           0x00404580        0x0 c:/program files (x86)/atmel/studio/7.0/toolchain/arm/arm-gnu-toolchain/bin/../lib/gcc/arm-none-eabi/6.2.1/thumb/v7e-m/crtbegin.o

.igot.plt       0x00404580        0x0
 .igot.plt      0x00404580        0x0 c:/program files (x86)/atmel/studio/7.0/toolchain/arm/arm-gnu-toolchain/bin/../lib/gcc/arm-none-eabi/6.2.1/thumb/v7e-m/crtbegin.o
                0x00404580                . = ALIGN (0x4)
                0x00404580                _etext = .

.relocate       0x20400000      0x9b4 load address 0x00404580
                0x20400000                . = ALIGN (0x4)
                0x20400000                _srelocate = .
 *(.ramfunc .ramfunc.*)
 *(.data .data.*)
 .data.g_interrupt_enabled
                0x20400000        0x1 src/ASF/common/utils/interrupt/interrupt_sam_nvic.o
                0x20400000                g_interrupt_enabled
 *fill*         0x20400001        0x3 
 .data.SystemCoreClock
                0x20400004        0x4 src/ASF/sam/utils/cmsis/same70/source/templates/system_same70.o
                0x20400004                SystemCoreClock
 .data._impure_ptr
                0x20400008        0x4 c:/program files (x86)/atmel/studio/7.0/toolchain/arm/arm-gnu-toolchain/bin/../lib/gcc/arm-none-eabi/6.2.1/../../../../arm-none-eabi/lib/thumb/v7e-m\libc.a(lib_a-impure.o)
                0x20400008                _impure_ptr
 *fill*         0x2040000c        0x4 
 .data.impure_data
                0x20400010      0x428 c:/program files (x86)/atmel/studio/7.0/toolchain/arm/arm-gnu-toolchain/bin/../lib/gcc/arm-none-eabi/6.2.1/../../../../arm-none-eabi/lib/thumb/v7e-m\libc.a(lib_a-impure.o)
 .data.__global_locale
                0x20400438      0x16c c:/program files (x86)/atmel/studio/7.0/toolchain/arm/arm-gnu-toolchain/bin/../lib/gcc/arm-none-eabi/6.2.1/../../../../arm-none-eabi/lib/thumb/v7e-m\libc.a(lib_a-locale.o)
                0x20400438                __global_locale
 .data.__malloc_av_
                0x204005a4      0x408 c:/program files (x86)/atmel/studio/7.0/toolchain/arm/arm-gnu-toolchain/bin/../lib/gcc/arm-none-eabi/6.2.1/../../../../arm-none-eabi/lib/thumb/v7e-m\libc.a(lib_a-mallocr.o)
                0x204005a4                __malloc_av_
 .data.__malloc_sbrk_base
                0x204009ac        0x4 c:/program files (x86)/atmel/studio/7.0/toolchain/arm/arm-gnu-toolchain/bin/../lib/gcc/arm-none-eabi/6.2.1/../../../../arm-none-eabi/lib/thumb/v7e-m\libc.a(lib_a-mallocr.o)
                0x204009ac                __malloc_sbrk_base
 .data.__malloc_trim_threshold
                0x204009b0        0x4 c:/program files (x86)/atmel/studio/7.0/toolchain/arm/arm-gnu-toolchain/bin/../lib/gcc/arm-none-eabi/6.2.1/../../../../arm-none-eabi/lib/thumb/v7e-m\libc.a(lib_a-mallocr.o)
                0x204009b0                __malloc_trim_threshold
                0x204009b4                . = ALIGN (0x4)
                0x204009b4                _erelocate = .

.bss            0x204009b4      0x168 load address 0x00404f34
                0x204009b4                . = ALIGN (0x4)
                0x204009b4                _sbss = .
                0x204009b4                _szero = .
 *(.bss .bss.*)
 .bss           0x204009b4       0x1c c:/program files (x86)/atmel/studio/7.0/toolchain/arm/arm-gnu-toolchain/bin/../lib/gcc/arm-none-eabi/6.2.1/thumb/v7e-m/crtbegin.o
 .bss.g_ul_value
                0x204009d0        0x4 src/main.o
                0x204009d0                g_ul_value
 .bss.is_conversion_done
                0x204009d4        0x1 src/main.o
                0x204009d4                is_conversion_done
 *fill*         0x204009d5        0x3 
 .bss.gs_interrupt_sources
                0x204009d8       0x70 src/ASF/sam/drivers/pio/pio_handler.o
 .bss.ul_reg_val.9301
                0x20400a48        0x4 src/ASF/sam/drivers/usart/usart.o
 .bss.heap.6400
                0x20400a4c        0x4 src/ASF/sam/utils/syscalls/gcc/syscalls.o
 .bss.__malloc_current_mallinfo
                0x20400a50       0x28 c:/program files (x86)/atmel/studio/7.0/toolchain/arm/arm-gnu-toolchain/bin/../lib/gcc/arm-none-eabi/6.2.1/../../../../arm-none-eabi/lib/thumb/v7e-m\libc.a(lib_a-mallocr.o)
                0x20400a50                __malloc_current_mallinfo
 .bss.__malloc_max_sbrked_mem
                0x20400a78        0x4 c:/program files (x86)/atmel/studio/7.0/toolchain/arm/arm-gnu-toolchain/bin/../lib/gcc/arm-none-eabi/6.2.1/../../../../arm-none-eabi/lib/thumb/v7e-m\libc.a(lib_a-mallocr.o)
                0x20400a78                __malloc_max_sbrked_mem
 .bss.__malloc_max_total_mem
                0x20400a7c        0x4 c:/program files (x86)/atmel/studio/7.0/toolchain/arm/arm-gnu-toolchain/bin/../lib/gcc/arm-none-eabi/6.2.1/../../../../arm-none-eabi/lib/thumb/v7e-m\libc.a(lib_a-mallocr.o)
                0x20400a7c                __malloc_max_total_mem
 .bss.__malloc_top_pad
                0x20400a80        0x4 c:/program files (x86)/atmel/studio/7.0/toolchain/arm/arm-gnu-toolchain/bin/../lib/gcc/arm-none-eabi/6.2.1/../../../../arm-none-eabi/lib/thumb/v7e-m\libc.a(lib_a-mallocr.o)
                0x20400a80                __malloc_top_pad
 *(COMMON)
 COMMON         0x20400a84        0x6 src/ASF/common/services/sleepmgr/sam/sleepmgr.o
                0x20400a84                sleepmgr_locks
 *fill*         0x20400a8a        0x2 
 COMMON         0x20400a8c        0x4 src/ASF/common/utils/stdio/read.o
                0x20400a8c                ptr_get
 COMMON         0x20400a90        0x8 src/ASF/common/utils/stdio/write.o
                0x20400a90                ptr_put
                0x20400a94                stdio_base
 COMMON         0x20400a98       0x80 src/ASF/sam/drivers/afec/afec.o
                0x20400a98                afec_callback_pointer
 COMMON         0x20400b18        0x4 c:/program files (x86)/atmel/studio/7.0/toolchain/arm/arm-gnu-toolchain/bin/../lib/gcc/arm-none-eabi/6.2.1/../../../../arm-none-eabi/lib/thumb/v7e-m\libc.a(lib_a-reent.o)
                0x20400b18                errno
                0x20400b1c                . = ALIGN (0x4)
                0x20400b1c                _ebss = .
                0x20400b1c                _ezero = .

.stack          0x20400b1c     0x2004 load address 0x0040509c
                0x20400b20                . = ALIGN (0x8)
 *fill*         0x20400b1c        0x4 
                0x20400b20                _sstack = .
                0x20402b20                . = (. + STACK_SIZE)
 *fill*         0x20400b20     0x2000 
                0x20402b20                . = ALIGN (0x8)
                0x20402b20                _estack = .

.heap           0x20402b20      0x200 load address 0x004070a0
                0x20402b20                . = ALIGN (0x8)
                0x20402b20                _sheap = .
                0x20402d20                . = (. + HEAP_SIZE)
 *fill*         0x20402b20      0x200 
                0x20402d20                . = ALIGN (0x8)
                0x20402d20                _eheap = .
                0x20402d20                . = ALIGN (0x4)
                0x20402d20                _end = .
                0x2045ffff                _ram_end_ = ((ORIGIN (ram) + LENGTH (ram)) - 0x1)
OUTPUT(12-ADC.elf elf32-littlearm)

.ARM.attributes
                0x00000000       0x2e
 .ARM.attributes
                0x00000000       0x1e c:/program files (x86)/atmel/studio/7.0/toolchain/arm/arm-gnu-toolchain/bin/../lib/gcc/arm-none-eabi/6.2.1/thumb/v7e-m/crti.o
 .ARM.attributes
                0x0000001e       0x2e c:/program files (x86)/atmel/studio/7.0/toolchain/arm/arm-gnu-toolchain/bin/../lib/gcc/arm-none-eabi/6.2.1/thumb/v7e-m/crtbegin.o
 .ARM.attributes
                0x0000004c       0x37 src/main.o
 .ARM.attributes
                0x00000083       0x37 src/ASF/sam/drivers/rtc/rtc.o
 .ARM.attributes
                0x000000ba       0x37 src/ASF/sam/drivers/tc/tc.o
 .ARM.attributes
                0x000000f1       0x37 src/ASF/common/services/clock/same70/sysclk.o
 .ARM.attributes
                0x00000128       0x37 src/ASF/common/services/sleepmgr/sam/sleepmgr.o
 .ARM.attributes
                0x0000015f       0x37 src/ASF/common/utils/interrupt/interrupt_sam_nvic.o
 .ARM.attributes
                0x00000196       0x37 src/ASF/common/utils/stdio/read.o
 .ARM.attributes
                0x000001cd       0x37 src/ASF/common/utils/stdio/write.o
 .ARM.attributes
                0x00000204       0x37 src/ASF/sam/boards/same70_xplained/init.o
 .ARM.attributes
                0x0000023b       0x37 src/ASF/sam/drivers/afec/afec.o
 .ARM.attributes
                0x00000272       0x37 src/ASF/sam/drivers/pio/pio.o
 .ARM.attributes
                0x000002a9       0x37 src/ASF/sam/drivers/pio/pio_handler.o
 .ARM.attributes
                0x000002e0       0x37 src/ASF/sam/drivers/pmc/pmc.o
 .ARM.attributes
                0x00000317       0x37 src/ASF/sam/drivers/uart/uart.o
 .ARM.attributes
                0x0000034e       0x37 src/ASF/sam/drivers/usart/usart.o
 .ARM.attributes
                0x00000385       0x37 src/ASF/sam/utils/cmsis/same70/source/templates/gcc/startup_same70.o
 .ARM.attributes
                0x000003bc       0x37 src/ASF/sam/utils/cmsis/same70/source/templates/system_same70.o
 .ARM.attributes
                0x000003f3       0x37 src/ASF/sam/utils/syscalls/gcc/syscalls.o
 .ARM.attributes
                0x0000042a       0x2e c:/program files (x86)/atmel/studio/7.0/toolchain/arm/arm-gnu-toolchain/bin/../lib/gcc/arm-none-eabi/6.2.1/../../../../arm-none-eabi/lib/thumb/v7e-m\libc.a(lib_a-impure.o)
 .ARM.attributes
                0x00000458       0x2e c:/program files (x86)/atmel/studio/7.0/toolchain/arm/arm-gnu-toolchain/bin/../lib/gcc/arm-none-eabi/6.2.1/../../../../arm-none-eabi/lib/thumb/v7e-m\libc.a(lib_a-init.o)
 .ARM.attributes
                0x00000486       0x2e c:/program files (x86)/atmel/studio/7.0/toolchain/arm/arm-gnu-toolchain/bin/../lib/gcc/arm-none-eabi/6.2.1/../../../../arm-none-eabi/lib/thumb/v7e-m\libc.a(lib_a-iprintf.o)
 .ARM.attributes
                0x000004b4       0x2e c:/program files (x86)/atmel/studio/7.0/toolchain/arm/arm-gnu-toolchain/bin/../lib/gcc/arm-none-eabi/6.2.1/../../../../arm-none-eabi/lib/thumb/v7e-m\libc.a(lib_a-memset.o)
 .ARM.attributes
                0x000004e2       0x2e c:/program files (x86)/atmel/studio/7.0/toolchain/arm/arm-gnu-toolchain/bin/../lib/gcc/arm-none-eabi/6.2.1/../../../../arm-none-eabi/lib/thumb/v7e-m\libc.a(lib_a-puts.o)
 .ARM.attributes
                0x00000510       0x2e c:/program files (x86)/atmel/studio/7.0/toolchain/arm/arm-gnu-toolchain/bin/../lib/gcc/arm-none-eabi/6.2.1/../../../../arm-none-eabi/lib/thumb/v7e-m\libc.a(lib_a-setbuf.o)
 .ARM.attributes
                0x0000053e       0x2e c:/program files (x86)/atmel/studio/7.0/toolchain/arm/arm-gnu-toolchain/bin/../lib/gcc/arm-none-eabi/6.2.1/../../../../arm-none-eabi/lib/thumb/v7e-m\libc.a(lib_a-setvbuf.o)
 .ARM.attributes
                0x0000056c       0x1c c:/program files (x86)/atmel/studio/7.0/toolchain/arm/arm-gnu-toolchain/bin/../lib/gcc/arm-none-eabi/6.2.1/../../../../arm-none-eabi/lib/thumb/v7e-m\libc.a(lib_a-strlen.o)
 .ARM.attributes
                0x00000588       0x2e c:/program files (x86)/atmel/studio/7.0/toolchain/arm/arm-gnu-toolchain/bin/../lib/gcc/arm-none-eabi/6.2.1/../../../../arm-none-eabi/lib/thumb/v7e-m\libc.a(lib_a-vfiprintf.o)
 .ARM.attributes
                0x000005b6       0x2e c:/program files (x86)/atmel/studio/7.0/toolchain/arm/arm-gnu-toolchain/bin/../lib/gcc/arm-none-eabi/6.2.1/../../../../arm-none-eabi/lib/thumb/v7e-m\libc.a(lib_a-wsetup.o)
 .ARM.attributes
                0x000005e4       0x2e c:/program files (x86)/atmel/studio/7.0/toolchain/arm/arm-gnu-toolchain/bin/../lib/gcc/arm-none-eabi/6.2.1/../../../../arm-none-eabi/lib/thumb/v7e-m\libc.a(lib_a-__call_atexit.o)
 .ARM.attributes
                0x00000612       0x2e c:/program files (x86)/atmel/studio/7.0/toolchain/arm/arm-gnu-toolchain/bin/../lib/gcc/arm-none-eabi/6.2.1/../../../../arm-none-eabi/lib/thumb/v7e-m\libc.a(lib_a-atexit.o)
 .ARM.attributes
                0x00000640       0x2e c:/program files (x86)/atmel/studio/7.0/toolchain/arm/arm-gnu-toolchain/bin/../lib/gcc/arm-none-eabi/6.2.1/../../../../arm-none-eabi/lib/thumb/v7e-m\libc.a(lib_a-fflush.o)
 .ARM.attributes
                0x0000066e       0x2e c:/program files (x86)/atmel/studio/7.0/toolchain/arm/arm-gnu-toolchain/bin/../lib/gcc/arm-none-eabi/6.2.1/../../../../arm-none-eabi/lib/thumb/v7e-m\libc.a(lib_a-findfp.o)
 .ARM.attributes
                0x0000069c       0x2e c:/program files (x86)/atmel/studio/7.0/toolchain/arm/arm-gnu-toolchain/bin/../lib/gcc/arm-none-eabi/6.2.1/../../../../arm-none-eabi/lib/thumb/v7e-m\libc.a(lib_a-fini.o)
 .ARM.attributes
                0x000006ca       0x2e c:/program files (x86)/atmel/studio/7.0/toolchain/arm/arm-gnu-toolchain/bin/../lib/gcc/arm-none-eabi/6.2.1/../../../../arm-none-eabi/lib/thumb/v7e-m\libc.a(lib_a-fputwc.o)
 .ARM.attributes
                0x000006f8       0x2e c:/program files (x86)/atmel/studio/7.0/toolchain/arm/arm-gnu-toolchain/bin/../lib/gcc/arm-none-eabi/6.2.1/../../../../arm-none-eabi/lib/thumb/v7e-m\libc.a(lib_a-freer.o)
 .ARM.attributes
                0x00000726       0x2e c:/program files (x86)/atmel/studio/7.0/toolchain/arm/arm-gnu-toolchain/bin/../lib/gcc/arm-none-eabi/6.2.1/../../../../arm-none-eabi/lib/thumb/v7e-m\libc.a(lib_a-fvwrite.o)
 .ARM.attributes
                0x00000754       0x2e c:/program files (x86)/atmel/studio/7.0/toolchain/arm/arm-gnu-toolchain/bin/../lib/gcc/arm-none-eabi/6.2.1/../../../../arm-none-eabi/lib/thumb/v7e-m\libc.a(lib_a-fwalk.o)
 .ARM.attributes
                0x00000782       0x2e c:/program files (x86)/atmel/studio/7.0/toolchain/arm/arm-gnu-toolchain/bin/../lib/gcc/arm-none-eabi/6.2.1/../../../../arm-none-eabi/lib/thumb/v7e-m\libc.a(lib_a-locale.o)
 .ARM.attributes
                0x000007b0       0x2e c:/program files (x86)/atmel/studio/7.0/toolchain/arm/arm-gnu-toolchain/bin/../lib/gcc/arm-none-eabi/6.2.1/../../../../arm-none-eabi/lib/thumb/v7e-m\libc.a(lib_a-makebuf.o)
 .ARM.attributes
                0x000007de       0x2e c:/program files (x86)/atmel/studio/7.0/toolchain/arm/arm-gnu-toolchain/bin/../lib/gcc/arm-none-eabi/6.2.1/../../../../arm-none-eabi/lib/thumb/v7e-m\libc.a(lib_a-malloc.o)
 .ARM.attributes
                0x0000080c       0x2e c:/program files (x86)/atmel/studio/7.0/toolchain/arm/arm-gnu-toolchain/bin/../lib/gcc/arm-none-eabi/6.2.1/../../../../arm-none-eabi/lib/thumb/v7e-m\libc.a(lib_a-mallocr.o)
 .ARM.attributes
                0x0000083a       0x2e c:/program files (x86)/atmel/studio/7.0/toolchain/arm/arm-gnu-toolchain/bin/../lib/gcc/arm-none-eabi/6.2.1/../../../../arm-none-eabi/lib/thumb/v7e-m\libc.a(lib_a-mbtowc_r.o)
 .ARM.attributes
                0x00000868       0x1c c:/program files (x86)/atmel/studio/7.0/toolchain/arm/arm-gnu-toolchain/bin/../lib/gcc/arm-none-eabi/6.2.1/../../../../arm-none-eabi/lib/thumb/v7e-m\libc.a(lib_a-memchr.o)
 .ARM.attributes
                0x00000884       0x1c c:/program files (x86)/atmel/studio/7.0/toolchain/arm/arm-gnu-toolchain/bin/../lib/gcc/arm-none-eabi/6.2.1/../../../../arm-none-eabi/lib/thumb/v7e-m\libc.a(lib_a-memcpy.o)
 .ARM.attributes
                0x000008a0       0x2e c:/program files (x86)/atmel/studio/7.0/toolchain/arm/arm-gnu-toolchain/bin/../lib/gcc/arm-none-eabi/6.2.1/../../../../arm-none-eabi/lib/thumb/v7e-m\libc.a(lib_a-memmove.o)
 .ARM.attributes
                0x000008ce       0x2e c:/program files (x86)/atmel/studio/7.0/toolchain/arm/arm-gnu-toolchain/bin/../lib/gcc/arm-none-eabi/6.2.1/../../../../arm-none-eabi/lib/thumb/v7e-m\libc.a(lib_a-mlock.o)
 .ARM.attributes
                0x000008fc       0x2e c:/program files (x86)/atmel/studio/7.0/toolchain/arm/arm-gnu-toolchain/bin/../lib/gcc/arm-none-eabi/6.2.1/../../../../arm-none-eabi/lib/thumb/v7e-m\libc.a(lib_a-reallocr.o)
 .ARM.attributes
                0x0000092a       0x2e c:/program files (x86)/atmel/studio/7.0/toolchain/arm/arm-gnu-toolchain/bin/../lib/gcc/arm-none-eabi/6.2.1/../../../../arm-none-eabi/lib/thumb/v7e-m\libc.a(lib_a-sbrkr.o)
 .ARM.attributes
                0x00000958       0x2e c:/program files (x86)/atmel/studio/7.0/toolchain/arm/arm-gnu-toolchain/bin/../lib/gcc/arm-none-eabi/6.2.1/../../../../arm-none-eabi/lib/thumb/v7e-m\libc.a(lib_a-stdio.o)
 .ARM.attributes
                0x00000986       0x2e c:/program files (x86)/atmel/studio/7.0/toolchain/arm/arm-gnu-toolchain/bin/../lib/gcc/arm-none-eabi/6.2.1/../../../../arm-none-eabi/lib/thumb/v7e-m\libc.a(lib_a-wbuf.o)
 .ARM.attributes
                0x000009b4       0x2e c:/program files (x86)/atmel/studio/7.0/toolchain/arm/arm-gnu-toolchain/bin/../lib/gcc/arm-none-eabi/6.2.1/../../../../arm-none-eabi/lib/thumb/v7e-m\libc.a(lib_a-wcrtomb.o)
 .ARM.attributes
                0x000009e2       0x2e c:/program files (x86)/atmel/studio/7.0/toolchain/arm/arm-gnu-toolchain/bin/../lib/gcc/arm-none-eabi/6.2.1/../../../../arm-none-eabi/lib/thumb/v7e-m\libc.a(lib_a-wctomb_r.o)
 .ARM.attributes
                0x00000a10       0x2e c:/program files (x86)/atmel/studio/7.0/toolchain/arm/arm-gnu-toolchain/bin/../lib/gcc/arm-none-eabi/6.2.1/../../../../arm-none-eabi/lib/thumb/v7e-m\libc.a(lib_a-writer.o)
 .ARM.attributes
                0x00000a3e       0x2e c:/program files (x86)/atmel/studio/7.0/toolchain/arm/arm-gnu-toolchain/bin/../lib/gcc/arm-none-eabi/6.2.1/../../../../arm-none-eabi/lib/thumb/v7e-m\libc.a(lib_a-__atexit.o)
 .ARM.attributes
                0x00000a6c       0x2e c:/program files (x86)/atmel/studio/7.0/toolchain/arm/arm-gnu-toolchain/bin/../lib/gcc/arm-none-eabi/6.2.1/../../../../arm-none-eabi/lib/thumb/v7e-m\libc.a(lib_a-closer.o)
 .ARM.attributes
                0x00000a9a       0x2e c:/program files (x86)/atmel/studio/7.0/toolchain/arm/arm-gnu-toolchain/bin/../lib/gcc/arm-none-eabi/6.2.1/../../../../arm-none-eabi/lib/thumb/v7e-m\libc.a(lib_a-ctype_.o)
 .ARM.attributes
                0x00000ac8       0x2e c:/program files (x86)/atmel/studio/7.0/toolchain/arm/arm-gnu-toolchain/bin/../lib/gcc/arm-none-eabi/6.2.1/../../../../arm-none-eabi/lib/thumb/v7e-m\libc.a(lib_a-fclose.o)
 .ARM.attributes
                0x00000af6       0x2e c:/program files (x86)/atmel/studio/7.0/toolchain/arm/arm-gnu-toolchain/bin/../lib/gcc/arm-none-eabi/6.2.1/../../../../arm-none-eabi/lib/thumb/v7e-m\libc.a(lib_a-fstatr.o)
 .ARM.attributes
                0x00000b24       0x2e c:/program files (x86)/atmel/studio/7.0/toolchain/arm/arm-gnu-toolchain/bin/../lib/gcc/arm-none-eabi/6.2.1/../../../../arm-none-eabi/lib/thumb/v7e-m\libc.a(lib_a-isattyr.o)
 .ARM.attributes
                0x00000b52       0x2e c:/program files (x86)/atmel/studio/7.0/toolchain/arm/arm-gnu-toolchain/bin/../lib/gcc/arm-none-eabi/6.2.1/../../../../arm-none-eabi/lib/thumb/v7e-m\libc.a(lib_a-lseekr.o)
 .ARM.attributes
                0x00000b80       0x2e c:/program files (x86)/atmel/studio/7.0/toolchain/arm/arm-gnu-toolchain/bin/../lib/gcc/arm-none-eabi/6.2.1/../../../../arm-none-eabi/lib/thumb/v7e-m\libc.a(lib_a-readr.o)
 .ARM.attributes
                0x00000bae       0x2e c:/program files (x86)/atmel/studio/7.0/toolchain/arm/arm-gnu-toolchain/bin/../lib/gcc/arm-none-eabi/6.2.1/../../../../arm-none-eabi/lib/thumb/v7e-m\libc.a(lib_a-reent.o)
 .ARM.attributes
                0x00000bdc       0x1e c:/program files (x86)/atmel/studio/7.0/toolchain/arm/arm-gnu-toolchain/bin/../lib/gcc/arm-none-eabi/6.2.1/thumb/v7e-m\libgcc.a(_aeabi_uldivmod.o)
 .ARM.attributes
                0x00000bfa       0x2e c:/program files (x86)/atmel/studio/7.0/toolchain/arm/arm-gnu-toolchain/bin/../lib/gcc/arm-none-eabi/6.2.1/thumb/v7e-m\libgcc.a(_udivmoddi4.o)
 .ARM.attributes
                0x00000c28       0x1e c:/program files (x86)/atmel/studio/7.0/toolchain/arm/arm-gnu-toolchain/bin/../lib/gcc/arm-none-eabi/6.2.1/thumb/v7e-m\libgcc.a(_dvmd_tls.o)
 .ARM.attributes
                0x00000c46       0x1e c:/program files (x86)/atmel/studio/7.0/toolchain/arm/arm-gnu-toolchain/bin/../lib/gcc/arm-none-eabi/6.2.1/thumb/v7e-m/crtn.o

.comment        0x00000000       0x59
 .comment       0x00000000       0x59 src/main.o
                                 0x5a (size before relaxing)
 .comment       0x00000059       0x5a src/ASF/sam/drivers/rtc/rtc.o
 .comment       0x00000059       0x5a src/ASF/sam/drivers/tc/tc.o
 .comment       0x00000059       0x5a src/ASF/common/services/clock/same70/sysclk.o
 .comment       0x00000059       0x5a src/ASF/common/services/sleepmgr/sam/sleepmgr.o
 .comment       0x00000059       0x5a src/ASF/common/utils/interrupt/interrupt_sam_nvic.o
 .comment       0x00000059       0x5a src/ASF/common/utils/stdio/read.o
 .comment       0x00000059       0x5a src/ASF/common/utils/stdio/write.o
 .comment       0x00000059       0x5a src/ASF/sam/boards/same70_xplained/init.o
 .comment       0x00000059       0x5a src/ASF/sam/drivers/afec/afec.o
 .comment       0x00000059       0x5a src/ASF/sam/drivers/pio/pio.o
 .comment       0x00000059       0x5a src/ASF/sam/drivers/pio/pio_handler.o
 .comment       0x00000059       0x5a src/ASF/sam/drivers/pmc/pmc.o
 .comment       0x00000059       0x5a src/ASF/sam/drivers/uart/uart.o
 .comment       0x00000059       0x5a src/ASF/sam/drivers/usart/usart.o
 .comment       0x00000059       0x5a src/ASF/sam/utils/cmsis/same70/source/templates/gcc/startup_same70.o
 .comment       0x00000059       0x5a src/ASF/sam/utils/cmsis/same70/source/templates/system_same70.o
 .comment       0x00000059       0x5a src/ASF/sam/utils/syscalls/gcc/syscalls.o

.debug_info     0x00000000    0x1826c
 .debug_info    0x00000000     0x27b0 src/main.o
 .debug_info    0x000027b0     0x10eb src/ASF/sam/drivers/rtc/rtc.o
 .debug_info    0x0000389b     0x1227 src/ASF/sam/drivers/tc/tc.o
 .debug_info    0x00004ac2     0x125b src/ASF/common/services/clock/same70/sysclk.o
 .debug_info    0x00005d1d      0xa82 src/ASF/common/services/sleepmgr/sam/sleepmgr.o
 .debug_info    0x0000679f      0xaf5 src/ASF/common/utils/interrupt/interrupt_sam_nvic.o
 .debug_info    0x00007294      0xabd src/ASF/common/utils/stdio/read.o
 .debug_info    0x00007d51      0xaba src/ASF/common/utils/stdio/write.o
 .debug_info    0x0000880b     0x2013 src/ASF/sam/boards/same70_xplained/init.o
 .debug_info    0x0000a81e     0x244e src/ASF/sam/drivers/afec/afec.o
 .debug_info    0x0000cc6c     0x2144 src/ASF/sam/drivers/pio/pio.o
 .debug_info    0x0000edb0     0x1b16 src/ASF/sam/drivers/pio/pio_handler.o
 .debug_info    0x000108c6     0x1e02 src/ASF/sam/drivers/pmc/pmc.o
 .debug_info    0x000126c8     0x102f src/ASF/sam/drivers/uart/uart.o
 .debug_info    0x000136f7     0x2318 src/ASF/sam/drivers/usart/usart.o
 .debug_info    0x00015a0f     0x155e src/ASF/sam/utils/cmsis/same70/source/templates/gcc/startup_same70.o
 .debug_info    0x00016f6d      0x55b src/ASF/sam/utils/cmsis/same70/source/templates/system_same70.o
 .debug_info    0x000174c8      0xda4 src/ASF/sam/utils/syscalls/gcc/syscalls.o

.debug_abbrev   0x00000000     0x33f2
 .debug_abbrev  0x00000000      0x456 src/main.o
 .debug_abbrev  0x00000456      0x2e3 src/ASF/sam/drivers/rtc/rtc.o
 .debug_abbrev  0x00000739      0x293 src/ASF/sam/drivers/tc/tc.o
 .debug_abbrev  0x000009cc      0x31f src/ASF/common/services/clock/same70/sysclk.o
 .debug_abbrev  0x00000ceb      0x1b2 src/ASF/common/services/sleepmgr/sam/sleepmgr.o
 .debug_abbrev  0x00000e9d      0x212 src/ASF/common/utils/interrupt/interrupt_sam_nvic.o
 .debug_abbrev  0x000010af      0x1fe src/ASF/common/utils/stdio/read.o
 .debug_abbrev  0x000012ad      0x1e9 src/ASF/common/utils/stdio/write.o
 .debug_abbrev  0x00001496      0x368 src/ASF/sam/boards/same70_xplained/init.o
 .debug_abbrev  0x000017fe      0x4d7 src/ASF/sam/drivers/afec/afec.o
 .debug_abbrev  0x00001cd5      0x410 src/ASF/sam/drivers/pio/pio.o
 .debug_abbrev  0x000020e5      0x32f src/ASF/sam/drivers/pio/pio_handler.o
 .debug_abbrev  0x00002414      0x369 src/ASF/sam/drivers/pmc/pmc.o
 .debug_abbrev  0x0000277d      0x26e src/ASF/sam/drivers/uart/uart.o
 .debug_abbrev  0x000029eb      0x3bd src/ASF/sam/drivers/usart/usart.o
 .debug_abbrev  0x00002da8      0x2e4 src/ASF/sam/utils/cmsis/same70/source/templates/gcc/startup_same70.o
 .debug_abbrev  0x0000308c      0x102 src/ASF/sam/utils/cmsis/same70/source/templates/system_same70.o
 .debug_abbrev  0x0000318e      0x264 src/ASF/sam/utils/syscalls/gcc/syscalls.o

.debug_loc      0x00000000     0x5901
 .debug_loc     0x00000000      0x5e5 src/main.o
 .debug_loc     0x000005e5      0x8d0 src/ASF/sam/drivers/rtc/rtc.o
 .debug_loc     0x00000eb5      0x5a4 src/ASF/sam/drivers/tc/tc.o
 .debug_loc     0x00001459      0x183 src/ASF/common/services/clock/same70/sysclk.o
 .debug_loc     0x000015dc       0xb3 src/ASF/common/utils/stdio/read.o
 .debug_loc     0x0000168f      0x12b src/ASF/common/utils/stdio/write.o
 .debug_loc     0x000017ba      0x261 src/ASF/sam/boards/same70_xplained/init.o
 .debug_loc     0x00001a1b      0xa8b src/ASF/sam/drivers/afec/afec.o
 .debug_loc     0x000024a6      0xea4 src/ASF/sam/drivers/pio/pio.o
 .debug_loc     0x0000334a      0x588 src/ASF/sam/drivers/pio/pio_handler.o
 .debug_loc     0x000038d2      0xce3 src/ASF/sam/drivers/pmc/pmc.o
 .debug_loc     0x000045b5      0x2a3 src/ASF/sam/drivers/uart/uart.o
 .debug_loc     0x00004858      0xf35 src/ASF/sam/drivers/usart/usart.o
 .debug_loc     0x0000578d       0x77 src/ASF/sam/utils/cmsis/same70/source/templates/gcc/startup_same70.o
 .debug_loc     0x00005804       0xfd src/ASF/sam/utils/syscalls/gcc/syscalls.o

.debug_aranges  0x00000000      0xc00
 .debug_aranges
                0x00000000       0x50 src/main.o
 .debug_aranges
                0x00000050       0xb8 src/ASF/sam/drivers/rtc/rtc.o
 .debug_aranges
                0x00000108       0xd0 src/ASF/sam/drivers/tc/tc.o
 .debug_aranges
                0x000001d8       0x40 src/ASF/common/services/clock/same70/sysclk.o
 .debug_aranges
                0x00000218       0x18 src/ASF/common/services/sleepmgr/sam/sleepmgr.o
 .debug_aranges
                0x00000230       0x28 src/ASF/common/utils/interrupt/interrupt_sam_nvic.o
 .debug_aranges
                0x00000258       0x20 src/ASF/common/utils/stdio/read.o
 .debug_aranges
                0x00000278       0x20 src/ASF/common/utils/stdio/write.o
 .debug_aranges
                0x00000298       0x20 src/ASF/sam/boards/same70_xplained/init.o
 .debug_aranges
                0x000002b8       0xb8 src/ASF/sam/drivers/afec/afec.o
 .debug_aranges
                0x00000370      0x1a8 src/ASF/sam/drivers/pio/pio.o
 .debug_aranges
                0x00000518       0x60 src/ASF/sam/drivers/pio/pio_handler.o
 .debug_aranges
                0x00000578      0x250 src/ASF/sam/drivers/pmc/pmc.o
 .debug_aranges
                0x000007c8       0xd8 src/ASF/sam/drivers/uart/uart.o
 .debug_aranges
                0x000008a0      0x2a8 src/ASF/sam/drivers/usart/usart.o
 .debug_aranges
                0x00000b48       0x28 src/ASF/sam/utils/cmsis/same70/source/templates/gcc/startup_same70.o
 .debug_aranges
                0x00000b70       0x30 src/ASF/sam/utils/cmsis/same70/source/templates/system_same70.o
 .debug_aranges
                0x00000ba0       0x60 src/ASF/sam/utils/syscalls/gcc/syscalls.o

.debug_ranges   0x00000000      0xc10
 .debug_ranges  0x00000000       0x40 src/main.o
 .debug_ranges  0x00000040       0xa8 src/ASF/sam/drivers/rtc/rtc.o
 .debug_ranges  0x000000e8       0xc0 src/ASF/sam/drivers/tc/tc.o
 .debug_ranges  0x000001a8       0x30 src/ASF/common/services/clock/same70/sysclk.o
 .debug_ranges  0x000001d8       0x18 src/ASF/common/utils/interrupt/interrupt_sam_nvic.o
 .debug_ranges  0x000001f0       0x10 src/ASF/common/utils/stdio/read.o
 .debug_ranges  0x00000200       0x10 src/ASF/common/utils/stdio/write.o
 .debug_ranges  0x00000210       0x10 src/ASF/sam/boards/same70_xplained/init.o
 .debug_ranges  0x00000220       0xc0 src/ASF/sam/drivers/afec/afec.o
 .debug_ranges  0x000002e0      0x2a0 src/ASF/sam/drivers/pio/pio.o
 .debug_ranges  0x00000580       0x68 src/ASF/sam/drivers/pio/pio_handler.o
 .debug_ranges  0x000005e8      0x240 src/ASF/sam/drivers/pmc/pmc.o
 .debug_ranges  0x00000828       0xc8 src/ASF/sam/drivers/uart/uart.o
 .debug_ranges  0x000008f0      0x298 src/ASF/sam/drivers/usart/usart.o
 .debug_ranges  0x00000b88       0x18 src/ASF/sam/utils/cmsis/same70/source/templates/gcc/startup_same70.o
 .debug_ranges  0x00000ba0       0x20 src/ASF/sam/utils/cmsis/same70/source/templates/system_same70.o
 .debug_ranges  0x00000bc0       0x50 src/ASF/sam/utils/syscalls/gcc/syscalls.o

.debug_macro    0x00000000    0x1ff39
 .debug_macro   0x00000000      0x867 src/main.o
 .debug_macro   0x00000867      0x8c8 src/main.o
 .debug_macro   0x0000112f       0x22 src/main.o
 .debug_macro   0x00001151       0x4c src/main.o
 .debug_macro   0x0000119d       0x8d src/main.o
 .debug_macro   0x0000122a       0x35 src/main.o
 .debug_macro   0x0000125f       0x9c src/main.o
 .debug_macro   0x000012fb       0x16 src/main.o
 .debug_macro   0x00001311       0x57 src/main.o
 .debug_macro   0x00001368       0x97 src/main.o
 .debug_macro   0x000013ff      0x330 src/main.o
 .debug_macro   0x0000172f       0xf6 src/main.o
 .debug_macro   0x00001825       0x10 src/main.o
 .debug_macro   0x00001835       0x52 src/main.o
 .debug_macro   0x00001887       0x1f src/main.o
 .debug_macro   0x000018a6       0x43 src/main.o
 .debug_macro   0x000018e9       0x20 src/main.o
 .debug_macro   0x00001909      0x187 src/main.o
 .debug_macro   0x00001a90       0x10 src/main.o
 .debug_macro   0x00001aa0       0x6a src/main.o
 .debug_macro   0x00001b0a       0x1c src/main.o
 .debug_macro   0x00001b26       0x52 src/main.o
 .debug_macro   0x00001b78       0x40 src/main.o
 .debug_macro   0x00001bb8       0x10 src/main.o
 .debug_macro   0x00001bc8       0x40 src/main.o
 .debug_macro   0x00001c08       0xd7 src/main.o
 .debug_macro   0x00001cdf       0x16 src/main.o
 .debug_macro   0x00001cf5      0x18b src/main.o
 .debug_macro   0x00001e80       0x16 src/main.o
 .debug_macro   0x00001e96       0x35 src/main.o
 .debug_macro   0x00001ecb       0x16 src/main.o
 .debug_macro   0x00001ee1      0x64b src/main.o
 .debug_macro   0x0000252c       0x76 src/main.o
 .debug_macro   0x000025a2       0x16 src/main.o
 .debug_macro   0x000025b8      0x6e4 src/main.o
 .debug_macro   0x00002c9c       0xef src/main.o
 .debug_macro   0x00002d8b      0x1df src/main.o
 .debug_macro   0x00002f6a       0x4a src/main.o
 .debug_macro   0x00002fb4       0x3b src/main.o
 .debug_macro   0x00002fef       0x2d src/main.o
 .debug_macro   0x0000301c       0x26 src/main.o
 .debug_macro   0x00003042      0xf9a src/main.o
 .debug_macro   0x00003fdc      0x175 src/main.o
 .debug_macro   0x00004151      0x257 src/main.o
 .debug_macro   0x000043a8      0xa0f src/main.o
 .debug_macro   0x00004db7      0x1b9 src/main.o
 .debug_macro   0x00004f70      0x336 src/main.o
 .debug_macro   0x000052a6      0x15b src/main.o
 .debug_macro   0x00005401     0x1851 src/main.o
 .debug_macro   0x00006c52       0x1c src/main.o
 .debug_macro   0x00006c6e      0x68d src/main.o
 .debug_macro   0x000072fb      0x31e src/main.o
 .debug_macro   0x00007619      0x4d4 src/main.o
 .debug_macro   0x00007aed      0x56e src/main.o
 .debug_macro   0x0000805b     0x1332 src/main.o
 .debug_macro   0x0000938d     0x278d src/main.o
 .debug_macro   0x0000bb1a     0x102b src/main.o
 .debug_macro   0x0000cb45      0xe01 src/main.o
 .debug_macro   0x0000d946      0x3b1 src/main.o
 .debug_macro   0x0000dcf7       0xa0 src/main.o
 .debug_macro   0x0000dd97       0x76 src/main.o
 .debug_macro   0x0000de0d      0x409 src/main.o
 .debug_macro   0x0000e216       0x64 src/main.o
 .debug_macro   0x0000e27a      0x284 src/main.o
 .debug_macro   0x0000e4fe      0x1d0 src/main.o
 .debug_macro   0x0000e6ce      0x248 src/main.o
 .debug_macro   0x0000e916      0x524 src/main.o
 .debug_macro   0x0000ee3a      0x63b src/main.o
 .debug_macro   0x0000f475      0x6b8 src/main.o
 .debug_macro   0x0000fb2d       0x4c src/main.o
 .debug_macro   0x0000fb79      0x468 src/main.o
 .debug_macro   0x0000ffe1      0x207 src/main.o
 .debug_macro   0x000101e8      0x866 src/main.o
 .debug_macro   0x00010a4e     0x1547 src/main.o
 .debug_macro   0x00011f95       0x40 src/main.o
 .debug_macro   0x00011fd5       0x76 src/main.o
 .debug_macro   0x0001204b      0xdaf src/main.o
 .debug_macro   0x00012dfa       0x82 src/main.o
 .debug_macro   0x00012e7c       0x76 src/main.o
 .debug_macro   0x00012ef2       0x4c src/main.o
 .debug_macro   0x00012f3e      0x135 src/main.o
 .debug_macro   0x00013073      0x135 src/main.o
 .debug_macro   0x000131a8      0x135 src/main.o
 .debug_macro   0x000132dd       0x6a src/main.o
 .debug_macro   0x00013347       0x6a src/main.o
 .debug_macro   0x000133b1      0x313 src/main.o
 .debug_macro   0x000136c4       0xb2 src/main.o
 .debug_macro   0x00013776       0xb2 src/main.o
 .debug_macro   0x00013828       0xb2 src/main.o
 .debug_macro   0x000138da      0x11d src/main.o
 .debug_macro   0x000139f7      0x11d src/main.o
 .debug_macro   0x00013b14      0x2cd src/main.o
 .debug_macro   0x00013de1       0xb8 src/main.o
 .debug_macro   0x00013e99       0x5e src/main.o
 .debug_macro   0x00013ef7       0x40 src/main.o
 .debug_macro   0x00013f37       0x4c src/main.o
 .debug_macro   0x00013f83       0xa0 src/main.o
 .debug_macro   0x00014023      0x494 src/main.o
 .debug_macro   0x000144b7      0x135 src/main.o
 .debug_macro   0x000145ec       0x4c src/main.o
 .debug_macro   0x00014638      0x313 src/main.o
 .debug_macro   0x0001494b       0x6a src/main.o
 .debug_macro   0x000149b5       0xb8 src/main.o
 .debug_macro   0x00014a6d       0x6a src/main.o
 .debug_macro   0x00014ad7       0x2e src/main.o
 .debug_macro   0x00014b05      0x9b1 src/main.o
 .debug_macro   0x000154b6       0x6a src/main.o
 .debug_macro   0x00015520       0x88 src/main.o
 .debug_macro   0x000155a8       0x58 src/main.o
 .debug_macro   0x00015600       0xe2 src/main.o
 .debug_macro   0x000156e2       0x16 src/main.o
 .debug_macro   0x000156f8       0xe2 src/main.o
 .debug_macro   0x000157da       0x4c src/main.o
 .debug_macro   0x00015826       0x16 src/main.o
 .debug_macro   0x0001583c       0x4c src/main.o
 .debug_macro   0x00015888       0x2e src/main.o
 .debug_macro   0x000158b6      0x1b5 src/main.o
 .debug_macro   0x00015a6b      0x1b5 src/main.o
 .debug_macro   0x00015c20      0x1b5 src/main.o
 .debug_macro   0x00015dd5      0x1b5 src/main.o
 .debug_macro   0x00015f8a      0x1b5 src/main.o
 .debug_macro   0x0001613f       0x1c src/main.o
 .debug_macro   0x0001615b       0x2e src/main.o
 .debug_macro   0x00016189       0x22 src/main.o
 .debug_macro   0x000161ab       0x1c src/main.o
 .debug_macro   0x000161c7       0x52 src/main.o
 .debug_macro   0x00016219       0x10 src/main.o
 .debug_macro   0x00016229       0x1c src/main.o
 .debug_macro   0x00016245       0x4c src/main.o
 .debug_macro   0x00016291       0x4c src/main.o
 .debug_macro   0x000162dd       0x4c src/main.o
 .debug_macro   0x00016329      0x31b src/main.o
 .debug_macro   0x00016644     0x1022 src/main.o
 .debug_macro   0x00017666      0x107 src/main.o
 .debug_macro   0x0001776d       0x22 src/main.o
 .debug_macro   0x0001778f       0x16 src/main.o
 .debug_macro   0x000177a5       0x16 src/main.o
 .debug_macro   0x000177bb       0x29 src/main.o
 .debug_macro   0x000177e4       0x75 src/main.o
 .debug_macro   0x00017859       0x3f src/main.o
 .debug_macro   0x00017898      0x3ca src/main.o
 .debug_macro   0x00017c62       0x12 src/main.o
 .debug_macro   0x00017c74       0x3a src/main.o
 .debug_macro   0x00017cae      0x2c6 src/main.o
 .debug_macro   0x00017f74      0xa96 src/main.o
 .debug_macro   0x00018a0a       0x70 src/main.o
 .debug_macro   0x00018a7a       0x64 src/main.o
 .debug_macro   0x00018ade       0x5f src/main.o
 .debug_macro   0x00018b3d       0xac src/main.o
 .debug_macro   0x00018be9       0x28 src/main.o
 .debug_macro   0x00018c11       0x23 src/main.o
 .debug_macro   0x00018c34       0x94 src/main.o
 .debug_macro   0x00018cc8       0x40 src/main.o
 .debug_macro   0x00018d08       0x88 src/main.o
 .debug_macro   0x00018d90      0x1ce src/main.o
 .debug_macro   0x00018f5e       0x34 src/main.o
 .debug_macro   0x00018f92       0x16 src/main.o
 .debug_macro   0x00018fa8       0x1c src/main.o
 .debug_macro   0x00018fc4       0x10 src/main.o
 .debug_macro   0x00018fd4       0x1c src/main.o
 .debug_macro   0x00018ff0       0x3a src/main.o
 .debug_macro   0x0001902a       0x28 src/main.o
 .debug_macro   0x00019052      0x678 src/ASF/sam/drivers/rtc/rtc.o
 .debug_macro   0x000196ca      0x66d src/ASF/sam/drivers/tc/tc.o
 .debug_macro   0x00019d37       0x1c src/ASF/sam/drivers/tc/tc.o
 .debug_macro   0x00019d53      0x6d1 src/ASF/common/services/clock/same70/sysclk.o
 .debug_macro   0x0001a424      0x2c0 src/ASF/common/services/clock/same70/sysclk.o
 .debug_macro   0x0001a6e4      0x67f src/ASF/common/services/sleepmgr/sam/sleepmgr.o
 .debug_macro   0x0001ad63      0x655 src/ASF/common/utils/interrupt/interrupt_sam_nvic.o
 .debug_macro   0x0001b3b8      0x655 src/ASF/common/utils/stdio/read.o
 .debug_macro   0x0001ba0d      0x655 src/ASF/common/utils/stdio/write.o
 .debug_macro   0x0001c062      0x70b src/ASF/sam/boards/same70_xplained/init.o
 .debug_macro   0x0001c76d       0x16 src/ASF/sam/boards/same70_xplained/init.o
 .debug_macro   0x0001c783       0x82 src/ASF/sam/boards/same70_xplained/init.o
 .debug_macro   0x0001c805      0x72e src/ASF/sam/drivers/afec/afec.o
 .debug_macro   0x0001cf33      0x66b src/ASF/sam/drivers/pio/pio.o
 .debug_macro   0x0001d59e       0x8e src/ASF/sam/drivers/pio/pio.o
 .debug_macro   0x0001d62c      0x676 src/ASF/sam/drivers/pio/pio_handler.o
 .debug_macro   0x0001dca2      0x66b src/ASF/sam/drivers/pmc/pmc.o
 .debug_macro   0x0001e30d       0x6a src/ASF/sam/drivers/pmc/pmc.o
 .debug_macro   0x0001e377      0x665 src/ASF/sam/drivers/uart/uart.o
 .debug_macro   0x0001e9dc       0x16 src/ASF/sam/drivers/uart/uart.o
 .debug_macro   0x0001e9f2      0x69b src/ASF/sam/drivers/usart/usart.o
 .debug_macro   0x0001f08d       0x34 src/ASF/sam/drivers/usart/usart.o
 .debug_macro   0x0001f0c1      0x664 src/ASF/sam/utils/cmsis/same70/source/templates/gcc/startup_same70.o
 .debug_macro   0x0001f725       0x10 src/ASF/sam/utils/cmsis/same70/source/templates/gcc/startup_same70.o
 .debug_macro   0x0001f735      0x455 src/ASF/sam/utils/cmsis/same70/source/templates/system_same70.o
 .debug_macro   0x0001fb8a      0x1d6 src/ASF/sam/utils/syscalls/gcc/syscalls.o
 .debug_macro   0x0001fd60       0x4c src/ASF/sam/utils/syscalls/gcc/syscalls.o
 .debug_macro   0x0001fdac       0x16 src/ASF/sam/utils/syscalls/gcc/syscalls.o
 .debug_macro   0x0001fdc2       0x10 src/ASF/sam/utils/syscalls/gcc/syscalls.o
 .debug_macro   0x0001fdd2       0x10 src/ASF/sam/utils/syscalls/gcc/syscalls.o
 .debug_macro   0x0001fde2       0x35 src/ASF/sam/utils/syscalls/gcc/syscalls.o
 .debug_macro   0x0001fe17      0x122 src/ASF/sam/utils/syscalls/gcc/syscalls.o

.debug_line     0x00000000     0xd2a2
 .debug_line    0x00000000     0x106d src/main.o
 .debug_line    0x0000106d      0xbe4 src/ASF/sam/drivers/rtc/rtc.o
 .debug_line    0x00001c51      0xb85 src/ASF/sam/drivers/tc/tc.o
 .debug_line    0x000027d6      0xb4f src/ASF/common/services/clock/same70/sysclk.o
 .debug_line    0x00003325      0xa4f src/ASF/common/services/sleepmgr/sam/sleepmgr.o
 .debug_line    0x00003d74      0xa01 src/ASF/common/utils/interrupt/interrupt_sam_nvic.o
 .debug_line    0x00004775      0x9e7 src/ASF/common/utils/stdio/read.o
 .debug_line    0x0000515c      0x9df src/ASF/common/utils/stdio/write.o
 .debug_line    0x00005b3b      0xc30 src/ASF/sam/boards/same70_xplained/init.o
 .debug_line    0x0000676b      0xed4 src/ASF/sam/drivers/afec/afec.o
 .debug_line    0x0000763f      0xee3 src/ASF/sam/drivers/pio/pio.o
 .debug_line    0x00008522      0xabf src/ASF/sam/drivers/pio/pio_handler.o
 .debug_line    0x00008fe1     0x106b src/ASF/sam/drivers/pmc/pmc.o
 .debug_line    0x0000a04c      0xb79 src/ASF/sam/drivers/uart/uart.o
 .debug_line    0x0000abc5     0x1076 src/ASF/sam/drivers/usart/usart.o
 .debug_line    0x0000bc3b      0xa73 src/ASF/sam/utils/cmsis/same70/source/templates/gcc/startup_same70.o
 .debug_line    0x0000c6ae      0x7e9 src/ASF/sam/utils/cmsis/same70/source/templates/system_same70.o
 .debug_line    0x0000ce97      0x40b src/ASF/sam/utils/syscalls/gcc/syscalls.o

.debug_str      0x00000000    0x8c721
 .debug_str     0x00000000    0x887a9 src/main.o
                              0x88f91 (size before relaxing)
 .debug_str     0x000887a9      0x27c src/ASF/sam/drivers/rtc/rtc.o
                              0x81f83 (size before relaxing)
 .debug_str     0x00088a25      0x1ca src/ASF/sam/drivers/tc/tc.o
                              0x81fa4 (size before relaxing)
 .debug_str     0x00088bef      0x3f2 src/ASF/common/services/clock/same70/sysclk.o
                              0x862df (size before relaxing)
 .debug_str     0x00088fe1       0xbd src/ASF/common/services/sleepmgr/sam/sleepmgr.o
                              0x81dcd (size before relaxing)
 .debug_str     0x0008909e       0x94 src/ASF/common/utils/interrupt/interrupt_sam_nvic.o
                              0x81c91 (size before relaxing)
 .debug_str     0x00089132       0x2c src/ASF/common/utils/stdio/read.o
                              0x81c3a (size before relaxing)
 .debug_str     0x0008915e       0x26 src/ASF/common/utils/stdio/write.o
                              0x81c3b (size before relaxing)
 .debug_str     0x00089184      0x99e src/ASF/sam/boards/same70_xplained/init.o
                              0x86edd (size before relaxing)
 .debug_str     0x00089b22      0x545 src/ASF/sam/drivers/afec/afec.o
                              0x872f7 (size before relaxing)
 .debug_str     0x0008a067      0x58c src/ASF/sam/drivers/pio/pio.o
                              0x827e7 (size before relaxing)
 .debug_str     0x0008a5f3      0x111 src/ASF/sam/drivers/pio/pio_handler.o
                              0x82909 (size before relaxing)
 .debug_str     0x0008a704      0x685 src/ASF/sam/drivers/pmc/pmc.o
                              0x8294b (size before relaxing)
 .debug_str     0x0008ad89      0x1f1 src/ASF/sam/drivers/uart/uart.o
                              0x81f41 (size before relaxing)
 .debug_str     0x0008af7a      0x902 src/ASF/sam/drivers/usart/usart.o
                              0x827d9 (size before relaxing)
 .debug_str     0x0008b87c      0x606 src/ASF/sam/utils/cmsis/same70/source/templates/gcc/startup_same70.o
                              0x8245e (size before relaxing)
 .debug_str     0x0008be82      0x137 src/ASF/sam/utils/cmsis/same70/source/templates/system_same70.o
                              0x72814 (size before relaxing)
 .debug_str     0x0008bfb9      0x768 src/ASF/sam/utils/syscalls/gcc/syscalls.o
                               0x72da (size before relaxing)

.debug_frame    0x00000000     0x25cc
 .debug_frame   0x00000000       0xe4 src/main.o
 .debug_frame   0x000000e4      0x1b0 src/ASF/sam/drivers/rtc/rtc.o
 .debug_frame   0x00000294      0x1a8 src/ASF/sam/drivers/tc/tc.o
 .debug_frame   0x0000043c       0x88 src/ASF/common/services/clock/same70/sysclk.o
 .debug_frame   0x000004c4       0x30 src/ASF/common/utils/interrupt/interrupt_sam_nvic.o
 .debug_frame   0x000004f4       0x30 src/ASF/common/utils/stdio/read.o
 .debug_frame   0x00000524       0x48 src/ASF/common/utils/stdio/write.o
 .debug_frame   0x0000056c       0x30 src/ASF/sam/boards/same70_xplained/init.o
 .debug_frame   0x0000059c      0x1f0 src/ASF/sam/drivers/afec/afec.o
 .debug_frame   0x0000078c      0x390 src/ASF/sam/drivers/pio/pio.o
 .debug_frame   0x00000b1c      0x110 src/ASF/sam/drivers/pio/pio_handler.o
 .debug_frame   0x00000c2c      0x494 src/ASF/sam/drivers/pmc/pmc.o
 .debug_frame   0x000010c0      0x19c src/ASF/sam/drivers/uart/uart.o
 .debug_frame   0x0000125c      0x5c0 src/ASF/sam/drivers/usart/usart.o
 .debug_frame   0x0000181c       0x38 src/ASF/sam/utils/cmsis/same70/source/templates/gcc/startup_same70.o
 .debug_frame   0x00001854       0x40 src/ASF/sam/utils/cmsis/same70/source/templates/system_same70.o
 .debug_frame   0x00001894       0xa0 src/ASF/sam/utils/syscalls/gcc/syscalls.o
 .debug_frame   0x00001934       0x2c c:/program files (x86)/atmel/studio/7.0/toolchain/arm/arm-gnu-toolchain/bin/../lib/gcc/arm-none-eabi/6.2.1/../../../../arm-none-eabi/lib/thumb/v7e-m\libc.a(lib_a-init.o)
 .debug_frame   0x00001960       0x74 c:/program files (x86)/atmel/studio/7.0/toolchain/arm/arm-gnu-toolchain/bin/../lib/gcc/arm-none-eabi/6.2.1/../../../../arm-none-eabi/lib/thumb/v7e-m\libc.a(lib_a-iprintf.o)
 .debug_frame   0x000019d4       0x34 c:/program files (x86)/atmel/studio/7.0/toolchain/arm/arm-gnu-toolchain/bin/../lib/gcc/arm-none-eabi/6.2.1/../../../../arm-none-eabi/lib/thumb/v7e-m\libc.a(lib_a-memset.o)
 .debug_frame   0x00001a08       0x48 c:/program files (x86)/atmel/studio/7.0/toolchain/arm/arm-gnu-toolchain/bin/../lib/gcc/arm-none-eabi/6.2.1/../../../../arm-none-eabi/lib/thumb/v7e-m\libc.a(lib_a-puts.o)
 .debug_frame   0x00001a50       0x20 c:/program files (x86)/atmel/studio/7.0/toolchain/arm/arm-gnu-toolchain/bin/../lib/gcc/arm-none-eabi/6.2.1/../../../../arm-none-eabi/lib/thumb/v7e-m\libc.a(lib_a-setbuf.o)
 .debug_frame   0x00001a70       0x50 c:/program files (x86)/atmel/studio/7.0/toolchain/arm/arm-gnu-toolchain/bin/../lib/gcc/arm-none-eabi/6.2.1/../../../../arm-none-eabi/lib/thumb/v7e-m\libc.a(lib_a-setvbuf.o)
 .debug_frame   0x00001ac0       0xc4 c:/program files (x86)/atmel/studio/7.0/toolchain/arm/arm-gnu-toolchain/bin/../lib/gcc/arm-none-eabi/6.2.1/../../../../arm-none-eabi/lib/thumb/v7e-m\libc.a(lib_a-vfiprintf.o)
 .debug_frame   0x00001b84       0x2c c:/program files (x86)/atmel/studio/7.0/toolchain/arm/arm-gnu-toolchain/bin/../lib/gcc/arm-none-eabi/6.2.1/../../../../arm-none-eabi/lib/thumb/v7e-m\libc.a(lib_a-wsetup.o)
 .debug_frame   0x00001bb0       0x50 c:/program files (x86)/atmel/studio/7.0/toolchain/arm/arm-gnu-toolchain/bin/../lib/gcc/arm-none-eabi/6.2.1/../../../../arm-none-eabi/lib/thumb/v7e-m\libc.a(lib_a-__call_atexit.o)
 .debug_frame   0x00001c00       0x20 c:/program files (x86)/atmel/studio/7.0/toolchain/arm/arm-gnu-toolchain/bin/../lib/gcc/arm-none-eabi/6.2.1/../../../../arm-none-eabi/lib/thumb/v7e-m\libc.a(lib_a-atexit.o)
 .debug_frame   0x00001c20       0x6c c:/program files (x86)/atmel/studio/7.0/toolchain/arm/arm-gnu-toolchain/bin/../lib/gcc/arm-none-eabi/6.2.1/../../../../arm-none-eabi/lib/thumb/v7e-m\libc.a(lib_a-fflush.o)
 .debug_frame   0x00001c8c      0x124 c:/program files (x86)/atmel/studio/7.0/toolchain/arm/arm-gnu-toolchain/bin/../lib/gcc/arm-none-eabi/6.2.1/../../../../arm-none-eabi/lib/thumb/v7e-m\libc.a(lib_a-findfp.o)
 .debug_frame   0x00001db0       0x34 c:/program files (x86)/atmel/studio/7.0/toolchain/arm/arm-gnu-toolchain/bin/../lib/gcc/arm-none-eabi/6.2.1/../../../../arm-none-eabi/lib/thumb/v7e-m\libc.a(lib_a-fini.o)
 .debug_frame   0x00001de4       0x8c c:/program files (x86)/atmel/studio/7.0/toolchain/arm/arm-gnu-toolchain/bin/../lib/gcc/arm-none-eabi/6.2.1/../../../../arm-none-eabi/lib/thumb/v7e-m\libc.a(lib_a-fputwc.o)
 .debug_frame   0x00001e70       0x74 c:/program files (x86)/atmel/studio/7.0/toolchain/arm/arm-gnu-toolchain/bin/../lib/gcc/arm-none-eabi/6.2.1/../../../../arm-none-eabi/lib/thumb/v7e-m\libc.a(lib_a-freer.o)
 .debug_frame   0x00001ee4       0x68 c:/program files (x86)/atmel/studio/7.0/toolchain/arm/arm-gnu-toolchain/bin/../lib/gcc/arm-none-eabi/6.2.1/../../../../arm-none-eabi/lib/thumb/v7e-m\libc.a(lib_a-fvwrite.o)
 .debug_frame   0x00001f4c       0x54 c:/program files (x86)/atmel/studio/7.0/toolchain/arm/arm-gnu-toolchain/bin/../lib/gcc/arm-none-eabi/6.2.1/../../../../arm-none-eabi/lib/thumb/v7e-m\libc.a(lib_a-fwalk.o)
 .debug_frame   0x00001fa0       0x6c c:/program files (x86)/atmel/studio/7.0/toolchain/arm/arm-gnu-toolchain/bin/../lib/gcc/arm-none-eabi/6.2.1/../../../../arm-none-eabi/lib/thumb/v7e-m\libc.a(lib_a-locale.o)
 .debug_frame   0x0000200c       0x68 c:/program files (x86)/atmel/studio/7.0/toolchain/arm/arm-gnu-toolchain/bin/../lib/gcc/arm-none-eabi/6.2.1/../../../../arm-none-eabi/lib/thumb/v7e-m\libc.a(lib_a-makebuf.o)
 .debug_frame   0x00002074       0x30 c:/program files (x86)/atmel/studio/7.0/toolchain/arm/arm-gnu-toolchain/bin/../lib/gcc/arm-none-eabi/6.2.1/../../../../arm-none-eabi/lib/thumb/v7e-m\libc.a(lib_a-malloc.o)
 .debug_frame   0x000020a4       0x58 c:/program files (x86)/atmel/studio/7.0/toolchain/arm/arm-gnu-toolchain/bin/../lib/gcc/arm-none-eabi/6.2.1/../../../../arm-none-eabi/lib/thumb/v7e-m\libc.a(lib_a-mallocr.o)
 .debug_frame   0x000020fc       0x4c c:/program files (x86)/atmel/studio/7.0/toolchain/arm/arm-gnu-toolchain/bin/../lib/gcc/arm-none-eabi/6.2.1/../../../../arm-none-eabi/lib/thumb/v7e-m\libc.a(lib_a-mbtowc_r.o)
 .debug_frame   0x00002148       0x30 c:/program files (x86)/atmel/studio/7.0/toolchain/arm/arm-gnu-toolchain/bin/../lib/gcc/arm-none-eabi/6.2.1/../../../../arm-none-eabi/lib/thumb/v7e-m\libc.a(lib_a-memmove.o)
 .debug_frame   0x00002178       0x30 c:/program files (x86)/atmel/studio/7.0/toolchain/arm/arm-gnu-toolchain/bin/../lib/gcc/arm-none-eabi/6.2.1/../../../../arm-none-eabi/lib/thumb/v7e-m\libc.a(lib_a-mlock.o)
 .debug_frame   0x000021a8       0x68 c:/program files (x86)/atmel/studio/7.0/toolchain/arm/arm-gnu-toolchain/bin/../lib/gcc/arm-none-eabi/6.2.1/../../../../arm-none-eabi/lib/thumb/v7e-m\libc.a(lib_a-reallocr.o)
 .debug_frame   0x00002210       0x2c c:/program files (x86)/atmel/studio/7.0/toolchain/arm/arm-gnu-toolchain/bin/../lib/gcc/arm-none-eabi/6.2.1/../../../../arm-none-eabi/lib/thumb/v7e-m\libc.a(lib_a-sbrkr.o)
 .debug_frame   0x0000223c       0x88 c:/program files (x86)/atmel/studio/7.0/toolchain/arm/arm-gnu-toolchain/bin/../lib/gcc/arm-none-eabi/6.2.1/../../../../arm-none-eabi/lib/thumb/v7e-m\libc.a(lib_a-stdio.o)
 .debug_frame   0x000022c4       0x40 c:/program files (x86)/atmel/studio/7.0/toolchain/arm/arm-gnu-toolchain/bin/../lib/gcc/arm-none-eabi/6.2.1/../../../../arm-none-eabi/lib/thumb/v7e-m\libc.a(lib_a-wbuf.o)
 .debug_frame   0x00002304       0x5c c:/program files (x86)/atmel/studio/7.0/toolchain/arm/arm-gnu-toolchain/bin/../lib/gcc/arm-none-eabi/6.2.1/../../../../arm-none-eabi/lib/thumb/v7e-m\libc.a(lib_a-wcrtomb.o)
 .debug_frame   0x00002360       0x3c c:/program files (x86)/atmel/studio/7.0/toolchain/arm/arm-gnu-toolchain/bin/../lib/gcc/arm-none-eabi/6.2.1/../../../../arm-none-eabi/lib/thumb/v7e-m\libc.a(lib_a-wctomb_r.o)
 .debug_frame   0x0000239c       0x2c c:/program files (x86)/atmel/studio/7.0/toolchain/arm/arm-gnu-toolchain/bin/../lib/gcc/arm-none-eabi/6.2.1/../../../../arm-none-eabi/lib/thumb/v7e-m\libc.a(lib_a-writer.o)
 .debug_frame   0x000023c8       0x34 c:/program files (x86)/atmel/studio/7.0/toolchain/arm/arm-gnu-toolchain/bin/../lib/gcc/arm-none-eabi/6.2.1/../../../../arm-none-eabi/lib/thumb/v7e-m\libc.a(lib_a-__atexit.o)
 .debug_frame   0x000023fc       0x2c c:/program files (x86)/atmel/studio/7.0/toolchain/arm/arm-gnu-toolchain/bin/../lib/gcc/arm-none-eabi/6.2.1/../../../../arm-none-eabi/lib/thumb/v7e-m\libc.a(lib_a-closer.o)
 .debug_frame   0x00002428       0x3c c:/program files (x86)/atmel/studio/7.0/toolchain/arm/arm-gnu-toolchain/bin/../lib/gcc/arm-none-eabi/6.2.1/../../../../arm-none-eabi/lib/thumb/v7e-m\libc.a(lib_a-fclose.o)
 .debug_frame   0x00002464       0x2c c:/program files (x86)/atmel/studio/7.0/toolchain/arm/arm-gnu-toolchain/bin/../lib/gcc/arm-none-eabi/6.2.1/../../../../arm-none-eabi/lib/thumb/v7e-m\libc.a(lib_a-fstatr.o)
 .debug_frame   0x00002490       0x2c c:/program files (x86)/atmel/studio/7.0/toolchain/arm/arm-gnu-toolchain/bin/../lib/gcc/arm-none-eabi/6.2.1/../../../../arm-none-eabi/lib/thumb/v7e-m\libc.a(lib_a-isattyr.o)
 .debug_frame   0x000024bc       0x2c c:/program files (x86)/atmel/studio/7.0/toolchain/arm/arm-gnu-toolchain/bin/../lib/gcc/arm-none-eabi/6.2.1/../../../../arm-none-eabi/lib/thumb/v7e-m\libc.a(lib_a-lseekr.o)
 .debug_frame   0x000024e8       0x2c c:/program files (x86)/atmel/studio/7.0/toolchain/arm/arm-gnu-toolchain/bin/../lib/gcc/arm-none-eabi/6.2.1/../../../../arm-none-eabi/lib/thumb/v7e-m\libc.a(lib_a-readr.o)
 .debug_frame   0x00002514       0x58 c:/program files (x86)/atmel/studio/7.0/toolchain/arm/arm-gnu-toolchain/bin/../lib/gcc/arm-none-eabi/6.2.1/../../../../arm-none-eabi/lib/thumb/v7e-m\libc.a(lib_a-reent.o)
 .debug_frame   0x0000256c       0x2c c:/program files (x86)/atmel/studio/7.0/toolchain/arm/arm-gnu-toolchain/bin/../lib/gcc/arm-none-eabi/6.2.1/thumb/v7e-m\libgcc.a(_aeabi_uldivmod.o)
 .debug_frame   0x00002598       0x34 c:/program files (x86)/atmel/studio/7.0/toolchain/arm/arm-gnu-toolchain/bin/../lib/gcc/arm-none-eabi/6.2.1/thumb/v7e-m\libgcc.a(_udivmoddi4.o)

Cross Reference Table

Symbol                                            File
ACC_Handler                                       src/ASF/sam/utils/cmsis/same70/source/templates/gcc/startup_same70.o
AES_Handler                                       src/ASF/sam/utils/cmsis/same70/source/templates/gcc/startup_same70.o
AFEC0_Handler                                     src/ASF/sam/drivers/afec/afec.o
AFEC1_Handler                                     src/ASF/sam/drivers/afec/afec.o
BusFault_Handler                                  src/ASF/sam/utils/cmsis/same70/source/templates/gcc/startup_same70.o
DACC_Handler                                      src/ASF/sam/utils/cmsis/same70/source/templates/gcc/startup_same70.o
DebugMon_Handler                                  src/ASF/sam/utils/cmsis/same70/source/templates/gcc/startup_same70.o
Dummy_Handler                                     src/ASF/sam/utils/cmsis/same70/source/templates/gcc/startup_same70.o
EFC_Handler                                       src/ASF/sam/utils/cmsis/same70/source/templates/gcc/startup_same70.o
GMAC_Handler                                      src/ASF/sam/utils/cmsis/same70/source/templates/gcc/startup_same70.o
HSMCI_Handler                                     src/ASF/sam/utils/cmsis/same70/source/templates/gcc/startup_same70.o
HardFault_Handler                                 src/ASF/sam/utils/cmsis/same70/source/templates/gcc/startup_same70.o
ICM_Handler                                       src/ASF/sam/utils/cmsis/same70/source/templates/gcc/startup_same70.o
ISI_Handler                                       src/ASF/sam/utils/cmsis/same70/source/templates/gcc/startup_same70.o
MCAN0_Handler                                     src/ASF/sam/utils/cmsis/same70/source/templates/gcc/startup_same70.o
MCAN1_Handler                                     src/ASF/sam/utils/cmsis/same70/source/templates/gcc/startup_same70.o
MemManage_Handler                                 src/ASF/sam/utils/cmsis/same70/source/templates/gcc/startup_same70.o
NMI_Handler                                       src/ASF/sam/utils/cmsis/same70/source/templates/gcc/startup_same70.o
PIOA_Handler                                      src/ASF/sam/drivers/pio/pio_handler.o
PIOB_Handler                                      src/ASF/sam/drivers/pio/pio_handler.o
PIOC_Handler                                      src/ASF/sam/drivers/pio/pio_handler.o
PIOD_Handler                                      src/ASF/sam/drivers/pio/pio_handler.o
PIOE_Handler                                      src/ASF/sam/drivers/pio/pio_handler.o
PMC_Handler                                       src/ASF/sam/utils/cmsis/same70/source/templates/gcc/startup_same70.o
PWM0_Handler                                      src/ASF/sam/utils/cmsis/same70/source/templates/gcc/startup_same70.o
PWM1_Handler                                      src/ASF/sam/utils/cmsis/same70/source/templates/gcc/startup_same70.o
PendSV_Handler                                    src/ASF/sam/utils/cmsis/same70/source/templates/gcc/startup_same70.o